==========================================
[env] 开始创建虚拟环境: autogluon-mitra-classifier
==========================================
[env] PyPI 镜像源: https://pypi.mirrors.ustc.edu.cn/simple
[env] 虚拟环境已存在，跳过创建。如需重建请先删除 venv/
Looking in indexes: https://pypi.mirrors.ustc.edu.cn/simple
Requirement already satisfied: pip in ./venv/lib/python3.10/site-packages (26.2.1)
[env] 安装 requirements.txt 模型特有依赖
Looking in indexes: https://pypi.mirrors.ustc.edu.cn/simple
Requirement already satisfied: autogluon in ./venv/lib/python3.10/site-packages (from -r requirements.txt (line 4)) (1.6.1)
Requirement already satisfied: autogluon.core==1.6.1 in ./venv/lib/python3.10/site-packages (from autogluon.core[all]==1.6.1->autogluon->-r requirements.txt (line 4)) (1.6.1)
Requirement already satisfied: autogluon.features==1.6.1 in ./venv/lib/python3.10/site-packages (from autogluon->-r requirements.txt (line 4)) (1.6.1)
Requirement already satisfied: autogluon.tabular==1.6.1 in ./venv/lib/python3.10/site-packages (from autogluon.tabular[all]==1.6.1->autogluon->-r requirements.txt (line 4)) (1.6.1)
Requirement already satisfied: autogluon.multimodal==1.6.1 in ./venv/lib/python3.10/site-packages (from autogluon->-r requirements.txt (line 4)) (1.6.1)
Requirement already satisfied: autogluon.timeseries==1.6.1 in ./venv/lib/python3.10/site-packages (from autogluon.timeseries[all]==1.6.1->autogluon->-r requirements.txt (line 4)) (1.6.1)
Requirement already satisfied: numpy<2.6.0,>=1.25.0 in ./venv/lib/python3.10/site-packages (from autogluon.core==1.6.1->autogluon.core[all]==1.6.1->autogluon->-r requirements.txt (line 4)) (2.2.6)
Requirement already satisfied: scipy<1.19,>=1.5.4 in ./venv/lib/python3.10/site-packages (from autogluon.core==1.6.1->autogluon.core[all]==1.6.1->autogluon->-r requirements.txt (line 4)) (1.15.3)
Requirement already satisfied: scikit-learn<1.10.0,>=1.4.0 in ./venv/lib/python3.10/site-packages (from autogluon.core==1.6.1->autogluon.core[all]==1.6.1->autogluon->-r requirements.txt (line 4)) (1.7.2)
Requirement already satisfied: networkx<4,>=3.0 in ./venv/lib/python3.10/site-packages (from autogluon.core==1.6.1->autogluon.core[all]==1.6.1->autogluon->-r requirements.txt (line 4)) (3.4.2)
Requirement already satisfied: pandas<2.4.0,>=2.0.0 in ./venv/lib/python3.10/site-packages (from autogluon.core==1.6.1->autogluon.core[all]==1.6.1->autogluon->-r requirements.txt (line 4)) (2.3.3)
Requirement already satisfied: tqdm<5,>=4.38 in ./venv/lib/python3.10/site-packages (from autogluon.core==1.6.1->autogluon.core[all]==1.6.1->autogluon->-r requirements.txt (line 4)) (4.70.0)
Requirement already satisfied: requests in ./venv/lib/python3.10/site-packages (from autogluon.core==1.6.1->autogluon.core[all]==1.6.1->autogluon->-r requirements.txt (line 4)) (2.34.2)
Requirement already satisfied: matplotlib<3.12,>=3.7.0 in ./venv/lib/python3.10/site-packages (from autogluon.core==1.6.1->autogluon.core[all]==1.6.1->autogluon->-r requirements.txt (line 4)) (3.10.9)
Requirement already satisfied: boto3<2,>=1.10 in ./venv/lib/python3.10/site-packages (from autogluon.core==1.6.1->autogluon.core[all]==1.6.1->autogluon->-r requirements.txt (line 4)) (1.43.71)
Requirement already satisfied: typing-extensions<5,>=4.14.0 in ./venv/lib/python3.10/site-packages (from autogluon.core==1.6.1->autogluon.core[all]==1.6.1->autogluon->-r requirements.txt (line 4)) (4.16.0)
Requirement already satisfied: autogluon.common==1.6.1 in ./venv/lib/python3.10/site-packages (from autogluon.core==1.6.1->autogluon.core[all]==1.6.1->autogluon->-r requirements.txt (line 4)) (1.6.1)
Requirement already satisfied: pyarrow<25.0.0,>=23.0.1 in ./venv/lib/python3.10/site-packages (from autogluon.common==1.6.1->autogluon.core==1.6.1->autogluon.core[all]==1.6.1->autogluon->-r requirements.txt (line 4)) (24.0.0)
Requirement already satisfied: psutil<7.3.0,>=5.7.3 in ./venv/lib/python3.10/site-packages (from autogluon.common==1.6.1->autogluon.core==1.6.1->autogluon.core[all]==1.6.1->autogluon->-r requirements.txt (line 4)) (7.2.2)
Requirement already satisfied: joblib<1.7,>=1.2 in ./venv/lib/python3.10/site-packages (from autogluon.common==1.6.1->autogluon.core==1.6.1->autogluon.core[all]==1.6.1->autogluon->-r requirements.txt (line 4)) (1.5.3)
Requirement already satisfied: pyyaml>=5.4 in ./venv/lib/python3.10/site-packages (from autogluon.common==1.6.1->autogluon.core==1.6.1->autogluon.core[all]==1.6.1->autogluon->-r requirements.txt (line 4)) (6.0.3)
Requirement already satisfied: packaging>=20 in ./venv/lib/python3.10/site-packages (from autogluon.common==1.6.1->autogluon.core==1.6.1->autogluon.core[all]==1.6.1->autogluon->-r requirements.txt (line 4)) (26.3)
Requirement already satisfied: stevedore<5.5 in ./venv/lib/python3.10/site-packages (from autogluon.core[all]==1.6.1->autogluon->-r requirements.txt (line 4)) (5.4.1)
Requirement already satisfied: setuptools<82 in ./venv/lib/python3.10/site-packages (from autogluon.core[all]==1.6.1->autogluon->-r requirements.txt (line 4)) (81.0.0)
Requirement already satisfied: ray<2.57,>=2.55.0 in ./venv/lib/python3.10/site-packages (from ray[default,tune]<2.57,>=2.55.0; (platform_system != "Windows" or python_version != "3.13") and extra == "all"->autogluon.core[all]==1.6.1->autogluon->-r requirements.txt (line 4)) (2.56.1)
Requirement already satisfied: hyperopt<0.2.8,>=0.2.7 in ./venv/lib/python3.10/site-packages (from autogluon.core[all]==1.6.1->autogluon->-r requirements.txt (line 4)) (0.2.7)
Requirement already satisfied: Pillow<13,>=10.0.1 in ./venv/lib/python3.10/site-packages (from autogluon.multimodal==1.6.1->autogluon->-r requirements.txt (line 4)) (12.3.0)
Requirement already satisfied: torch<2.14,>=2.10 in ./venv/lib/python3.10/site-packages (from autogluon.multimodal==1.6.1->autogluon->-r requirements.txt (line 4)) (2.13.0)
Requirement already satisfied: lightning<2.7,>=2.5.1 in ./venv/lib/python3.10/site-packages (from autogluon.multimodal==1.6.1->autogluon->-r requirements.txt (line 4)) (2.6.5)
Requirement already satisfied: transformers<5.15,>=5.3 in ./venv/lib/python3.10/site-packages (from transformers[sentencepiece]<5.15,>=5.3->autogluon.multimodal==1.6.1->autogluon->-r requirements.txt (line 4)) (5.14.1)
Requirement already satisfied: accelerate<2.0,>=1.1.0 in ./venv/lib/python3.10/site-packages (from autogluon.multimodal==1.6.1->autogluon->-r requirements.txt (line 4)) (1.14.0)
Requirement already satisfied: fsspec<=2025.3 in ./venv/lib/python3.10/site-packages (from fsspec[http]<=2025.3->autogluon.multimodal==1.6.1->autogluon->-r requirements.txt (line 4)) (2025.3.0)
Requirement already satisfied: jsonschema<4.24,>=4.18 in ./venv/lib/python3.10/site-packages (from autogluon.multimodal==1.6.1->autogluon->-r requirements.txt (line 4)) (4.23.0)
Requirement already satisfied: seqeval<1.3.0,>=1.2.2 in ./venv/lib/python3.10/site-packages (from autogluon.multimodal==1.6.1->autogluon->-r requirements.txt (line 4)) (1.2.2)
Requirement already satisfied: evaluate<0.5.0,>=0.4.0 in ./venv/lib/python3.10/site-packages (from autogluon.multimodal==1.6.1->autogluon->-r requirements.txt (line 4)) (0.4.6)
Requirement already satisfied: timm<1.0.7,>=0.9.5 in ./venv/lib/python3.10/site-packages (from autogluon.multimodal==1.6.1->autogluon->-r requirements.txt (line 4)) (1.0.3)
Requirement already satisfied: torchvision<0.29.0,>=0.21.0 in ./venv/lib/python3.10/site-packages (from autogluon.multimodal==1.6.1->autogluon->-r requirements.txt (line 4)) (0.28.0)
Requirement already satisfied: scikit-image<0.26.0,>=0.19.1 in ./venv/lib/python3.10/site-packages (from autogluon.multimodal==1.6.1->autogluon->-r requirements.txt (line 4)) (0.25.2)
Requirement already satisfied: text-unidecode<1.4,>=1.3 in ./venv/lib/python3.10/site-packages (from autogluon.multimodal==1.6.1->autogluon->-r requirements.txt (line 4)) (1.3)
Requirement already satisfied: torchmetrics<1.8,>=1.2.0 in ./venv/lib/python3.10/site-packages (from autogluon.multimodal==1.6.1->autogluon->-r requirements.txt (line 4)) (1.7.4)
Requirement already satisfied: omegaconf<2.4.0,>=2.1.1 in ./venv/lib/python3.10/site-packages (from autogluon.multimodal==1.6.1->autogluon->-r requirements.txt (line 4)) (2.3.1)
Requirement already satisfied: pytorch-metric-learning<2.9,>=1.3.0 in ./venv/lib/python3.10/site-packages (from autogluon.multimodal==1.6.1->autogluon->-r requirements.txt (line 4)) (2.8.1)
Requirement already satisfied: nlpaug<1.2.0,>=1.1.10 in ./venv/lib/python3.10/site-packages (from autogluon.multimodal==1.6.1->autogluon->-r requirements.txt (line 4)) (1.1.11)
Requirement already satisfied: nltk<3.11,>=3.10 in ./venv/lib/python3.10/site-packages (from autogluon.multimodal==1.6.1->autogluon->-r requirements.txt (line 4)) (3.10.3)
Requirement already satisfied: openmim<0.4.0,>=0.3.7 in ./venv/lib/python3.10/site-packages (from autogluon.multimodal==1.6.1->autogluon->-r requirements.txt (line 4)) (0.3.9)
Requirement already satisfied: defusedxml<0.7.2,>=0.7.1 in ./venv/lib/python3.10/site-packages (from autogluon.multimodal==1.6.1->autogluon->-r requirements.txt (line 4)) (0.7.1)
Requirement already satisfied: jinja2<3.2,>=3.0.3 in ./venv/lib/python3.10/site-packages (from autogluon.multimodal==1.6.1->autogluon->-r requirements.txt (line 4)) (3.1.6)
Requirement already satisfied: tensorboard<3,>=2.9 in ./venv/lib/python3.10/site-packages (from autogluon.multimodal==1.6.1->autogluon->-r requirements.txt (line 4)) (2.21.0)
Requirement already satisfied: pytesseract<0.4,>=0.3.9 in ./venv/lib/python3.10/site-packages (from autogluon.multimodal==1.6.1->autogluon->-r requirements.txt (line 4)) (0.3.13)
Requirement already satisfied: nvidia-ml-py3<8.0,>=7.352.0 in ./venv/lib/python3.10/site-packages (from autogluon.multimodal==1.6.1->autogluon->-r requirements.txt (line 4)) (7.352.0)
Requirement already satisfied: pdf2image<1.19,>=1.17.0 in ./venv/lib/python3.10/site-packages (from autogluon.multimodal==1.6.1->autogluon->-r requirements.txt (line 4)) (1.17.0)
Requirement already satisfied: loguru in ./venv/lib/python3.10/site-packages (from autogluon.tabular[all]==1.6.1->autogluon->-r requirements.txt (line 4)) (0.7.3)
Requirement already satisfied: spacy<3.9 in ./venv/lib/python3.10/site-packages (from autogluon.tabular[all]==1.6.1->autogluon->-r requirements.txt (line 4)) (3.8.15)
Requirement already satisfied: einx in ./venv/lib/python3.10/site-packages (from autogluon.tabular[all]==1.6.1->autogluon->-r requirements.txt (line 4)) (0.4.3)
Requirement already satisfied: xgboost-cpu<3.4,>=2.1.1 in ./venv/lib/python3.10/site-packages (from autogluon.tabular[all]==1.6.1->autogluon->-r requirements.txt (line 4)) (3.2.0)
Requirement already satisfied: fastai<2.8.8,>=2.3.1 in ./venv/lib/python3.10/site-packages (from autogluon.tabular[all]==1.6.1->autogluon->-r requirements.txt (line 4)) (2.8.7)
Requirement already satisfied: fastcore<2 in ./venv/lib/python3.10/site-packages (from autogluon.tabular[all]==1.6.1->autogluon->-r requirements.txt (line 4)) (1.14.5)
Requirement already satisfied: catboost<1.3,>=1.2 in ./venv/lib/python3.10/site-packages (from autogluon.tabular[all]==1.6.1->autogluon->-r requirements.txt (line 4)) (1.2.10)
Requirement already satisfied: huggingface_hub<2.0,>=1.3 in ./venv/lib/python3.10/site-packages (from huggingface_hub[torch]<2.0,>=1.3; extra == "all"->autogluon.tabular[all]==1.6.1->autogluon->-r requirements.txt (line 4)) (1.27.0)
Requirement already satisfied: einops<0.9,>=0.7 in ./venv/lib/python3.10/site-packages (from autogluon.tabular[all]==1.6.1->autogluon->-r requirements.txt (line 4)) (0.8.2)
Requirement already satisfied: lightgbm<4.8,>=4.0 in ./venv/lib/python3.10/site-packages (from autogluon.tabular[all]==1.6.1->autogluon->-r requirements.txt (line 4)) (4.7.0)
Requirement already satisfied: safetensors<1,>=0.4 in ./venv/lib/python3.10/site-packages (from autogluon.timeseries==1.6.1->autogluon.timeseries[all]==1.6.1->autogluon->-r requirements.txt (line 4)) (0.8.0)
Requirement already satisfied: gluonts<0.18.0,>=0.17.0 in ./venv/lib/python3.10/site-packages (from autogluon.timeseries==1.6.1->autogluon.timeseries[all]==1.6.1->autogluon->-r requirements.txt (line 4)) (0.17.0)
Requirement already satisfied: statsforecast<2.1.2,>=1.7.0 in ./venv/lib/python3.10/site-packages (from autogluon.timeseries==1.6.1->autogluon.timeseries[all]==1.6.1->autogluon->-r requirements.txt (line 4)) (2.0.3)
Requirement already satisfied: mlforecast<0.15.0,>=0.14.0 in ./venv/lib/python3.10/site-packages (from autogluon.timeseries==1.6.1->autogluon.timeseries[all]==1.6.1->autogluon->-r requirements.txt (line 4)) (0.14.0)
Requirement already satisfied: utilsforecast<0.2.12,>=0.2.3 in ./venv/lib/python3.10/site-packages (from autogluon.timeseries==1.6.1->autogluon.timeseries[all]==1.6.1->autogluon->-r requirements.txt (line 4)) (0.2.11)
Requirement already satisfied: coreforecast<0.0.17,>=0.0.12 in ./venv/lib/python3.10/site-packages (from autogluon.timeseries==1.6.1->autogluon.timeseries[all]==1.6.1->autogluon->-r requirements.txt (line 4)) (0.0.16)
Requirement already satisfied: fugue>=0.9.0 in ./venv/lib/python3.10/site-packages (from autogluon.timeseries==1.6.1->autogluon.timeseries[all]==1.6.1->autogluon->-r requirements.txt (line 4)) (0.9.7)
Requirement already satisfied: orjson~=3.9 in ./venv/lib/python3.10/site-packages (from autogluon.timeseries==1.6.1->autogluon.timeseries[all]==1.6.1->autogluon->-r requirements.txt (line 4)) (3.11.9)
Requirement already satisfied: chronos-forecasting<2.4,>=2.3.1 in ./venv/lib/python3.10/site-packages (from autogluon.timeseries==1.6.1->autogluon.timeseries[all]==1.6.1->autogluon->-r requirements.txt (line 4)) (2.3.1)
Requirement already satisfied: peft<0.20,>=0.18.1 in ./venv/lib/python3.10/site-packages (from autogluon.timeseries==1.6.1->autogluon.timeseries[all]==1.6.1->autogluon->-r requirements.txt (line 4)) (0.19.1)
Requirement already satisfied: botocore<1.44.0,>=1.43.71 in ./venv/lib/python3.10/site-packages (from boto3<2,>=1.10->autogluon.core==1.6.1->autogluon.core[all]==1.6.1->autogluon->-r requirements.txt (line 4)) (1.43.71)
Requirement already satisfied: jmespath<2.0.0,>=0.7.1 in ./venv/lib/python3.10/site-packages (from boto3<2,>=1.10->autogluon.core==1.6.1->autogluon.core[all]==1.6.1->autogluon->-r requirements.txt (line 4)) (1.1.0)
Requirement already satisfied: s3transfer<0.20.0,>=0.19.0 in ./venv/lib/python3.10/site-packages (from boto3<2,>=1.10->autogluon.core==1.6.1->autogluon.core[all]==1.6.1->autogluon->-r requirements.txt (line 4)) (0.19.2)
Requirement already satisfied: python-dateutil<3.0.0,>=2.1 in ./venv/lib/python3.10/site-packages (from botocore<1.44.0,>=1.43.71->boto3<2,>=1.10->autogluon.core==1.6.1->autogluon.core[all]==1.6.1->autogluon->-r requirements.txt (line 4)) (2.9.0.post0)
Requirement already satisfied: urllib3!=2.2.0,<3,>=1.25.4 in ./venv/lib/python3.10/site-packages (from botocore<1.44.0,>=1.43.71->boto3<2,>=1.10->autogluon.core==1.6.1->autogluon.core[all]==1.6.1->autogluon->-r requirements.txt (line 4)) (2.7.0)
Requirement already satisfied: graphviz in ./venv/lib/python3.10/site-packages (from catboost<1.3,>=1.2->autogluon.tabular[all]==1.6.1->autogluon->-r requirements.txt (line 4)) (0.21)
Requirement already satisfied: plotly in ./venv/lib/python3.10/site-packages (from catboost<1.3,>=1.2->autogluon.tabular[all]==1.6.1->autogluon->-r requirements.txt (line 4)) (6.9.0)
Requirement already satisfied: six in ./venv/lib/python3.10/site-packages (from catboost<1.3,>=1.2->autogluon.tabular[all]==1.6.1->autogluon->-r requirements.txt (line 4)) (1.17.0)
Requirement already satisfied: datasets>=2.0.0 in ./venv/lib/python3.10/site-packages (from evaluate<0.5.0,>=0.4.0->autogluon.multimodal==1.6.1->autogluon->-r requirements.txt (line 4)) (5.0.1)
Requirement already satisfied: dill in ./venv/lib/python3.10/site-packages (from evaluate<0.5.0,>=0.4.0->autogluon.multimodal==1.6.1->autogluon->-r requirements.txt (line 4)) (0.4.1)
Requirement already satisfied: xxhash in ./venv/lib/python3.10/site-packages (from evaluate<0.5.0,>=0.4.0->autogluon.multimodal==1.6.1->autogluon->-r requirements.txt (line 4)) (4.0.0)
Requirement already satisfied: multiprocess in ./venv/lib/python3.10/site-packages (from evaluate<0.5.0,>=0.4.0->autogluon.multimodal==1.6.1->autogluon->-r requirements.txt (line 4)) (0.70.19)
Requirement already satisfied: fastdownload<2,>=0.0.5 in ./venv/lib/python3.10/site-packages (from fastai<2.8.8,>=2.3.1->autogluon.tabular[all]==1.6.1->autogluon->-r requirements.txt (line 4)) (0.0.7)
Requirement already satisfied: fasttransform>=0.0.2 in ./venv/lib/python3.10/site-packages (from fastai<2.8.8,>=2.3.1->autogluon.tabular[all]==1.6.1->autogluon->-r requirements.txt (line 4)) (0.0.2)
Requirement already satisfied: fastprogress>=0.2.4 in ./venv/lib/python3.10/site-packages (from fastai<2.8.8,>=2.3.1->autogluon.tabular[all]==1.6.1->autogluon->-r requirements.txt (line 4)) (1.1.6)
Requirement already satisfied: plum-dispatch in ./venv/lib/python3.10/site-packages (from fastai<2.8.8,>=2.3.1->autogluon.tabular[all]==1.6.1->autogluon->-r requirements.txt (line 4)) (2.9.0)
Requirement already satisfied: cloudpickle in ./venv/lib/python3.10/site-packages (from fastai<2.8.8,>=2.3.1->autogluon.tabular[all]==1.6.1->autogluon->-r requirements.txt (line 4)) (3.1.2)
Requirement already satisfied: aiohttp!=4.0.0a0,!=4.0.0a1 in ./venv/lib/python3.10/site-packages (from fsspec[http]<=2025.3->autogluon.multimodal==1.6.1->autogluon->-r requirements.txt (line 4)) (3.14.3)
Requirement already satisfied: pydantic<3,>=1.7 in ./venv/lib/python3.10/site-packages (from gluonts<0.18.0,>=0.17.0->autogluon.timeseries==1.6.1->autogluon.timeseries[all]==1.6.1->autogluon->-r requirements.txt (line 4)) (2.13.4)
Requirement already satisfied: toolz~=0.10 in ./venv/lib/python3.10/site-packages (from gluonts<0.18.0,>=0.17.0->autogluon.timeseries==1.6.1->autogluon.timeseries[all]==1.6.1->autogluon->-r requirements.txt (line 4)) (0.12.1)
Requirement already satisfied: click<9.0.0,>=8.4.2 in ./venv/lib/python3.10/site-packages (from huggingface_hub<2.0,>=1.3->huggingface_hub[torch]<2.0,>=1.3; extra == "all"->autogluon.tabular[all]==1.6.1->autogluon->-r requirements.txt (line 4)) (8.4.2)
Requirement already satisfied: filelock>=3.10.0 in ./venv/lib/python3.10/site-packages (from huggingface_hub<2.0,>=1.3->huggingface_hub[torch]<2.0,>=1.3; extra == "all"->autogluon.tabular[all]==1.6.1->autogluon->-r requirements.txt (line 4)) (3.32.3)
Requirement already satisfied: hf-xet<2.0.0,>=1.5.2 in ./venv/lib/python3.10/site-packages (from huggingface_hub<2.0,>=1.3->huggingface_hub[torch]<2.0,>=1.3; extra == "all"->autogluon.tabular[all]==1.6.1->autogluon->-r requirements.txt (line 4)) (1.6.0)
Requirement already satisfied: httpx<1,>=0.23.0 in ./venv/lib/python3.10/site-packages (from huggingface_hub<2.0,>=1.3->huggingface_hub[torch]<2.0,>=1.3; extra == "all"->autogluon.tabular[all]==1.6.1->autogluon->-r requirements.txt (line 4)) (0.28.1)
Requirement already satisfied: anyio in ./venv/lib/python3.10/site-packages (from httpx<1,>=0.23.0->huggingface_hub<2.0,>=1.3->huggingface_hub[torch]<2.0,>=1.3; extra == "all"->autogluon.tabular[all]==1.6.1->autogluon->-r requirements.txt (line 4)) (4.14.2)
Requirement already satisfied: certifi in ./venv/lib/python3.10/site-packages (from httpx<1,>=0.23.0->huggingface_hub<2.0,>=1.3->huggingface_hub[torch]<2.0,>=1.3; extra == "all"->autogluon.tabular[all]==1.6.1->autogluon->-r requirements.txt (line 4)) (2026.7.22)
Requirement already satisfied: httpcore==1.* in ./venv/lib/python3.10/site-packages (from httpx<1,>=0.23.0->huggingface_hub<2.0,>=1.3->huggingface_hub[torch]<2.0,>=1.3; extra == "all"->autogluon.tabular[all]==1.6.1->autogluon->-r requirements.txt (line 4)) (1.0.9)
Requirement already satisfied: idna in ./venv/lib/python3.10/site-packages (from httpx<1,>=0.23.0->huggingface_hub<2.0,>=1.3->huggingface_hub[torch]<2.0,>=1.3; extra == "all"->autogluon.tabular[all]==1.6.1->autogluon->-r requirements.txt (line 4)) (3.18)
Requirement already satisfied: h11>=0.16 in ./venv/lib/python3.10/site-packages (from httpcore==1.*->httpx<1,>=0.23.0->huggingface_hub<2.0,>=1.3->huggingface_hub[torch]<2.0,>=1.3; extra == "all"->autogluon.tabular[all]==1.6.1->autogluon->-r requirements.txt (line 4)) (0.16.0)
Requirement already satisfied: future in ./venv/lib/python3.10/site-packages (from hyperopt<0.2.8,>=0.2.7->autogluon.core[all]==1.6.1->autogluon->-r requirements.txt (line 4)) (1.0.0)
Requirement already satisfied: py4j in ./venv/lib/python3.10/site-packages (from hyperopt<0.2.8,>=0.2.7->autogluon.core[all]==1.6.1->autogluon->-r requirements.txt (line 4)) (0.10.9.9)
Requirement already satisfied: MarkupSafe>=2.0 in ./venv/lib/python3.10/site-packages (from jinja2<3.2,>=3.0.3->autogluon.multimodal==1.6.1->autogluon->-r requirements.txt (line 4)) (3.0.3)
Requirement already satisfied: attrs>=22.2.0 in ./venv/lib/python3.10/site-packages (from jsonschema<4.24,>=4.18->autogluon.multimodal==1.6.1->autogluon->-r requirements.txt (line 4)) (26.1.0)
Requirement already satisfied: jsonschema-specifications>=2023.03.6 in ./venv/lib/python3.10/site-packages (from jsonschema<4.24,>=4.18->autogluon.multimodal==1.6.1->autogluon->-r requirements.txt (line 4)) (2025.9.1)
Requirement already satisfied: referencing>=0.28.4 in ./venv/lib/python3.10/site-packages (from jsonschema<4.24,>=4.18->autogluon.multimodal==1.6.1->autogluon->-r requirements.txt (line 4)) (0.37.0)
Requirement already satisfied: rpds-py>=0.7.1 in ./venv/lib/python3.10/site-packages (from jsonschema<4.24,>=4.18->autogluon.multimodal==1.6.1->autogluon->-r requirements.txt (line 4)) (0.30.0)
Requirement already satisfied: narwhals>=1.15 in ./venv/lib/python3.10/site-packages (from lightgbm<4.8,>=4.0->autogluon.tabular[all]==1.6.1->autogluon->-r requirements.txt (line 4)) (2.24.0)
Requirement already satisfied: lightning-utilities<2.0,>=0.10.0 in ./venv/lib/python3.10/site-packages (from lightning<2.7,>=2.5.1->autogluon.multimodal==1.6.1->autogluon->-r requirements.txt (line 4)) (0.15.3)
Requirement already satisfied: pytorch-lightning in ./venv/lib/python3.10/site-packages (from lightning<2.7,>=2.5.1->autogluon.multimodal==1.6.1->autogluon->-r requirements.txt (line 4)) (2.6.5)
Requirement already satisfied: contourpy>=1.0.1 in ./venv/lib/python3.10/site-packages (from matplotlib<3.12,>=3.7.0->autogluon.core==1.6.1->autogluon.core[all]==1.6.1->autogluon->-r requirements.txt (line 4)) (1.3.2)
Requirement already satisfied: cycler>=0.10 in ./venv/lib/python3.10/site-packages (from matplotlib<3.12,>=3.7.0->autogluon.core==1.6.1->autogluon.core[all]==1.6.1->autogluon->-r requirements.txt (line 4)) (0.12.1)
Requirement already satisfied: fonttools>=4.22.0 in ./venv/lib/python3.10/site-packages (from matplotlib<3.12,>=3.7.0->autogluon.core==1.6.1->autogluon.core[all]==1.6.1->autogluon->-r requirements.txt (line 4)) (4.63.0)
Requirement already satisfied: kiwisolver>=1.3.1 in ./venv/lib/python3.10/site-packages (from matplotlib<3.12,>=3.7.0->autogluon.core==1.6.1->autogluon.core[all]==1.6.1->autogluon->-r requirements.txt (line 4)) (1.5.0)
Requirement already satisfied: pyparsing>=3 in ./venv/lib/python3.10/site-packages (from matplotlib<3.12,>=3.7.0->autogluon.core==1.6.1->autogluon.core[all]==1.6.1->autogluon->-r requirements.txt (line 4)) (3.3.2)
Requirement already satisfied: numba in ./venv/lib/python3.10/site-packages (from mlforecast<0.15.0,>=0.14.0->autogluon.timeseries==1.6.1->autogluon.timeseries[all]==1.6.1->autogluon->-r requirements.txt (line 4)) (0.67.0)
Requirement already satisfied: optuna in ./venv/lib/python3.10/site-packages (from mlforecast<0.15.0,>=0.14.0->autogluon.timeseries==1.6.1->autogluon.timeseries[all]==1.6.1->autogluon->-r requirements.txt (line 4)) (4.9.0)
Requirement already satisfied: window-ops in ./venv/lib/python3.10/site-packages (from mlforecast<0.15.0,>=0.14.0->autogluon.timeseries==1.6.1->autogluon.timeseries[all]==1.6.1->autogluon->-r requirements.txt (line 4)) (0.0.15)
Requirement already satisfied: gdown>=4.0.0 in ./venv/lib/python3.10/site-packages (from nlpaug<1.2.0,>=1.1.10->autogluon.multimodal==1.6.1->autogluon->-r requirements.txt (line 4)) (6.1.0)
Requirement already satisfied: regex>=2021.8.3 in ./venv/lib/python3.10/site-packages (from nltk<3.11,>=3.10->autogluon.multimodal==1.6.1->autogluon->-r requirements.txt (line 4)) (2026.7.19)
Requirement already satisfied: antlr4-python3-runtime==4.9.* in ./venv/lib/python3.10/site-packages (from omegaconf<2.4.0,>=2.1.1->autogluon.multimodal==1.6.1->autogluon->-r requirements.txt (line 4)) (4.9.3)
Requirement already satisfied: colorama in ./venv/lib/python3.10/site-packages (from openmim<0.4.0,>=0.3.7->autogluon.multimodal==1.6.1->autogluon->-r requirements.txt (line 4)) (0.4.6)
Requirement already satisfied: model-index in ./venv/lib/python3.10/site-packages (from openmim<0.4.0,>=0.3.7->autogluon.multimodal==1.6.1->autogluon->-r requirements.txt (line 4)) (0.1.11)
Requirement already satisfied: opendatalab in ./venv/lib/python3.10/site-packages (from openmim<0.4.0,>=0.3.7->autogluon.multimodal==1.6.1->autogluon->-r requirements.txt (line 4)) (0.0.10)
Requirement already satisfied: pip>=19.3 in ./venv/lib/python3.10/site-packages (from openmim<0.4.0,>=0.3.7->autogluon.multimodal==1.6.1->autogluon->-r requirements.txt (line 4)) (26.2.1)
Requirement already satisfied: rich in ./venv/lib/python3.10/site-packages (from openmim<0.4.0,>=0.3.7->autogluon.multimodal==1.6.1->autogluon->-r requirements.txt (line 4)) (15.0.0)
Requirement already satisfied: tabulate in ./venv/lib/python3.10/site-packages (from openmim<0.4.0,>=0.3.7->autogluon.multimodal==1.6.1->autogluon->-r requirements.txt (line 4)) (0.10.0)
Requirement already satisfied: pytz>=2020.1 in ./venv/lib/python3.10/site-packages (from pandas<2.4.0,>=2.0.0->autogluon.core==1.6.1->autogluon.core[all]==1.6.1->autogluon->-r requirements.txt (line 4)) (2026.3.post1)
Requirement already satisfied: tzdata>=2022.7 in ./venv/lib/python3.10/site-packages (from pandas<2.4.0,>=2.0.0->autogluon.core==1.6.1->autogluon.core[all]==1.6.1->autogluon->-r requirements.txt (line 4)) (2026.3)
Requirement already satisfied: annotated-types>=0.6.0 in ./venv/lib/python3.10/site-packages (from pydantic<3,>=1.7->gluonts<0.18.0,>=0.17.0->autogluon.timeseries==1.6.1->autogluon.timeseries[all]==1.6.1->autogluon->-r requirements.txt (line 4)) (0.8.0)
Requirement already satisfied: pydantic-core==2.46.4 in ./venv/lib/python3.10/site-packages (from pydantic<3,>=1.7->gluonts<0.18.0,>=0.17.0->autogluon.timeseries==1.6.1->autogluon.timeseries[all]==1.6.1->autogluon->-r requirements.txt (line 4)) (2.46.4)
Requirement already satisfied: typing-inspection>=0.4.2 in ./venv/lib/python3.10/site-packages (from pydantic<3,>=1.7->gluonts<0.18.0,>=0.17.0->autogluon.timeseries==1.6.1->autogluon.timeseries[all]==1.6.1->autogluon->-r requirements.txt (line 4)) (0.4.4)
Requirement already satisfied: msgpack<2.0.0,>=1.0.0 in ./venv/lib/python3.10/site-packages (from ray<2.57,>=2.55.0->ray[default,tune]<2.57,>=2.55.0; (platform_system != "Windows" or python_version != "3.13") and extra == "all"->autogluon.core[all]==1.6.1->autogluon->-r requirements.txt (line 4)) (1.2.1)
Requirement already satisfied: protobuf>=3.20.3 in ./venv/lib/python3.10/site-packages (from ray<2.57,>=2.55.0->ray[default,tune]<2.57,>=2.55.0; (platform_system != "Windows" or python_version != "3.13") and extra == "all"->autogluon.core[all]==1.6.1->autogluon->-r requirements.txt (line 4)) (7.35.1)
Requirement already satisfied: aiohttp_cors in ./venv/lib/python3.10/site-packages (from ray[default,tune]<2.57,>=2.55.0; (platform_system != "Windows" or python_version != "3.13") and extra == "all"->autogluon.core[all]==1.6.1->autogluon->-r requirements.txt (line 4)) (0.8.1)
Requirement already satisfied: colorful in ./venv/lib/python3.10/site-packages (from ray[default,tune]<2.57,>=2.55.0; (platform_system != "Windows" or python_version != "3.13") and extra == "all"->autogluon.core[all]==1.6.1->autogluon->-r requirements.txt (line 4)) (0.5.8)
Requirement already satisfied: py-spy>=0.2.0 in ./venv/lib/python3.10/site-packages (from ray[default,tune]<2.57,>=2.55.0; (platform_system != "Windows" or python_version != "3.13") and extra == "all"->autogluon.core[all]==1.6.1->autogluon->-r requirements.txt (line 4)) (0.4.2)
Requirement already satisfied: grpcio>=1.42.0 in ./venv/lib/python3.10/site-packages (from ray[default,tune]<2.57,>=2.55.0; (platform_system != "Windows" or python_version != "3.13") and extra == "all"->autogluon.core[all]==1.6.1->autogluon->-r requirements.txt (line 4)) (1.83.0)
Requirement already satisfied: opencensus in ./venv/lib/python3.10/site-packages (from ray[default,tune]<2.57,>=2.55.0; (platform_system != "Windows" or python_version != "3.13") and extra == "all"->autogluon.core[all]==1.6.1->autogluon->-r requirements.txt (line 4)) (0.11.4)
Requirement already satisfied: opentelemetry-sdk>=1.30.0 in ./venv/lib/python3.10/site-packages (from ray[default,tune]<2.57,>=2.55.0; (platform_system != "Windows" or python_version != "3.13") and extra == "all"->autogluon.core[all]==1.6.1->autogluon->-r requirements.txt (line 4)) (1.44.0)
Requirement already satisfied: opentelemetry-exporter-prometheus in ./venv/lib/python3.10/site-packages (from ray[default,tune]<2.57,>=2.55.0; (platform_system != "Windows" or python_version != "3.13") and extra == "all"->autogluon.core[all]==1.6.1->autogluon->-r requirements.txt (line 4)) (0.65b0)
Requirement already satisfied: opentelemetry-proto in ./venv/lib/python3.10/site-packages (from ray[default,tune]<2.57,>=2.55.0; (platform_system != "Windows" or python_version != "3.13") and extra == "all"->autogluon.core[all]==1.6.1->autogluon->-r requirements.txt (line 4)) (1.44.0)
Requirement already satisfied: prometheus_client>=0.7.1 in ./venv/lib/python3.10/site-packages (from ray[default,tune]<2.57,>=2.55.0; (platform_system != "Windows" or python_version != "3.13") and extra == "all"->autogluon.core[all]==1.6.1->autogluon->-r requirements.txt (line 4)) (0.26.0)
Requirement already satisfied: smart_open in ./venv/lib/python3.10/site-packages (from ray[default,tune]<2.57,>=2.55.0; (platform_system != "Windows" or python_version != "3.13") and extra == "all"->autogluon.core[all]==1.6.1->autogluon->-r requirements.txt (line 4)) (8.0.1)
Requirement already satisfied: virtualenv!=20.21.1,>=20.0.24 in ./venv/lib/python3.10/site-packages (from ray[default,tune]<2.57,>=2.55.0; (platform_system != "Windows" or python_version != "3.13") and extra == "all"->autogluon.core[all]==1.6.1->autogluon->-r requirements.txt (line 4)) (21.7.4)
Requirement already satisfied: tensorboardX>=1.9 in ./venv/lib/python3.10/site-packages (from ray[default,tune]<2.57,>=2.55.0; (platform_system != "Windows" or python_version != "3.13") and extra == "all"->autogluon.core[all]==1.6.1->autogluon->-r requirements.txt (line 4)) (2.6.5)
Requirement already satisfied: charset_normalizer<4,>=2 in ./venv/lib/python3.10/site-packages (from requests->autogluon.core==1.6.1->autogluon.core[all]==1.6.1->autogluon->-r requirements.txt (line 4)) (3.5.0)
Requirement already satisfied: imageio!=2.35.0,>=2.33 in ./venv/lib/python3.10/site-packages (from scikit-image<0.26.0,>=0.19.1->autogluon.multimodal==1.6.1->autogluon->-r requirements.txt (line 4)) (2.37.4)
Requirement already satisfied: tifffile>=2022.8.12 in ./venv/lib/python3.10/site-packages (from scikit-image<0.26.0,>=0.19.1->autogluon.multimodal==1.6.1->autogluon->-r requirements.txt (line 4)) (2025.5.10)
Requirement already satisfied: lazy-loader>=0.4 in ./venv/lib/python3.10/site-packages (from scikit-image<0.26.0,>=0.19.1->autogluon.multimodal==1.6.1->autogluon->-r requirements.txt (line 4)) (0.5)
Requirement already satisfied: threadpoolctl>=3.1.0 in ./venv/lib/python3.10/site-packages (from scikit-learn<1.10.0,>=1.4.0->autogluon.core==1.6.1->autogluon.core[all]==1.6.1->autogluon->-r requirements.txt (line 4)) (3.6.0)
Requirement already satisfied: spacy-legacy<3.1.0,>=3.0.11 in ./venv/lib/python3.10/site-packages (from spacy<3.9->autogluon.tabular[all]==1.6.1->autogluon->-r requirements.txt (line 4)) (3.0.12)
Requirement already satisfied: spacy-loggers<2.0.0,>=1.0.0 in ./venv/lib/python3.10/site-packages (from spacy<3.9->autogluon.tabular[all]==1.6.1->autogluon->-r requirements.txt (line 4)) (1.0.5)
Requirement already satisfied: murmurhash<1.1.0,>=0.28.0 in ./venv/lib/python3.10/site-packages (from spacy<3.9->autogluon.tabular[all]==1.6.1->autogluon->-r requirements.txt (line 4)) (1.0.15)
Requirement already satisfied: cymem<2.1.0,>=2.0.2 in ./venv/lib/python3.10/site-packages (from spacy<3.9->autogluon.tabular[all]==1.6.1->autogluon->-r requirements.txt (line 4)) (2.0.13)
Requirement already satisfied: preshed<3.1.0,>=3.0.2 in ./venv/lib/python3.10/site-packages (from spacy<3.9->autogluon.tabular[all]==1.6.1->autogluon->-r requirements.txt (line 4)) (3.0.13)
Requirement already satisfied: thinc<8.4.0,>=8.3.12 in ./venv/lib/python3.10/site-packages (from spacy<3.9->autogluon.tabular[all]==1.6.1->autogluon->-r requirements.txt (line 4)) (8.3.13)
Requirement already satisfied: wasabi<1.2.0,>=0.9.1 in ./venv/lib/python3.10/site-packages (from spacy<3.9->autogluon.tabular[all]==1.6.1->autogluon->-r requirements.txt (line 4)) (1.1.3)
Requirement already satisfied: srsly<3.0.0,>=2.5.3 in ./venv/lib/python3.10/site-packages (from spacy<3.9->autogluon.tabular[all]==1.6.1->autogluon->-r requirements.txt (line 4)) (2.5.3)
Requirement already satisfied: catalogue<2.1.0,>=2.0.6 in ./venv/lib/python3.10/site-packages (from spacy<3.9->autogluon.tabular[all]==1.6.1->autogluon->-r requirements.txt (line 4)) (2.0.10)
Requirement already satisfied: weasel<2.0.0,>=1.0.0 in ./venv/lib/python3.10/site-packages (from spacy<3.9->autogluon.tabular[all]==1.6.1->autogluon->-r requirements.txt (line 4)) (1.0.0)
Requirement already satisfied: confection<2.0.0,>=1.3.2 in ./venv/lib/python3.10/site-packages (from spacy<3.9->autogluon.tabular[all]==1.6.1->autogluon->-r requirements.txt (line 4)) (1.3.3)
Requirement already satisfied: typer<1.0.0,>=0.3.0 in ./venv/lib/python3.10/site-packages (from spacy<3.9->autogluon.tabular[all]==1.6.1->autogluon->-r requirements.txt (line 4)) (0.27.1)
Requirement already satisfied: statsmodels>=0.13.2 in ./venv/lib/python3.10/site-packages (from statsforecast<2.1.2,>=1.7.0->autogluon.timeseries==1.6.1->autogluon.timeseries[all]==1.6.1->autogluon->-r requirements.txt (line 4)) (0.14.6)
Requirement already satisfied: pbr>=2.0.0 in ./venv/lib/python3.10/site-packages (from stevedore<5.5->autogluon.core[all]==1.6.1->autogluon->-r requirements.txt (line 4)) (7.0.3)
Requirement already satisfied: absl-py>=0.4 in ./venv/lib/python3.10/site-packages (from tensorboard<3,>=2.9->autogluon.multimodal==1.6.1->autogluon->-r requirements.txt (line 4)) (2.5.0)
Requirement already satisfied: markdown>=2.6.8 in ./venv/lib/python3.10/site-packages (from tensorboard<3,>=2.9->autogluon.multimodal==1.6.1->autogluon->-r requirements.txt (line 4)) (3.10.3)
Requirement already satisfied: tensorboard-data-server<0.8.0,>=0.7.0 in ./venv/lib/python3.10/site-packages (from tensorboard<3,>=2.9->autogluon.multimodal==1.6.1->autogluon->-r requirements.txt (line 4)) (0.7.2)
Requirement already satisfied: werkzeug>=1.0.1 in ./venv/lib/python3.10/site-packages (from tensorboard<3,>=2.9->autogluon.multimodal==1.6.1->autogluon->-r requirements.txt (line 4)) (3.1.8)
Requirement already satisfied: blis<1.4.0,>=1.3.0 in ./venv/lib/python3.10/site-packages (from thinc<8.4.0,>=8.3.12->spacy<3.9->autogluon.tabular[all]==1.6.1->autogluon->-r requirements.txt (line 4)) (1.3.3)
Requirement already satisfied: sympy>=1.13.3 in ./venv/lib/python3.10/site-packages (from torch<2.14,>=2.10->autogluon.multimodal==1.6.1->autogluon->-r requirements.txt (line 4)) (1.14.0)
Requirement already satisfied: cuda-toolkit==13.0.3 in ./venv/lib/python3.10/site-packages (from cuda-toolkit[cublas,cudart,cufft,cufile,cupti,curand,cusolver,cusparse,nvjitlink,nvrtc,nvtx]==13.0.3; platform_system == "Linux"->torch<2.14,>=2.10->autogluon.multimodal==1.6.1->autogluon->-r requirements.txt (line 4)) (13.0.3.0)
Requirement already satisfied: cuda-bindings<14,>=13.0.3 in ./venv/lib/python3.10/site-packages (from torch<2.14,>=2.10->autogluon.multimodal==1.6.1->autogluon->-r requirements.txt (line 4)) (13.3.1)
Requirement already satisfied: nvidia-cudnn-cu13==9.20.0.48 in ./venv/lib/python3.10/site-packages (from torch<2.14,>=2.10->autogluon.multimodal==1.6.1->autogluon->-r requirements.txt (line 4)) (9.20.0.48)
Requirement already satisfied: nvidia-cusparselt-cu13==0.8.1 in ./venv/lib/python3.10/site-packages (from torch<2.14,>=2.10->autogluon.multimodal==1.6.1->autogluon->-r requirements.txt (line 4)) (0.8.1)
Requirement already satisfied: nvidia-nccl-cu13==2.29.7 in ./venv/lib/python3.10/site-packages (from torch<2.14,>=2.10->autogluon.multimodal==1.6.1->autogluon->-r requirements.txt (line 4)) (2.29.7)
Requirement already satisfied: nvidia-nvshmem-cu13==3.4.5 in ./venv/lib/python3.10/site-packages (from torch<2.14,>=2.10->autogluon.multimodal==1.6.1->autogluon->-r requirements.txt (line 4)) (3.4.5)
Requirement already satisfied: triton==3.7.1 in ./venv/lib/python3.10/site-packages (from torch<2.14,>=2.10->autogluon.multimodal==1.6.1->autogluon->-r requirements.txt (line 4)) (3.7.1)
Requirement already satisfied: nvidia-cublas==13.1.1.3.* in ./venv/lib/python3.10/site-packages (from cuda-toolkit[cublas,cudart,cufft,cufile,cupti,curand,cusolver,cusparse,nvjitlink,nvrtc,nvtx]==13.0.3; platform_system == "Linux"->torch<2.14,>=2.10->autogluon.multimodal==1.6.1->autogluon->-r requirements.txt (line 4)) (13.1.1.3)
Requirement already satisfied: nvidia-cuda-nvrtc==13.0.88.* in ./venv/lib/python3.10/site-packages (from cuda-toolkit[cublas,cudart,cufft,cufile,cupti,curand,cusolver,cusparse,nvjitlink,nvrtc,nvtx]==13.0.3; platform_system == "Linux"->torch<2.14,>=2.10->autogluon.multimodal==1.6.1->autogluon->-r requirements.txt (line 4)) (13.0.88)
Requirement already satisfied: nvidia-nvtx==13.0.85.* in ./venv/lib/python3.10/site-packages (from cuda-toolkit[cublas,cudart,cufft,cufile,cupti,curand,cusolver,cusparse,nvjitlink,nvrtc,nvtx]==13.0.3; platform_system == "Linux"->torch<2.14,>=2.10->autogluon.multimodal==1.6.1->autogluon->-r requirements.txt (line 4)) (13.0.85)
Requirement already satisfied: nvidia-cuda-cupti==13.0.85.* in ./venv/lib/python3.10/site-packages (from cuda-toolkit[cublas,cudart,cufft,cufile,cupti,curand,cusolver,cusparse,nvjitlink,nvrtc,nvtx]==13.0.3; platform_system == "Linux"->torch<2.14,>=2.10->autogluon.multimodal==1.6.1->autogluon->-r requirements.txt (line 4)) (13.0.85)
Requirement already satisfied: nvidia-cuda-runtime==13.0.96.* in ./venv/lib/python3.10/site-packages (from cuda-toolkit[cublas,cudart,cufft,cufile,cupti,curand,cusolver,cusparse,nvjitlink,nvrtc,nvtx]==13.0.3; platform_system == "Linux"->torch<2.14,>=2.10->autogluon.multimodal==1.6.1->autogluon->-r requirements.txt (line 4)) (13.0.96)
Requirement already satisfied: nvidia-nvjitlink<14,>=13.0.88 in ./venv/lib/python3.10/site-packages (from cuda-toolkit[cublas,cudart,cufft,cufile,cupti,curand,cusolver,cusparse,nvjitlink,nvrtc,nvtx]==13.0.3; platform_system == "Linux"->torch<2.14,>=2.10->autogluon.multimodal==1.6.1->autogluon->-r requirements.txt (line 4)) (13.3.33)
Requirement already satisfied: nvidia-cusolver==12.0.4.66.* in ./venv/lib/python3.10/site-packages (from cuda-toolkit[cublas,cudart,cufft,cufile,cupti,curand,cusolver,cusparse,nvjitlink,nvrtc,nvtx]==13.0.3; platform_system == "Linux"->torch<2.14,>=2.10->autogluon.multimodal==1.6.1->autogluon->-r requirements.txt (line 4)) (12.0.4.66)
Requirement already satisfied: nvidia-cusparse==12.6.3.3.* in ./venv/lib/python3.10/site-packages (from cuda-toolkit[cublas,cudart,cufft,cufile,cupti,curand,cusolver,cusparse,nvjitlink,nvrtc,nvtx]==13.0.3; platform_system == "Linux"->torch<2.14,>=2.10->autogluon.multimodal==1.6.1->autogluon->-r requirements.txt (line 4)) (12.6.3.3)
Requirement already satisfied: nvidia-cufile==1.15.1.6.* in ./venv/lib/python3.10/site-packages (from cuda-toolkit[cublas,cudart,cufft,cufile,cupti,curand,cusolver,cusparse,nvjitlink,nvrtc,nvtx]==13.0.3; platform_system == "Linux"->torch<2.14,>=2.10->autogluon.multimodal==1.6.1->autogluon->-r requirements.txt (line 4)) (1.15.1.6)
Requirement already satisfied: nvidia-curand==10.4.0.35.* in ./venv/lib/python3.10/site-packages (from cuda-toolkit[cublas,cudart,cufft,cufile,cupti,curand,cusolver,cusparse,nvjitlink,nvrtc,nvtx]==13.0.3; platform_system == "Linux"->torch<2.14,>=2.10->autogluon.multimodal==1.6.1->autogluon->-r requirements.txt (line 4)) (10.4.0.35)
Requirement already satisfied: nvidia-cufft==12.0.0.61.* in ./venv/lib/python3.10/site-packages (from cuda-toolkit[cublas,cudart,cufft,cufile,cupti,curand,cusolver,cusparse,nvjitlink,nvrtc,nvtx]==13.0.3; platform_system == "Linux"->torch<2.14,>=2.10->autogluon.multimodal==1.6.1->autogluon->-r requirements.txt (line 4)) (12.0.0.61)
Requirement already satisfied: cuda-pathfinder>=1.4.2 in ./venv/lib/python3.10/site-packages (from cuda-bindings<14,>=13.0.3->torch<2.14,>=2.10->autogluon.multimodal==1.6.1->autogluon->-r requirements.txt (line 4)) (1.6.0)
Requirement already satisfied: tokenizers<=0.23.0,>=0.22.0 in ./venv/lib/python3.10/site-packages (from transformers<5.15,>=5.3->transformers[sentencepiece]<5.15,>=5.3->autogluon.multimodal==1.6.1->autogluon->-r requirements.txt (line 4)) (0.22.2)
Requirement already satisfied: sentencepiece!=0.1.92,>=0.1.91 in ./venv/lib/python3.10/site-packages (from transformers[sentencepiece]<5.15,>=5.3->autogluon.multimodal==1.6.1->autogluon->-r requirements.txt (line 4)) (0.2.2)
Requirement already satisfied: shellingham>=1.3.0 in ./venv/lib/python3.10/site-packages (from typer<1.0.0,>=0.3.0->spacy<3.9->autogluon.tabular[all]==1.6.1->autogluon->-r requirements.txt (line 4)) (1.5.4)
Requirement already satisfied: annotated-doc>=0.0.2 in ./venv/lib/python3.10/site-packages (from typer<1.0.0,>=0.3.0->spacy<3.9->autogluon.tabular[all]==1.6.1->autogluon->-r requirements.txt (line 4)) (0.0.5)
Requirement already satisfied: cloudpathlib>=0.7.0 in ./venv/lib/python3.10/site-packages (from weasel<2.0.0,>=1.0.0->spacy<3.9->autogluon.tabular[all]==1.6.1->autogluon->-r requirements.txt (line 4)) (0.24.0)
Requirement already satisfied: aiohappyeyeballs>=2.5.0 in ./venv/lib/python3.10/site-packages (from aiohttp!=4.0.0a0,!=4.0.0a1->fsspec[http]<=2025.3->autogluon.multimodal==1.6.1->autogluon->-r requirements.txt (line 4)) (2.7.1)
Requirement already satisfied: aiosignal>=1.4.0 in ./venv/lib/python3.10/site-packages (from aiohttp!=4.0.0a0,!=4.0.0a1->fsspec[http]<=2025.3->autogluon.multimodal==1.6.1->autogluon->-r requirements.txt (line 4)) (1.4.0)
Requirement already satisfied: async-timeout<6.0,>=4.0 in ./venv/lib/python3.10/site-packages (from aiohttp!=4.0.0a0,!=4.0.0a1->fsspec[http]<=2025.3->autogluon.multimodal==1.6.1->autogluon->-r requirements.txt (line 4)) (5.0.1)
Requirement already satisfied: frozenlist>=1.1.1 in ./venv/lib/python3.10/site-packages (from aiohttp!=4.0.0a0,!=4.0.0a1->fsspec[http]<=2025.3->autogluon.multimodal==1.6.1->autogluon->-r requirements.txt (line 4)) (1.8.0)
Requirement already satisfied: multidict<7.0,>=4.5 in ./venv/lib/python3.10/site-packages (from aiohttp!=4.0.0a0,!=4.0.0a1->fsspec[http]<=2025.3->autogluon.multimodal==1.6.1->autogluon->-r requirements.txt (line 4)) (6.7.1)
Requirement already satisfied: propcache>=0.2.0 in ./venv/lib/python3.10/site-packages (from aiohttp!=4.0.0a0,!=4.0.0a1->fsspec[http]<=2025.3->autogluon.multimodal==1.6.1->autogluon->-r requirements.txt (line 4)) (0.5.2)
Requirement already satisfied: yarl<2.0,>=1.17.0 in ./venv/lib/python3.10/site-packages (from aiohttp!=4.0.0a0,!=4.0.0a1->fsspec[http]<=2025.3->autogluon.multimodal==1.6.1->autogluon->-r requirements.txt (line 4)) (1.24.5)
Requirement already satisfied: python-fasthtml>=0.12.34 in ./venv/lib/python3.10/site-packages (from fastprogress>=0.2.4->fastai<2.8.8,>=2.3.1->autogluon.tabular[all]==1.6.1->autogluon->-r requirements.txt (line 4)) (0.14.5)
Requirement already satisfied: triad>=1.0.1 in ./venv/lib/python3.10/site-packages (from fugue>=0.9.0->autogluon.timeseries==1.6.1->autogluon.timeseries[all]==1.6.1->autogluon->-r requirements.txt (line 4)) (1.0.2)
Requirement already satisfied: adagio>=0.2.6 in ./venv/lib/python3.10/site-packages (from fugue>=0.9.0->autogluon.timeseries==1.6.1->autogluon.timeseries[all]==1.6.1->autogluon->-r requirements.txt (line 4)) (0.2.6)
Requirement already satisfied: beautifulsoup4 in ./venv/lib/python3.10/site-packages (from gdown>=4.0.0->nlpaug<1.2.0,>=1.1.10->autogluon.multimodal==1.6.1->autogluon->-r requirements.txt (line 4)) (4.15.0)
Requirement already satisfied: llvmlite<0.50,>=0.49.0dev0 in ./venv/lib/python3.10/site-packages (from numba->mlforecast<0.15.0,>=0.14.0->autogluon.timeseries==1.6.1->autogluon.timeseries[all]==1.6.1->autogluon->-r requirements.txt (line 4)) (0.49.0)
Requirement already satisfied: opentelemetry-api==1.44.0 in ./venv/lib/python3.10/site-packages (from opentelemetry-sdk>=1.30.0->ray[default,tune]<2.57,>=2.55.0; (platform_system != "Windows" or python_version != "3.13") and extra == "all"->autogluon.core[all]==1.6.1->autogluon->-r requirements.txt (line 4)) (1.44.0)
Requirement already satisfied: opentelemetry-semantic-conventions==0.65b0 in ./venv/lib/python3.10/site-packages (from opentelemetry-sdk>=1.30.0->ray[default,tune]<2.57,>=2.55.0; (platform_system != "Windows" or python_version != "3.13") and extra == "all"->autogluon.core[all]==1.6.1->autogluon->-r requirements.txt (line 4)) (0.65b0)
Requirement already satisfied: starlette>=1.0.1 in ./venv/lib/python3.10/site-packages (from python-fasthtml>=0.12.34->fastprogress>=0.2.4->fastai<2.8.8,>=2.3.1->autogluon.tabular[all]==1.6.1->autogluon->-r requirements.txt (line 4)) (1.6.0)
Requirement already satisfied: oauthlib in ./venv/lib/python3.10/site-packages (from python-fasthtml>=0.12.34->fastprogress>=0.2.4->fastai<2.8.8,>=2.3.1->autogluon.tabular[all]==1.6.1->autogluon->-r requirements.txt (line 4)) (3.3.1)
Requirement already satisfied: itsdangerous in ./venv/lib/python3.10/site-packages (from python-fasthtml>=0.12.34->fastprogress>=0.2.4->fastai<2.8.8,>=2.3.1->autogluon.tabular[all]==1.6.1->autogluon->-r requirements.txt (line 4)) (2.2.0)
Requirement already satisfied: uvicorn>=0.30 in ./venv/lib/python3.10/site-packages (from uvicorn[standard]>=0.30->python-fasthtml>=0.12.34->fastprogress>=0.2.4->fastai<2.8.8,>=2.3.1->autogluon.tabular[all]==1.6.1->autogluon->-r requirements.txt (line 4)) (0.52.3)
Requirement already satisfied: httpx2 in ./venv/lib/python3.10/site-packages (from python-fasthtml>=0.12.34->fastprogress>=0.2.4->fastai<2.8.8,>=2.3.1->autogluon.tabular[all]==1.6.1->autogluon->-r requirements.txt (line 4)) (2.10.0)
Requirement already satisfied: fastlite>=0.1.1 in ./venv/lib/python3.10/site-packages (from python-fasthtml>=0.12.34->fastprogress>=0.2.4->fastai<2.8.8,>=2.3.1->autogluon.tabular[all]==1.6.1->autogluon->-r requirements.txt (line 4)) (0.2.4)
Requirement already satisfied: python-multipart in ./venv/lib/python3.10/site-packages (from python-fasthtml>=0.12.34->fastprogress>=0.2.4->fastai<2.8.8,>=2.3.1->autogluon.tabular[all]==1.6.1->autogluon->-r requirements.txt (line 4)) (0.0.32)
Requirement already satisfied: apswutils>=0.1.2 in ./venv/lib/python3.10/site-packages (from fastlite>=0.1.1->python-fasthtml>=0.12.34->fastprogress>=0.2.4->fastai<2.8.8,>=2.3.1->autogluon.tabular[all]==1.6.1->autogluon->-r requirements.txt (line 4)) (0.1.2)
Requirement already satisfied: apsw in ./venv/lib/python3.10/site-packages (from apswutils>=0.1.2->fastlite>=0.1.1->python-fasthtml>=0.12.34->fastprogress>=0.2.4->fastai<2.8.8,>=2.3.1->autogluon.tabular[all]==1.6.1->autogluon->-r requirements.txt (line 4)) (3.53.4.0)
Requirement already satisfied: markdown-it-py>=2.2.0 in ./venv/lib/python3.10/site-packages (from rich->openmim<0.4.0,>=0.3.7->autogluon.multimodal==1.6.1->autogluon->-r requirements.txt (line 4)) (4.2.0)
Requirement already satisfied: pygments<3.0.0,>=2.13.0 in ./venv/lib/python3.10/site-packages (from rich->openmim<0.4.0,>=0.3.7->autogluon.multimodal==1.6.1->autogluon->-r requirements.txt (line 4)) (2.20.0)
Requirement already satisfied: mdurl~=0.1 in ./venv/lib/python3.10/site-packages (from markdown-it-py>=2.2.0->rich->openmim<0.4.0,>=0.3.7->autogluon.multimodal==1.6.1->autogluon->-r requirements.txt (line 4)) (0.1.2)
Requirement already satisfied: wrapt in ./venv/lib/python3.10/site-packages (from smart_open->ray[default,tune]<2.57,>=2.55.0; (platform_system != "Windows" or python_version != "3.13") and extra == "all"->autogluon.core[all]==1.6.1->autogluon->-r requirements.txt (line 4)) (2.3.0)
Requirement already satisfied: exceptiongroup>=1.0.2 in ./venv/lib/python3.10/site-packages (from anyio->httpx<1,>=0.23.0->huggingface_hub<2.0,>=1.3->huggingface_hub[torch]<2.0,>=1.3; extra == "all"->autogluon.tabular[all]==1.6.1->autogluon->-r requirements.txt (line 4)) (1.3.1)
Requirement already satisfied: patsy>=0.5.6 in ./venv/lib/python3.10/site-packages (from statsmodels>=0.13.2->statsforecast<2.1.2,>=1.7.0->autogluon.timeseries==1.6.1->autogluon.timeseries[all]==1.6.1->autogluon->-r requirements.txt (line 4)) (1.0.2)
Requirement already satisfied: mpmath<1.4,>=1.1.0 in ./venv/lib/python3.10/site-packages (from sympy>=1.13.3->torch<2.14,>=2.10->autogluon.multimodal==1.6.1->autogluon->-r requirements.txt (line 4)) (1.3.0)
Requirement already satisfied: httptools>=0.8.0 in ./venv/lib/python3.10/site-packages (from uvicorn[standard]>=0.30->python-fasthtml>=0.12.34->fastprogress>=0.2.4->fastai<2.8.8,>=2.3.1->autogluon.tabular[all]==1.6.1->autogluon->-r requirements.txt (line 4)) (0.8.0)
Requirement already satisfied: python-dotenv>=0.13 in ./venv/lib/python3.10/site-packages (from uvicorn[standard]>=0.30->python-fasthtml>=0.12.34->fastprogress>=0.2.4->fastai<2.8.8,>=2.3.1->autogluon.tabular[all]==1.6.1->autogluon->-r requirements.txt (line 4)) (1.2.2)
Requirement already satisfied: uvloop>=0.15.1 in ./venv/lib/python3.10/site-packages (from uvicorn[standard]>=0.30->python-fasthtml>=0.12.34->fastprogress>=0.2.4->fastai<2.8.8,>=2.3.1->autogluon.tabular[all]==1.6.1->autogluon->-r requirements.txt (line 4)) (0.22.1)
Requirement already satisfied: watchfiles>=0.20 in ./venv/lib/python3.10/site-packages (from uvicorn[standard]>=0.30->python-fasthtml>=0.12.34->fastprogress>=0.2.4->fastai<2.8.8,>=2.3.1->autogluon.tabular[all]==1.6.1->autogluon->-r requirements.txt (line 4)) (1.2.0)
Requirement already satisfied: websockets>=13.0 in ./venv/lib/python3.10/site-packages (from uvicorn[standard]>=0.30->python-fasthtml>=0.12.34->fastprogress>=0.2.4->fastai<2.8.8,>=2.3.1->autogluon.tabular[all]==1.6.1->autogluon->-r requirements.txt (line 4)) (16.1.1)
Requirement already satisfied: distlib<1,>=0.3.7 in ./venv/lib/python3.10/site-packages (from virtualenv!=20.21.1,>=20.0.24->ray[default,tune]<2.57,>=2.55.0; (platform_system != "Windows" or python_version != "3.13") and extra == "all"->autogluon.core[all]==1.6.1->autogluon->-r requirements.txt (line 4)) (0.4.3)
Requirement already satisfied: platformdirs<5,>=3.9.1 in ./venv/lib/python3.10/site-packages (from virtualenv!=20.21.1,>=20.0.24->ray[default,tune]<2.57,>=2.55.0; (platform_system != "Windows" or python_version != "3.13") and extra == "all"->autogluon.core[all]==1.6.1->autogluon->-r requirements.txt (line 4)) (4.11.3)
Requirement already satisfied: python-discovery>=1.4.2 in ./venv/lib/python3.10/site-packages (from virtualenv!=20.21.1,>=20.0.24->ray[default,tune]<2.57,>=2.55.0; (platform_system != "Windows" or python_version != "3.13") and extra == "all"->autogluon.core[all]==1.6.1->autogluon->-r requirements.txt (line 4)) (1.5.2)
Requirement already satisfied: soupsieve>=1.6.1 in ./venv/lib/python3.10/site-packages (from beautifulsoup4->gdown>=4.0.0->nlpaug<1.2.0,>=1.1.10->autogluon.multimodal==1.6.1->autogluon->-r requirements.txt (line 4)) (2.9.2)
Requirement already satisfied: frozendict in ./venv/lib/python3.10/site-packages (from einx->autogluon.tabular[all]==1.6.1->autogluon->-r requirements.txt (line 4)) (2.4.7)
Requirement already satisfied: httpcore2==2.10.0 in ./venv/lib/python3.10/site-packages (from httpx2->python-fasthtml>=0.12.34->fastprogress>=0.2.4->fastai<2.8.8,>=2.3.1->autogluon.tabular[all]==1.6.1->autogluon->-r requirements.txt (line 4)) (2.10.0)
Requirement already satisfied: truststore>=0.10 in ./venv/lib/python3.10/site-packages (from httpx2->python-fasthtml>=0.12.34->fastprogress>=0.2.4->fastai<2.8.8,>=2.3.1->autogluon.tabular[all]==1.6.1->autogluon->-r requirements.txt (line 4)) (0.10.4)
Requirement already satisfied: ordered-set in ./venv/lib/python3.10/site-packages (from model-index->openmim<0.4.0,>=0.3.7->autogluon.multimodal==1.6.1->autogluon->-r requirements.txt (line 4)) (4.1.0)
Requirement already satisfied: opencensus-context>=0.1.3 in ./venv/lib/python3.10/site-packages (from opencensus->ray[default,tune]<2.57,>=2.55.0; (platform_system != "Windows" or python_version != "3.13") and extra == "all"->autogluon.core[all]==1.6.1->autogluon->-r requirements.txt (line 4)) (0.1.3)
Requirement already satisfied: google-api-core<3.0.0,>=1.0.0 in ./venv/lib/python3.10/site-packages (from opencensus->ray[default,tune]<2.57,>=2.55.0; (platform_system != "Windows" or python_version != "3.13") and extra == "all"->autogluon.core[all]==1.6.1->autogluon->-r requirements.txt (line 4)) (2.34.0)
Requirement already satisfied: googleapis-common-protos<2.0.0,>=1.69.2 in ./venv/lib/python3.10/site-packages (from google-api-core<3.0.0,>=1.0.0->opencensus->ray[default,tune]<2.57,>=2.55.0; (platform_system != "Windows" or python_version != "3.13") and extra == "all"->autogluon.core[all]==1.6.1->autogluon->-r requirements.txt (line 4)) (1.75.1)
Requirement already satisfied: proto-plus<2.0.0,>=1.26.1 in ./venv/lib/python3.10/site-packages (from google-api-core<3.0.0,>=1.0.0->opencensus->ray[default,tune]<2.57,>=2.55.0; (platform_system != "Windows" or python_version != "3.13") and extra == "all"->autogluon.core[all]==1.6.1->autogluon->-r requirements.txt (line 4)) (1.28.3)
Requirement already satisfied: google-auth<3.0.0,>=2.14.1 in ./venv/lib/python3.10/site-packages (from google-api-core<3.0.0,>=1.0.0->opencensus->ray[default,tune]<2.57,>=2.55.0; (platform_system != "Windows" or python_version != "3.13") and extra == "all"->autogluon.core[all]==1.6.1->autogluon->-r requirements.txt (line 4)) (2.56.3)
Requirement already satisfied: pyasn1-modules>=0.2.1 in ./venv/lib/python3.10/site-packages (from google-auth<3.0.0,>=2.14.1->google-api-core<3.0.0,>=1.0.0->opencensus->ray[default,tune]<2.57,>=2.55.0; (platform_system != "Windows" or python_version != "3.13") and extra == "all"->autogluon.core[all]==1.6.1->autogluon->-r requirements.txt (line 4)) (0.4.2)
Requirement already satisfied: cryptography>=38.0.3 in ./venv/lib/python3.10/site-packages (from google-auth<3.0.0,>=2.14.1->google-api-core<3.0.0,>=1.0.0->opencensus->ray[default,tune]<2.57,>=2.55.0; (platform_system != "Windows" or python_version != "3.13") and extra == "all"->autogluon.core[all]==1.6.1->autogluon->-r requirements.txt (line 4)) (50.0.0)
Requirement already satisfied: cffi>=2.0.0 in ./venv/lib/python3.10/site-packages (from cryptography>=38.0.3->google-auth<3.0.0,>=2.14.1->google-api-core<3.0.0,>=1.0.0->opencensus->ray[default,tune]<2.57,>=2.55.0; (platform_system != "Windows" or python_version != "3.13") and extra == "all"->autogluon.core[all]==1.6.1->autogluon->-r requirements.txt (line 4)) (2.1.1)
Requirement already satisfied: pycparser in ./venv/lib/python3.10/site-packages (from cffi>=2.0.0->cryptography>=38.0.3->google-auth<3.0.0,>=2.14.1->google-api-core<3.0.0,>=1.0.0->opencensus->ray[default,tune]<2.57,>=2.55.0; (platform_system != "Windows" or python_version != "3.13") and extra == "all"->autogluon.core[all]==1.6.1->autogluon->-r requirements.txt (line 4)) (3.0)
Requirement already satisfied: pyasn1<0.7.0,>=0.6.1 in ./venv/lib/python3.10/site-packages (from pyasn1-modules>=0.2.1->google-auth<3.0.0,>=2.14.1->google-api-core<3.0.0,>=1.0.0->opencensus->ray[default,tune]<2.57,>=2.55.0; (platform_system != "Windows" or python_version != "3.13") and extra == "all"->autogluon.core[all]==1.6.1->autogluon->-r requirements.txt (line 4)) (0.6.4)
Requirement already satisfied: pycryptodome in ./venv/lib/python3.10/site-packages (from opendatalab->openmim<0.4.0,>=0.3.7->autogluon.multimodal==1.6.1->autogluon->-r requirements.txt (line 4)) (3.23.0)
Requirement already satisfied: openxlab in ./venv/lib/python3.10/site-packages (from opendatalab->openmim<0.4.0,>=0.3.7->autogluon.multimodal==1.6.1->autogluon->-r requirements.txt (line 4)) (0.0.11)
Requirement already satisfied: alembic>=1.5.0 in ./venv/lib/python3.10/site-packages (from optuna->mlforecast<0.15.0,>=0.14.0->autogluon.timeseries==1.6.1->autogluon.timeseries[all]==1.6.1->autogluon->-r requirements.txt (line 4)) (1.19.1)
Requirement already satisfied: colorlog in ./venv/lib/python3.10/site-packages (from optuna->mlforecast<0.15.0,>=0.14.0->autogluon.timeseries==1.6.1->autogluon.timeseries[all]==1.6.1->autogluon->-r requirements.txt (line 4)) (6.12.0)
Requirement already satisfied: sqlalchemy>=1.4.2 in ./venv/lib/python3.10/site-packages (from optuna->mlforecast<0.15.0,>=0.14.0->autogluon.timeseries==1.6.1->autogluon.timeseries[all]==1.6.1->autogluon->-r requirements.txt (line 4)) (2.0.52)
Requirement already satisfied: Mako in ./venv/lib/python3.10/site-packages (from alembic>=1.5.0->optuna->mlforecast<0.15.0,>=0.14.0->autogluon.timeseries==1.6.1->autogluon.timeseries[all]==1.6.1->autogluon->-r requirements.txt (line 4)) (1.4.1)
Requirement already satisfied: tomli in ./venv/lib/python3.10/site-packages (from alembic>=1.5.0->optuna->mlforecast<0.15.0,>=0.14.0->autogluon.timeseries==1.6.1->autogluon.timeseries[all]==1.6.1->autogluon->-r requirements.txt (line 4)) (2.4.1)
Requirement already satisfied: greenlet>=1 in ./venv/lib/python3.10/site-packages (from sqlalchemy>=1.4.2->optuna->mlforecast<0.15.0,>=0.14.0->autogluon.timeseries==1.6.1->autogluon.timeseries[all]==1.6.1->autogluon->-r requirements.txt (line 4)) (3.5.5)
Requirement already satisfied: beartype>=0.16.2 in ./venv/lib/python3.10/site-packages (from plum-dispatch->fastai<2.8.8,>=2.3.1->autogluon.tabular[all]==1.6.1->autogluon->-r requirements.txt (line 4)) (0.22.9)
Requirement already satisfied: PySocks!=1.5.7,>=1.5.6 in ./venv/lib/python3.10/site-packages (from requests[socks]->gdown>=4.0.0->nlpaug<1.2.0,>=1.1.10->autogluon.multimodal==1.6.1->autogluon->-r requirements.txt (line 4)) (1.7.1)
[env] 记录环境信息
==========================================
[env] 虚拟环境创建完成: autogluon-mitra-classifier
[env] 环境信息已写入: env_info.txt
==========================================
