==========================================
[env] 开始创建虚拟环境: google-videoprism-lvt-base-f16r288
==========================================
[env] PyPI 镜像源: https://pypi.mirrors.ustc.edu.cn/simple
[env] 虚拟环境已存在，跳过创建。如需重建请先删除 venv/
Looking in indexes: https://pypi.mirrors.ustc.edu.cn/simple
Requirement already satisfied: pip in ./venv/lib/python3.10/site-packages (26.2.1)
[env] 安装覆盖版本依赖
Looking in indexes: https://pypi.mirrors.ustc.edu.cn/simple
Requirement already satisfied: jax in ./venv/lib/python3.10/site-packages (0.6.2)
Requirement already satisfied: flax in ./venv/lib/python3.10/site-packages (0.10.7)
Requirement already satisfied: SentencePiece in ./venv/lib/python3.10/site-packages (0.2.2)
Requirement already satisfied: jaxlib<=0.6.2,>=0.6.2 in ./venv/lib/python3.10/site-packages (from jax) (0.6.2)
Requirement already satisfied: ml_dtypes>=0.5.0 in ./venv/lib/python3.10/site-packages (from jax) (0.6.0)
Requirement already satisfied: numpy>=1.26 in ./venv/lib/python3.10/site-packages (from jax) (2.2.6)
Requirement already satisfied: opt_einsum in ./venv/lib/python3.10/site-packages (from jax) (3.4.0)
Requirement already satisfied: scipy>=1.12 in ./venv/lib/python3.10/site-packages (from jax) (1.15.3)
Requirement already satisfied: msgpack in ./venv/lib/python3.10/site-packages (from flax) (1.2.1)
Requirement already satisfied: optax in ./venv/lib/python3.10/site-packages (from flax) (0.2.8)
Requirement already satisfied: orbax-checkpoint in ./venv/lib/python3.10/site-packages (from flax) (0.11.39)
Requirement already satisfied: tensorstore in ./venv/lib/python3.10/site-packages (from flax) (0.1.78)
Requirement already satisfied: rich>=11.1 in ./venv/lib/python3.10/site-packages (from flax) (15.0.0)
Requirement already satisfied: typing_extensions>=4.2 in ./venv/lib/python3.10/site-packages (from flax) (4.16.0)
Requirement already satisfied: PyYAML>=5.4.1 in ./venv/lib/python3.10/site-packages (from flax) (6.0.3)
Requirement already satisfied: treescope>=0.1.7 in ./venv/lib/python3.10/site-packages (from flax) (0.1.10)
Requirement already satisfied: markdown-it-py>=2.2.0 in ./venv/lib/python3.10/site-packages (from rich>=11.1->flax) (4.2.0)
Requirement already satisfied: pygments<3.0.0,>=2.13.0 in ./venv/lib/python3.10/site-packages (from rich>=11.1->flax) (2.20.0)
Requirement already satisfied: mdurl~=0.1 in ./venv/lib/python3.10/site-packages (from markdown-it-py>=2.2.0->rich>=11.1->flax) (0.1.2)
Requirement already satisfied: absl-py>=0.7.1 in ./venv/lib/python3.10/site-packages (from optax->flax) (2.5.0)
Requirement already satisfied: etils[epath,epy] in ./venv/lib/python3.10/site-packages (from orbax-checkpoint->flax) (1.13.0)
Requirement already satisfied: aiofiles in ./venv/lib/python3.10/site-packages (from orbax-checkpoint->flax) (25.1.0)
Requirement already satisfied: protobuf in ./venv/lib/python3.10/site-packages (from orbax-checkpoint->flax) (7.35.1)
Requirement already satisfied: humanize in ./venv/lib/python3.10/site-packages (from orbax-checkpoint->flax) (4.16.0)
Requirement already satisfied: simplejson>=3.16.0 in ./venv/lib/python3.10/site-packages (from orbax-checkpoint->flax) (4.1.1)
Requirement already satisfied: psutil in ./venv/lib/python3.10/site-packages (from orbax-checkpoint->flax) (7.2.2)
Requirement already satisfied: uvloop in ./venv/lib/python3.10/site-packages (from orbax-checkpoint->flax) (0.22.1)
Requirement already satisfied: fsspec in ./venv/lib/python3.10/site-packages (from etils[epath,epy]->orbax-checkpoint->flax) (2026.7.0)
Requirement already satisfied: importlib_resources in ./venv/lib/python3.10/site-packages (from etils[epath,epy]->orbax-checkpoint->flax) (7.1.0)
Requirement already satisfied: zipp in ./venv/lib/python3.10/site-packages (from etils[epath,epy]->orbax-checkpoint->flax) (4.1.0)
[env] 安装 requirements.txt 模型特有依赖
Looking in indexes: https://pypi.mirrors.ustc.edu.cn/simple
Requirement already satisfied: sentencepiece in ./venv/lib/python3.10/site-packages (from -r requirements.txt (line 6)) (0.2.2)
Requirement already satisfied: mediapy in ./venv/lib/python3.10/site-packages (from -r requirements.txt (line 7)) (1.2.7)
Requirement already satisfied: ipython in ./venv/lib/python3.10/site-packages (from mediapy->-r requirements.txt (line 7)) (8.39.0)
Requirement already satisfied: matplotlib in ./venv/lib/python3.10/site-packages (from mediapy->-r requirements.txt (line 7)) (3.10.9)
Requirement already satisfied: numpy in ./venv/lib/python3.10/site-packages (from mediapy->-r requirements.txt (line 7)) (2.2.6)
Requirement already satisfied: Pillow in ./venv/lib/python3.10/site-packages (from mediapy->-r requirements.txt (line 7)) (12.3.0)
Requirement already satisfied: decorator in ./venv/lib/python3.10/site-packages (from ipython->mediapy->-r requirements.txt (line 7)) (5.3.1)
Requirement already satisfied: exceptiongroup in ./venv/lib/python3.10/site-packages (from ipython->mediapy->-r requirements.txt (line 7)) (1.3.1)
Requirement already satisfied: jedi>=0.16 in ./venv/lib/python3.10/site-packages (from ipython->mediapy->-r requirements.txt (line 7)) (0.20.0)
Requirement already satisfied: matplotlib-inline in ./venv/lib/python3.10/site-packages (from ipython->mediapy->-r requirements.txt (line 7)) (0.2.2)
Requirement already satisfied: pexpect>4.3 in ./venv/lib/python3.10/site-packages (from ipython->mediapy->-r requirements.txt (line 7)) (4.9.0)
Requirement already satisfied: prompt_toolkit<3.1.0,>=3.0.41 in ./venv/lib/python3.10/site-packages (from ipython->mediapy->-r requirements.txt (line 7)) (3.0.53)
Requirement already satisfied: pygments>=2.4.0 in ./venv/lib/python3.10/site-packages (from ipython->mediapy->-r requirements.txt (line 7)) (2.20.0)
Requirement already satisfied: stack_data in ./venv/lib/python3.10/site-packages (from ipython->mediapy->-r requirements.txt (line 7)) (0.6.3)
Requirement already satisfied: traitlets>=5.13.0 in ./venv/lib/python3.10/site-packages (from ipython->mediapy->-r requirements.txt (line 7)) (5.16.1)
Requirement already satisfied: typing_extensions>=4.6 in ./venv/lib/python3.10/site-packages (from ipython->mediapy->-r requirements.txt (line 7)) (4.16.0)
Requirement already satisfied: wcwidth>=0.1.4 in ./venv/lib/python3.10/site-packages (from prompt_toolkit<3.1.0,>=3.0.41->ipython->mediapy->-r requirements.txt (line 7)) (0.8.2)
Requirement already satisfied: parso<0.9.0,>=0.8.6 in ./venv/lib/python3.10/site-packages (from jedi>=0.16->ipython->mediapy->-r requirements.txt (line 7)) (0.8.7)
Requirement already satisfied: ptyprocess>=0.5 in ./venv/lib/python3.10/site-packages (from pexpect>4.3->ipython->mediapy->-r requirements.txt (line 7)) (0.7.0)
Requirement already satisfied: contourpy>=1.0.1 in ./venv/lib/python3.10/site-packages (from matplotlib->mediapy->-r requirements.txt (line 7)) (1.3.2)
Requirement already satisfied: cycler>=0.10 in ./venv/lib/python3.10/site-packages (from matplotlib->mediapy->-r requirements.txt (line 7)) (0.12.1)
Requirement already satisfied: fonttools>=4.22.0 in ./venv/lib/python3.10/site-packages (from matplotlib->mediapy->-r requirements.txt (line 7)) (4.63.0)
Requirement already satisfied: kiwisolver>=1.3.1 in ./venv/lib/python3.10/site-packages (from matplotlib->mediapy->-r requirements.txt (line 7)) (1.5.0)
Requirement already satisfied: packaging>=20.0 in ./venv/lib/python3.10/site-packages (from matplotlib->mediapy->-r requirements.txt (line 7)) (26.3)
Requirement already satisfied: pyparsing>=3 in ./venv/lib/python3.10/site-packages (from matplotlib->mediapy->-r requirements.txt (line 7)) (3.3.2)
Requirement already satisfied: python-dateutil>=2.7 in ./venv/lib/python3.10/site-packages (from matplotlib->mediapy->-r requirements.txt (line 7)) (2.9.0.post0)
Requirement already satisfied: six>=1.5 in ./venv/lib/python3.10/site-packages (from python-dateutil>=2.7->matplotlib->mediapy->-r requirements.txt (line 7)) (1.17.0)
Requirement already satisfied: executing>=1.2.0 in ./venv/lib/python3.10/site-packages (from stack_data->ipython->mediapy->-r requirements.txt (line 7)) (2.2.1)
Requirement already satisfied: asttokens>=2.1.0 in ./venv/lib/python3.10/site-packages (from stack_data->ipython->mediapy->-r requirements.txt (line 7)) (3.0.2)
Requirement already satisfied: pure-eval in ./venv/lib/python3.10/site-packages (from stack_data->ipython->mediapy->-r requirements.txt (line 7)) (0.2.3)
[env] 记录环境信息
==========================================
[env] 虚拟环境创建完成: google-videoprism-lvt-base-f16r288
[env] 环境信息已写入: env_info.txt
==========================================
