==========================================
[env] 开始创建虚拟环境: ibm-granite-granite-speech-4-1-2b
==========================================
[env] PyPI 镜像源: https://pypi.mirrors.ustc.edu.cn/simple
[env] 虚拟环境已存在，跳过创建。如需重建请先删除 venv/
Looking in indexes: https://pypi.mirrors.ustc.edu.cn/simple
Requirement already satisfied: pip in ./venv/lib/python3.10/site-packages (26.2.1)
[env] 安装 requirements.txt 模型特有依赖
Looking in indexes: https://pypi.mirrors.ustc.edu.cn/simple
Requirement already satisfied: accelerate in ./venv/lib/python3.10/site-packages (from -r requirements.txt (line 4)) (1.14.0)
Requirement already satisfied: soundfile in ./venv/lib/python3.10/site-packages (from -r requirements.txt (line 5)) (0.14.0)
Requirement already satisfied: librosa in ./venv/lib/python3.10/site-packages (from -r requirements.txt (line 6)) (0.11.0)
Requirement already satisfied: sentencepiece in ./venv/lib/python3.10/site-packages (from -r requirements.txt (line 7)) (0.2.2)
Requirement already satisfied: numpy>=1.17 in ./venv/lib/python3.10/site-packages (from accelerate->-r requirements.txt (line 4)) (2.2.6)
Requirement already satisfied: packaging>=20.0 in ./venv/lib/python3.10/site-packages (from accelerate->-r requirements.txt (line 4)) (26.3)
Requirement already satisfied: psutil in ./venv/lib/python3.10/site-packages (from accelerate->-r requirements.txt (line 4)) (7.2.2)
Requirement already satisfied: pyyaml in ./venv/lib/python3.10/site-packages (from accelerate->-r requirements.txt (line 4)) (6.0.3)
Requirement already satisfied: torch>=2.0.0 in ./venv/lib/python3.10/site-packages (from accelerate->-r requirements.txt (line 4)) (2.13.0)
Requirement already satisfied: huggingface_hub>=0.21.0 in ./venv/lib/python3.10/site-packages (from accelerate->-r requirements.txt (line 4)) (1.27.0)
Requirement already satisfied: safetensors>=0.4.3 in ./venv/lib/python3.10/site-packages (from accelerate->-r requirements.txt (line 4)) (0.8.0)
Requirement already satisfied: cffi>=1.0 in ./venv/lib/python3.10/site-packages (from soundfile->-r requirements.txt (line 5)) (2.1.1)
Requirement already satisfied: typing-extensions in ./venv/lib/python3.10/site-packages (from soundfile->-r requirements.txt (line 5)) (4.16.0)
Requirement already satisfied: audioread>=2.1.9 in ./venv/lib/python3.10/site-packages (from librosa->-r requirements.txt (line 6)) (3.1.0)
Requirement already satisfied: numba>=0.51.0 in ./venv/lib/python3.10/site-packages (from librosa->-r requirements.txt (line 6)) (0.67.0)
Requirement already satisfied: scipy>=1.6.0 in ./venv/lib/python3.10/site-packages (from librosa->-r requirements.txt (line 6)) (1.15.3)
Requirement already satisfied: scikit-learn>=1.1.0 in ./venv/lib/python3.10/site-packages (from librosa->-r requirements.txt (line 6)) (1.7.2)
Requirement already satisfied: joblib>=1.0 in ./venv/lib/python3.10/site-packages (from librosa->-r requirements.txt (line 6)) (1.5.3)
Requirement already satisfied: decorator>=4.3.0 in ./venv/lib/python3.10/site-packages (from librosa->-r requirements.txt (line 6)) (5.3.1)
Requirement already satisfied: pooch>=1.1 in ./venv/lib/python3.10/site-packages (from librosa->-r requirements.txt (line 6)) (1.9.0)
Requirement already satisfied: soxr>=0.3.2 in ./venv/lib/python3.10/site-packages (from librosa->-r requirements.txt (line 6)) (1.1.0)
Requirement already satisfied: lazy_loader>=0.1 in ./venv/lib/python3.10/site-packages (from librosa->-r requirements.txt (line 6)) (0.5)
Requirement already satisfied: msgpack>=1.0 in ./venv/lib/python3.10/site-packages (from librosa->-r requirements.txt (line 6)) (1.2.1)
Requirement already satisfied: pycparser in ./venv/lib/python3.10/site-packages (from cffi>=1.0->soundfile->-r requirements.txt (line 5)) (3.0)
Requirement already satisfied: click<9.0.0,>=8.4.2 in ./venv/lib/python3.10/site-packages (from huggingface_hub>=0.21.0->accelerate->-r requirements.txt (line 4)) (8.4.2)
Requirement already satisfied: filelock>=3.10.0 in ./venv/lib/python3.10/site-packages (from huggingface_hub>=0.21.0->accelerate->-r requirements.txt (line 4)) (3.32.3)
Requirement already satisfied: fsspec>=2023.5.0 in ./venv/lib/python3.10/site-packages (from huggingface_hub>=0.21.0->accelerate->-r requirements.txt (line 4)) (2026.7.0)
Requirement already satisfied: hf-xet<2.0.0,>=1.5.2 in ./venv/lib/python3.10/site-packages (from huggingface_hub>=0.21.0->accelerate->-r requirements.txt (line 4)) (1.6.0)
Requirement already satisfied: httpx<1,>=0.23.0 in ./venv/lib/python3.10/site-packages (from huggingface_hub>=0.21.0->accelerate->-r requirements.txt (line 4)) (0.28.1)
Requirement already satisfied: tqdm>=4.42.1 in ./venv/lib/python3.10/site-packages (from huggingface_hub>=0.21.0->accelerate->-r requirements.txt (line 4)) (4.70.0)
Requirement already satisfied: anyio in ./venv/lib/python3.10/site-packages (from httpx<1,>=0.23.0->huggingface_hub>=0.21.0->accelerate->-r requirements.txt (line 4)) (4.14.2)
Requirement already satisfied: certifi in ./venv/lib/python3.10/site-packages (from httpx<1,>=0.23.0->huggingface_hub>=0.21.0->accelerate->-r requirements.txt (line 4)) (2026.7.22)
Requirement already satisfied: httpcore==1.* in ./venv/lib/python3.10/site-packages (from httpx<1,>=0.23.0->huggingface_hub>=0.21.0->accelerate->-r requirements.txt (line 4)) (1.0.9)
Requirement already satisfied: idna in ./venv/lib/python3.10/site-packages (from httpx<1,>=0.23.0->huggingface_hub>=0.21.0->accelerate->-r requirements.txt (line 4)) (3.18)
Requirement already satisfied: h11>=0.16 in ./venv/lib/python3.10/site-packages (from httpcore==1.*->httpx<1,>=0.23.0->huggingface_hub>=0.21.0->accelerate->-r requirements.txt (line 4)) (0.16.0)
Requirement already satisfied: llvmlite<0.50,>=0.49.0dev0 in ./venv/lib/python3.10/site-packages (from numba>=0.51.0->librosa->-r requirements.txt (line 6)) (0.49.0)
Requirement already satisfied: platformdirs>=2.5.0 in ./venv/lib/python3.10/site-packages (from pooch>=1.1->librosa->-r requirements.txt (line 6)) (4.11.3)
Requirement already satisfied: requests>=2.19.0 in ./venv/lib/python3.10/site-packages (from pooch>=1.1->librosa->-r requirements.txt (line 6)) (2.34.2)
Requirement already satisfied: charset_normalizer<4,>=2 in ./venv/lib/python3.10/site-packages (from requests>=2.19.0->pooch>=1.1->librosa->-r requirements.txt (line 6)) (3.5.0)
Requirement already satisfied: urllib3<3,>=1.26 in ./venv/lib/python3.10/site-packages (from requests>=2.19.0->pooch>=1.1->librosa->-r requirements.txt (line 6)) (2.7.0)
Requirement already satisfied: threadpoolctl>=3.1.0 in ./venv/lib/python3.10/site-packages (from scikit-learn>=1.1.0->librosa->-r requirements.txt (line 6)) (3.6.0)
Requirement already satisfied: setuptools>=77.0.3 in ./venv/lib/python3.10/site-packages (from torch>=2.0.0->accelerate->-r requirements.txt (line 4)) (84.0.0)
Requirement already satisfied: sympy>=1.13.3 in ./venv/lib/python3.10/site-packages (from torch>=2.0.0->accelerate->-r requirements.txt (line 4)) (1.14.0)
Requirement already satisfied: networkx>=2.5.1 in ./venv/lib/python3.10/site-packages (from torch>=2.0.0->accelerate->-r requirements.txt (line 4)) (3.4.2)
Requirement already satisfied: jinja2 in ./venv/lib/python3.10/site-packages (from torch>=2.0.0->accelerate->-r requirements.txt (line 4)) (3.1.6)
Requirement already satisfied: cuda-toolkit==13.0.3 in ./venv/lib/python3.10/site-packages (from cuda-toolkit[cublas,cudart,cufft,cufile,cupti,curand,cusolver,cusparse,nvjitlink,nvrtc,nvtx]==13.0.3; platform_system == "Linux"->torch>=2.0.0->accelerate->-r requirements.txt (line 4)) (13.0.3.0)
Requirement already satisfied: cuda-bindings<14,>=13.0.3 in ./venv/lib/python3.10/site-packages (from torch>=2.0.0->accelerate->-r requirements.txt (line 4)) (13.3.1)
Requirement already satisfied: nvidia-cudnn-cu13==9.20.0.48 in ./venv/lib/python3.10/site-packages (from torch>=2.0.0->accelerate->-r requirements.txt (line 4)) (9.20.0.48)
Requirement already satisfied: nvidia-cusparselt-cu13==0.8.1 in ./venv/lib/python3.10/site-packages (from torch>=2.0.0->accelerate->-r requirements.txt (line 4)) (0.8.1)
Requirement already satisfied: nvidia-nccl-cu13==2.29.7 in ./venv/lib/python3.10/site-packages (from torch>=2.0.0->accelerate->-r requirements.txt (line 4)) (2.29.7)
Requirement already satisfied: nvidia-nvshmem-cu13==3.4.5 in ./venv/lib/python3.10/site-packages (from torch>=2.0.0->accelerate->-r requirements.txt (line 4)) (3.4.5)
Requirement already satisfied: triton==3.7.1 in ./venv/lib/python3.10/site-packages (from torch>=2.0.0->accelerate->-r requirements.txt (line 4)) (3.7.1)
Requirement already satisfied: nvidia-cublas==13.1.1.3.* in ./venv/lib/python3.10/site-packages (from cuda-toolkit[cublas,cudart,cufft,cufile,cupti,curand,cusolver,cusparse,nvjitlink,nvrtc,nvtx]==13.0.3; platform_system == "Linux"->torch>=2.0.0->accelerate->-r requirements.txt (line 4)) (13.1.1.3)
Requirement already satisfied: nvidia-cuda-nvrtc==13.0.88.* in ./venv/lib/python3.10/site-packages (from cuda-toolkit[cublas,cudart,cufft,cufile,cupti,curand,cusolver,cusparse,nvjitlink,nvrtc,nvtx]==13.0.3; platform_system == "Linux"->torch>=2.0.0->accelerate->-r requirements.txt (line 4)) (13.0.88)
Requirement already satisfied: nvidia-curand==10.4.0.35.* in ./venv/lib/python3.10/site-packages (from cuda-toolkit[cublas,cudart,cufft,cufile,cupti,curand,cusolver,cusparse,nvjitlink,nvrtc,nvtx]==13.0.3; platform_system == "Linux"->torch>=2.0.0->accelerate->-r requirements.txt (line 4)) (10.4.0.35)
Requirement already satisfied: nvidia-nvjitlink<14,>=13.0.88 in ./venv/lib/python3.10/site-packages (from cuda-toolkit[cublas,cudart,cufft,cufile,cupti,curand,cusolver,cusparse,nvjitlink,nvrtc,nvtx]==13.0.3; platform_system == "Linux"->torch>=2.0.0->accelerate->-r requirements.txt (line 4)) (13.3.33)
Requirement already satisfied: nvidia-cusolver==12.0.4.66.* in ./venv/lib/python3.10/site-packages (from cuda-toolkit[cublas,cudart,cufft,cufile,cupti,curand,cusolver,cusparse,nvjitlink,nvrtc,nvtx]==13.0.3; platform_system == "Linux"->torch>=2.0.0->accelerate->-r requirements.txt (line 4)) (12.0.4.66)
Requirement already satisfied: nvidia-cusparse==12.6.3.3.* in ./venv/lib/python3.10/site-packages (from cuda-toolkit[cublas,cudart,cufft,cufile,cupti,curand,cusolver,cusparse,nvjitlink,nvrtc,nvtx]==13.0.3; platform_system == "Linux"->torch>=2.0.0->accelerate->-r requirements.txt (line 4)) (12.6.3.3)
Requirement already satisfied: nvidia-cufft==12.0.0.61.* in ./venv/lib/python3.10/site-packages (from cuda-toolkit[cublas,cudart,cufft,cufile,cupti,curand,cusolver,cusparse,nvjitlink,nvrtc,nvtx]==13.0.3; platform_system == "Linux"->torch>=2.0.0->accelerate->-r requirements.txt (line 4)) (12.0.0.61)
Requirement already satisfied: nvidia-nvtx==13.0.85.* in ./venv/lib/python3.10/site-packages (from cuda-toolkit[cublas,cudart,cufft,cufile,cupti,curand,cusolver,cusparse,nvjitlink,nvrtc,nvtx]==13.0.3; platform_system == "Linux"->torch>=2.0.0->accelerate->-r requirements.txt (line 4)) (13.0.85)
Requirement already satisfied: nvidia-cufile==1.15.1.6.* in ./venv/lib/python3.10/site-packages (from cuda-toolkit[cublas,cudart,cufft,cufile,cupti,curand,cusolver,cusparse,nvjitlink,nvrtc,nvtx]==13.0.3; platform_system == "Linux"->torch>=2.0.0->accelerate->-r requirements.txt (line 4)) (1.15.1.6)
Requirement already satisfied: nvidia-cuda-runtime==13.0.96.* in ./venv/lib/python3.10/site-packages (from cuda-toolkit[cublas,cudart,cufft,cufile,cupti,curand,cusolver,cusparse,nvjitlink,nvrtc,nvtx]==13.0.3; platform_system == "Linux"->torch>=2.0.0->accelerate->-r requirements.txt (line 4)) (13.0.96)
Requirement already satisfied: nvidia-cuda-cupti==13.0.85.* in ./venv/lib/python3.10/site-packages (from cuda-toolkit[cublas,cudart,cufft,cufile,cupti,curand,cusolver,cusparse,nvjitlink,nvrtc,nvtx]==13.0.3; platform_system == "Linux"->torch>=2.0.0->accelerate->-r requirements.txt (line 4)) (13.0.85)
Requirement already satisfied: cuda-pathfinder>=1.4.2 in ./venv/lib/python3.10/site-packages (from cuda-bindings<14,>=13.0.3->torch>=2.0.0->accelerate->-r requirements.txt (line 4)) (1.6.0)
Requirement already satisfied: mpmath<1.4,>=1.1.0 in ./venv/lib/python3.10/site-packages (from sympy>=1.13.3->torch>=2.0.0->accelerate->-r requirements.txt (line 4)) (1.3.0)
Requirement already satisfied: exceptiongroup>=1.0.2 in ./venv/lib/python3.10/site-packages (from anyio->httpx<1,>=0.23.0->huggingface_hub>=0.21.0->accelerate->-r requirements.txt (line 4)) (1.3.1)
Requirement already satisfied: MarkupSafe>=2.0 in ./venv/lib/python3.10/site-packages (from jinja2->torch>=2.0.0->accelerate->-r requirements.txt (line 4)) (3.0.3)
[env] 记录环境信息
==========================================
[env] 虚拟环境创建完成: ibm-granite-granite-speech-4-1-2b
[env] 环境信息已写入: env_info.txt
==========================================
