==========================================
[env] 开始创建虚拟环境: paddlepaddle-pp-chart2table
==========================================
[env] PyPI 镜像源: https://pypi.mirrors.ustc.edu.cn/simple
[env] 虚拟环境已存在，跳过创建。如需重建请先删除 venv/
Looking in indexes: https://pypi.mirrors.ustc.edu.cn/simple
Requirement already satisfied: pip in ./venv/lib/python3.10/site-packages (26.2.1)
[env] 安装覆盖版本依赖
Looking in indexes: https://www.paddlepaddle.org.cn/packages/stable/cu126/
Requirement already satisfied: paddlepaddle-gpu==3.0.0 in ./venv/lib/python3.10/site-packages (3.0.0)
Requirement already satisfied: httpx in ./venv/lib/python3.10/site-packages (from paddlepaddle-gpu==3.0.0) (0.28.1)
Requirement already satisfied: numpy>=1.21 in ./venv/lib/python3.10/site-packages (from paddlepaddle-gpu==3.0.0) (2.2.6)
Requirement already satisfied: protobuf>=3.20.2 in ./venv/lib/python3.10/site-packages (from paddlepaddle-gpu==3.0.0) (6.33.4)
Requirement already satisfied: Pillow in ./venv/lib/python3.10/site-packages (from paddlepaddle-gpu==3.0.0) (12.1.0)
Requirement already satisfied: decorator in ./venv/lib/python3.10/site-packages (from paddlepaddle-gpu==3.0.0) (5.2.1)
Requirement already satisfied: astor in ./venv/lib/python3.10/site-packages (from paddlepaddle-gpu==3.0.0) (0.8.1)
Requirement already satisfied: opt_einsum==3.3.0 in ./venv/lib/python3.10/site-packages (from paddlepaddle-gpu==3.0.0) (3.3.0)
Requirement already satisfied: networkx in ./venv/lib/python3.10/site-packages (from paddlepaddle-gpu==3.0.0) (3.4.2)
Requirement already satisfied: typing_extensions in ./venv/lib/python3.10/site-packages (from paddlepaddle-gpu==3.0.0) (4.15.0)
Requirement already satisfied: nvidia-cuda-nvrtc-cu12==12.6.77 in ./venv/lib/python3.10/site-packages (from paddlepaddle-gpu==3.0.0) (12.6.77)
Requirement already satisfied: nvidia-cuda-runtime-cu12==12.6.77 in ./venv/lib/python3.10/site-packages (from paddlepaddle-gpu==3.0.0) (12.6.77)
Requirement already satisfied: nvidia-cuda-cupti-cu12==12.6.80 in ./venv/lib/python3.10/site-packages (from paddlepaddle-gpu==3.0.0) (12.6.80)
Requirement already satisfied: nvidia-cudnn-cu12==9.5.1.17 in ./venv/lib/python3.10/site-packages (from paddlepaddle-gpu==3.0.0) (9.5.1.17)
Requirement already satisfied: nvidia-cublas-cu12==12.6.4.1 in ./venv/lib/python3.10/site-packages (from paddlepaddle-gpu==3.0.0) (12.6.4.1)
Requirement already satisfied: nvidia-cufft-cu12==11.3.0.4 in ./venv/lib/python3.10/site-packages (from paddlepaddle-gpu==3.0.0) (11.3.0.4)
Requirement already satisfied: nvidia-curand-cu12==10.3.7.77 in ./venv/lib/python3.10/site-packages (from paddlepaddle-gpu==3.0.0) (10.3.7.77)
Requirement already satisfied: nvidia-cusolver-cu12==11.7.1.2 in ./venv/lib/python3.10/site-packages (from paddlepaddle-gpu==3.0.0) (11.7.1.2)
Requirement already satisfied: nvidia-cusparse-cu12==12.5.4.2 in ./venv/lib/python3.10/site-packages (from paddlepaddle-gpu==3.0.0) (12.5.4.2)
Requirement already satisfied: nvidia-cusparselt-cu12==0.6.3 in ./venv/lib/python3.10/site-packages (from paddlepaddle-gpu==3.0.0) (0.6.3)
Requirement already satisfied: nvidia-nccl-cu12==2.25.1 in ./venv/lib/python3.10/site-packages (from paddlepaddle-gpu==3.0.0) (2.25.1)
Requirement already satisfied: nvidia-nvtx-cu12==12.6.77 in ./venv/lib/python3.10/site-packages (from paddlepaddle-gpu==3.0.0) (12.6.77)
Requirement already satisfied: nvidia-nvjitlink-cu12==12.6.85 in ./venv/lib/python3.10/site-packages (from paddlepaddle-gpu==3.0.0) (12.6.85)
Requirement already satisfied: nvidia-cufile-cu12==1.11.1.6 in ./venv/lib/python3.10/site-packages (from paddlepaddle-gpu==3.0.0) (1.11.1.6)
Requirement already satisfied: anyio in ./venv/lib/python3.10/site-packages (from httpx->paddlepaddle-gpu==3.0.0) (4.12.1)
Requirement already satisfied: certifi in ./venv/lib/python3.10/site-packages (from httpx->paddlepaddle-gpu==3.0.0) (2026.1.4)
Requirement already satisfied: httpcore==1.* in ./venv/lib/python3.10/site-packages (from httpx->paddlepaddle-gpu==3.0.0) (1.0.9)
Requirement already satisfied: idna in ./venv/lib/python3.10/site-packages (from httpx->paddlepaddle-gpu==3.0.0) (3.11)
Requirement already satisfied: h11>=0.16 in ./venv/lib/python3.10/site-packages (from httpcore==1.*->httpx->paddlepaddle-gpu==3.0.0) (0.16.0)
Requirement already satisfied: exceptiongroup>=1.0.2 in ./venv/lib/python3.10/site-packages (from anyio->httpx->paddlepaddle-gpu==3.0.0) (1.3.1)
Looking in indexes: https://pypi.mirrors.ustc.edu.cn/simple
Requirement already satisfied: paddlex in ./venv/lib/python3.10/site-packages (3.7.2)
Requirement already satisfied: aistudio-sdk>=0.3.5 in ./venv/lib/python3.10/site-packages (from paddlex) (0.3.9)
Requirement already satisfied: chardet in ./venv/lib/python3.10/site-packages (from paddlex) (7.5.1)
Requirement already satisfied: colorlog in ./venv/lib/python3.10/site-packages (from paddlex) (6.12.0)
Requirement already satisfied: filelock in ./venv/lib/python3.10/site-packages (from paddlex) (3.32.3)
Requirement already satisfied: huggingface-hub in ./venv/lib/python3.10/site-packages (from paddlex) (1.27.0)
Requirement already satisfied: modelscope>=1.28.0 in ./venv/lib/python3.10/site-packages (from paddlex) (1.39.1)
Requirement already satisfied: numpy<2.4,>=1.24 in ./venv/lib/python3.10/site-packages (from paddlex) (2.2.6)
Requirement already satisfied: packaging in ./venv/lib/python3.10/site-packages (from paddlex) (26.3)
Requirement already satisfied: pandas>=1.3 in ./venv/lib/python3.10/site-packages (from paddlex) (2.3.3)
Requirement already satisfied: pillow in ./venv/lib/python3.10/site-packages (from paddlex) (12.1.0)
Requirement already satisfied: prettytable in ./venv/lib/python3.10/site-packages (from paddlex) (3.18.0)
Requirement already satisfied: py-cpuinfo in ./venv/lib/python3.10/site-packages (from paddlex) (9.0.0)
Requirement already satisfied: pydantic>=2 in ./venv/lib/python3.10/site-packages (from paddlex) (2.13.4)
Requirement already satisfied: PyYAML==6.0.2 in ./venv/lib/python3.10/site-packages (from paddlex) (6.0.2)
Requirement already satisfied: requests in ./venv/lib/python3.10/site-packages (from paddlex) (2.34.2)
Requirement already satisfied: ruamel.yaml in ./venv/lib/python3.10/site-packages (from paddlex) (0.19.1)
Requirement already satisfied: typing-extensions in ./venv/lib/python3.10/site-packages (from paddlex) (4.15.0)
Requirement already satisfied: ujson in ./venv/lib/python3.10/site-packages (from paddlex) (5.13.0)
Requirement already satisfied: einops in ./venv/lib/python3.10/site-packages (from paddlex[multimodal]) (0.8.2)
Requirement already satisfied: ftfy in ./venv/lib/python3.10/site-packages (from paddlex[multimodal]) (6.3.1)
Requirement already satisfied: GPUtil>=1.4 in ./venv/lib/python3.10/site-packages (from paddlex[multimodal]) (1.4.0)
Requirement already satisfied: Jinja2 in ./venv/lib/python3.10/site-packages (from paddlex[multimodal]) (3.1.6)
Requirement already satisfied: opencv-contrib-python==4.10.0.84 in ./venv/lib/python3.10/site-packages (from paddlex[multimodal]) (4.10.0.84)
Requirement already satisfied: pypdfium2>=4 in ./venv/lib/python3.10/site-packages (from paddlex[multimodal]) (5.13.0)
Requirement already satisfied: regex in ./venv/lib/python3.10/site-packages (from paddlex[multimodal]) (2026.7.19)
Requirement already satisfied: safetensors>=0.7.0 in ./venv/lib/python3.10/site-packages (from paddlex[multimodal]) (0.8.0)
Requirement already satisfied: sentencepiece in ./venv/lib/python3.10/site-packages (from paddlex[multimodal]) (0.2.2)
Requirement already satisfied: tiktoken in ./venv/lib/python3.10/site-packages (from paddlex[multimodal]) (0.13.0)
Requirement already satisfied: psutil in ./venv/lib/python3.10/site-packages (from aistudio-sdk>=0.3.5->paddlex) (7.2.2)
Requirement already satisfied: tqdm in ./venv/lib/python3.10/site-packages (from aistudio-sdk>=0.3.5->paddlex) (4.70.0)
Requirement already satisfied: bce-python-sdk in ./venv/lib/python3.10/site-packages (from aistudio-sdk>=0.3.5->paddlex) (0.9.76)
Requirement already satisfied: click in ./venv/lib/python3.10/site-packages (from aistudio-sdk>=0.3.5->paddlex) (8.4.2)
Requirement already satisfied: modelscope-hub>=0.2.0 in ./venv/lib/python3.10/site-packages (from modelscope>=1.28.0->paddlex) (0.2.0)
Requirement already satisfied: setuptools in ./venv/lib/python3.10/site-packages (from modelscope>=1.28.0->paddlex) (59.6.0)
Requirement already satisfied: urllib3>=1.26 in ./venv/lib/python3.10/site-packages (from modelscope>=1.28.0->paddlex) (2.7.0)
Requirement already satisfied: python-dateutil>=2.8.2 in ./venv/lib/python3.10/site-packages (from pandas>=1.3->paddlex) (2.9.0.post0)
Requirement already satisfied: pytz>=2020.1 in ./venv/lib/python3.10/site-packages (from pandas>=1.3->paddlex) (2026.3.post1)
Requirement already satisfied: tzdata>=2022.7 in ./venv/lib/python3.10/site-packages (from pandas>=1.3->paddlex) (2026.3)
Requirement already satisfied: annotated-types>=0.6.0 in ./venv/lib/python3.10/site-packages (from pydantic>=2->paddlex) (0.8.0)
Requirement already satisfied: pydantic-core==2.46.4 in ./venv/lib/python3.10/site-packages (from pydantic>=2->paddlex) (2.46.4)
Requirement already satisfied: typing-inspection>=0.4.2 in ./venv/lib/python3.10/site-packages (from pydantic>=2->paddlex) (0.4.4)
Requirement already satisfied: six>=1.5 in ./venv/lib/python3.10/site-packages (from python-dateutil>=2.8.2->pandas>=1.3->paddlex) (1.17.0)
Requirement already satisfied: charset_normalizer<4,>=2 in ./venv/lib/python3.10/site-packages (from requests->paddlex) (3.5.0)
Requirement already satisfied: idna<4,>=2.5 in ./venv/lib/python3.10/site-packages (from requests->paddlex) (3.11)
Requirement already satisfied: certifi>=2023.5.7 in ./venv/lib/python3.10/site-packages (from requests->paddlex) (2026.1.4)
Requirement already satisfied: pycryptodome>=3.8.0 in ./venv/lib/python3.10/site-packages (from bce-python-sdk->aistudio-sdk>=0.3.5->paddlex) (3.23.0)
Requirement already satisfied: future>=0.6.0 in ./venv/lib/python3.10/site-packages (from bce-python-sdk->aistudio-sdk>=0.3.5->paddlex) (1.0.0)
Requirement already satisfied: crc32c>=2.2.post0 in ./venv/lib/python3.10/site-packages (from bce-python-sdk->aistudio-sdk>=0.3.5->paddlex) (2.8)
Requirement already satisfied: wcwidth in ./venv/lib/python3.10/site-packages (from ftfy->paddlex[multimodal]) (0.8.2)
Requirement already satisfied: fsspec>=2023.5.0 in ./venv/lib/python3.10/site-packages (from huggingface-hub->paddlex) (2026.7.0)
Requirement already satisfied: hf-xet<2.0.0,>=1.5.2 in ./venv/lib/python3.10/site-packages (from huggingface-hub->paddlex) (1.6.0)
Requirement already satisfied: httpx<1,>=0.23.0 in ./venv/lib/python3.10/site-packages (from huggingface-hub->paddlex) (0.28.1)
Requirement already satisfied: anyio in ./venv/lib/python3.10/site-packages (from httpx<1,>=0.23.0->huggingface-hub->paddlex) (4.12.1)
Requirement already satisfied: httpcore==1.* in ./venv/lib/python3.10/site-packages (from httpx<1,>=0.23.0->huggingface-hub->paddlex) (1.0.9)
Requirement already satisfied: h11>=0.16 in ./venv/lib/python3.10/site-packages (from httpcore==1.*->httpx<1,>=0.23.0->huggingface-hub->paddlex) (0.16.0)
Requirement already satisfied: exceptiongroup>=1.0.2 in ./venv/lib/python3.10/site-packages (from anyio->httpx<1,>=0.23.0->huggingface-hub->paddlex) (1.3.1)
Requirement already satisfied: MarkupSafe>=2.0 in ./venv/lib/python3.10/site-packages (from Jinja2->paddlex[multimodal]) (3.0.3)
[env] 安装 requirements.txt 模型特有依赖
Looking in indexes: https://pypi.mirrors.ustc.edu.cn/simple
Requirement already satisfied: paddlex in ./venv/lib/python3.10/site-packages (from -r requirements.txt (line 5)) (3.7.2)
Requirement already satisfied: aistudio-sdk>=0.3.5 in ./venv/lib/python3.10/site-packages (from paddlex->-r requirements.txt (line 5)) (0.3.9)
Requirement already satisfied: chardet in ./venv/lib/python3.10/site-packages (from paddlex->-r requirements.txt (line 5)) (7.5.1)
Requirement already satisfied: colorlog in ./venv/lib/python3.10/site-packages (from paddlex->-r requirements.txt (line 5)) (6.12.0)
Requirement already satisfied: filelock in ./venv/lib/python3.10/site-packages (from paddlex->-r requirements.txt (line 5)) (3.32.3)
Requirement already satisfied: huggingface-hub in ./venv/lib/python3.10/site-packages (from paddlex->-r requirements.txt (line 5)) (1.27.0)
Requirement already satisfied: modelscope>=1.28.0 in ./venv/lib/python3.10/site-packages (from paddlex->-r requirements.txt (line 5)) (1.39.1)
Requirement already satisfied: numpy<2.4,>=1.24 in ./venv/lib/python3.10/site-packages (from paddlex->-r requirements.txt (line 5)) (2.2.6)
Requirement already satisfied: packaging in ./venv/lib/python3.10/site-packages (from paddlex->-r requirements.txt (line 5)) (26.3)
Requirement already satisfied: pandas>=1.3 in ./venv/lib/python3.10/site-packages (from paddlex->-r requirements.txt (line 5)) (2.3.3)
Requirement already satisfied: pillow in ./venv/lib/python3.10/site-packages (from paddlex->-r requirements.txt (line 5)) (12.1.0)
Requirement already satisfied: prettytable in ./venv/lib/python3.10/site-packages (from paddlex->-r requirements.txt (line 5)) (3.18.0)
Requirement already satisfied: py-cpuinfo in ./venv/lib/python3.10/site-packages (from paddlex->-r requirements.txt (line 5)) (9.0.0)
Requirement already satisfied: pydantic>=2 in ./venv/lib/python3.10/site-packages (from paddlex->-r requirements.txt (line 5)) (2.13.4)
Requirement already satisfied: PyYAML==6.0.2 in ./venv/lib/python3.10/site-packages (from paddlex->-r requirements.txt (line 5)) (6.0.2)
Requirement already satisfied: requests in ./venv/lib/python3.10/site-packages (from paddlex->-r requirements.txt (line 5)) (2.34.2)
Requirement already satisfied: ruamel.yaml in ./venv/lib/python3.10/site-packages (from paddlex->-r requirements.txt (line 5)) (0.19.1)
Requirement already satisfied: typing-extensions in ./venv/lib/python3.10/site-packages (from paddlex->-r requirements.txt (line 5)) (4.15.0)
Requirement already satisfied: ujson in ./venv/lib/python3.10/site-packages (from paddlex->-r requirements.txt (line 5)) (5.13.0)
Requirement already satisfied: einops in ./venv/lib/python3.10/site-packages (from paddlex[multimodal]->-r requirements.txt (line 6)) (0.8.2)
Requirement already satisfied: ftfy in ./venv/lib/python3.10/site-packages (from paddlex[multimodal]->-r requirements.txt (line 6)) (6.3.1)
Requirement already satisfied: GPUtil>=1.4 in ./venv/lib/python3.10/site-packages (from paddlex[multimodal]->-r requirements.txt (line 6)) (1.4.0)
Requirement already satisfied: Jinja2 in ./venv/lib/python3.10/site-packages (from paddlex[multimodal]->-r requirements.txt (line 6)) (3.1.6)
Requirement already satisfied: opencv-contrib-python==4.10.0.84 in ./venv/lib/python3.10/site-packages (from paddlex[multimodal]->-r requirements.txt (line 6)) (4.10.0.84)
Requirement already satisfied: pypdfium2>=4 in ./venv/lib/python3.10/site-packages (from paddlex[multimodal]->-r requirements.txt (line 6)) (5.13.0)
Requirement already satisfied: regex in ./venv/lib/python3.10/site-packages (from paddlex[multimodal]->-r requirements.txt (line 6)) (2026.7.19)
Requirement already satisfied: safetensors>=0.7.0 in ./venv/lib/python3.10/site-packages (from paddlex[multimodal]->-r requirements.txt (line 6)) (0.8.0)
Requirement already satisfied: sentencepiece in ./venv/lib/python3.10/site-packages (from paddlex[multimodal]->-r requirements.txt (line 6)) (0.2.2)
Requirement already satisfied: tiktoken in ./venv/lib/python3.10/site-packages (from paddlex[multimodal]->-r requirements.txt (line 6)) (0.13.0)
Requirement already satisfied: psutil in ./venv/lib/python3.10/site-packages (from aistudio-sdk>=0.3.5->paddlex->-r requirements.txt (line 5)) (7.2.2)
Requirement already satisfied: tqdm in ./venv/lib/python3.10/site-packages (from aistudio-sdk>=0.3.5->paddlex->-r requirements.txt (line 5)) (4.70.0)
Requirement already satisfied: bce-python-sdk in ./venv/lib/python3.10/site-packages (from aistudio-sdk>=0.3.5->paddlex->-r requirements.txt (line 5)) (0.9.76)
Requirement already satisfied: click in ./venv/lib/python3.10/site-packages (from aistudio-sdk>=0.3.5->paddlex->-r requirements.txt (line 5)) (8.4.2)
Requirement already satisfied: modelscope-hub>=0.2.0 in ./venv/lib/python3.10/site-packages (from modelscope>=1.28.0->paddlex->-r requirements.txt (line 5)) (0.2.0)
Requirement already satisfied: setuptools in ./venv/lib/python3.10/site-packages (from modelscope>=1.28.0->paddlex->-r requirements.txt (line 5)) (59.6.0)
Requirement already satisfied: urllib3>=1.26 in ./venv/lib/python3.10/site-packages (from modelscope>=1.28.0->paddlex->-r requirements.txt (line 5)) (2.7.0)
Requirement already satisfied: python-dateutil>=2.8.2 in ./venv/lib/python3.10/site-packages (from pandas>=1.3->paddlex->-r requirements.txt (line 5)) (2.9.0.post0)
Requirement already satisfied: pytz>=2020.1 in ./venv/lib/python3.10/site-packages (from pandas>=1.3->paddlex->-r requirements.txt (line 5)) (2026.3.post1)
Requirement already satisfied: tzdata>=2022.7 in ./venv/lib/python3.10/site-packages (from pandas>=1.3->paddlex->-r requirements.txt (line 5)) (2026.3)
Requirement already satisfied: annotated-types>=0.6.0 in ./venv/lib/python3.10/site-packages (from pydantic>=2->paddlex->-r requirements.txt (line 5)) (0.8.0)
Requirement already satisfied: pydantic-core==2.46.4 in ./venv/lib/python3.10/site-packages (from pydantic>=2->paddlex->-r requirements.txt (line 5)) (2.46.4)
Requirement already satisfied: typing-inspection>=0.4.2 in ./venv/lib/python3.10/site-packages (from pydantic>=2->paddlex->-r requirements.txt (line 5)) (0.4.4)
Requirement already satisfied: six>=1.5 in ./venv/lib/python3.10/site-packages (from python-dateutil>=2.8.2->pandas>=1.3->paddlex->-r requirements.txt (line 5)) (1.17.0)
Requirement already satisfied: charset_normalizer<4,>=2 in ./venv/lib/python3.10/site-packages (from requests->paddlex->-r requirements.txt (line 5)) (3.5.0)
Requirement already satisfied: idna<4,>=2.5 in ./venv/lib/python3.10/site-packages (from requests->paddlex->-r requirements.txt (line 5)) (3.11)
Requirement already satisfied: certifi>=2023.5.7 in ./venv/lib/python3.10/site-packages (from requests->paddlex->-r requirements.txt (line 5)) (2026.1.4)
Requirement already satisfied: pycryptodome>=3.8.0 in ./venv/lib/python3.10/site-packages (from bce-python-sdk->aistudio-sdk>=0.3.5->paddlex->-r requirements.txt (line 5)) (3.23.0)
Requirement already satisfied: future>=0.6.0 in ./venv/lib/python3.10/site-packages (from bce-python-sdk->aistudio-sdk>=0.3.5->paddlex->-r requirements.txt (line 5)) (1.0.0)
Requirement already satisfied: crc32c>=2.2.post0 in ./venv/lib/python3.10/site-packages (from bce-python-sdk->aistudio-sdk>=0.3.5->paddlex->-r requirements.txt (line 5)) (2.8)
Requirement already satisfied: wcwidth in ./venv/lib/python3.10/site-packages (from ftfy->paddlex[multimodal]->-r requirements.txt (line 6)) (0.8.2)
Requirement already satisfied: fsspec>=2023.5.0 in ./venv/lib/python3.10/site-packages (from huggingface-hub->paddlex->-r requirements.txt (line 5)) (2026.7.0)
Requirement already satisfied: hf-xet<2.0.0,>=1.5.2 in ./venv/lib/python3.10/site-packages (from huggingface-hub->paddlex->-r requirements.txt (line 5)) (1.6.0)
Requirement already satisfied: httpx<1,>=0.23.0 in ./venv/lib/python3.10/site-packages (from huggingface-hub->paddlex->-r requirements.txt (line 5)) (0.28.1)
Requirement already satisfied: anyio in ./venv/lib/python3.10/site-packages (from httpx<1,>=0.23.0->huggingface-hub->paddlex->-r requirements.txt (line 5)) (4.12.1)
Requirement already satisfied: httpcore==1.* in ./venv/lib/python3.10/site-packages (from httpx<1,>=0.23.0->huggingface-hub->paddlex->-r requirements.txt (line 5)) (1.0.9)
Requirement already satisfied: h11>=0.16 in ./venv/lib/python3.10/site-packages (from httpcore==1.*->httpx<1,>=0.23.0->huggingface-hub->paddlex->-r requirements.txt (line 5)) (0.16.0)
Requirement already satisfied: exceptiongroup>=1.0.2 in ./venv/lib/python3.10/site-packages (from anyio->httpx<1,>=0.23.0->huggingface-hub->paddlex->-r requirements.txt (line 5)) (1.3.1)
Requirement already satisfied: MarkupSafe>=2.0 in ./venv/lib/python3.10/site-packages (from Jinja2->paddlex[multimodal]->-r requirements.txt (line 6)) (3.0.3)
[env] 记录环境信息
==========================================
[env] 虚拟环境创建完成: paddlepaddle-pp-chart2table
[env] 环境信息已写入: env_info.txt
==========================================
