==========================================
[env] 开始创建虚拟环境: docling-project-codeformulav2
==========================================
[env] PyPI 镜像源: https://pypi.mirrors.ustc.edu.cn/simple
[env] 虚拟环境已存在，跳过创建。如需重建请先删除 venv/
Looking in indexes: https://pypi.mirrors.ustc.edu.cn/simple
Requirement already satisfied: pip in ./venv/lib/python3.10/site-packages (26.2.1)
[env] 安装覆盖版本依赖
Looking in indexes: https://pypi.mirrors.ustc.edu.cn/simple
Requirement already satisfied: docling in ./venv/lib/python3.10/site-packages (2.119.0)
Requirement already satisfied: onnxruntime in ./venv/lib/python3.10/site-packages (1.23.2)
Requirement already satisfied: docling-slim==2.119.0 in ./venv/lib/python3.10/site-packages (from docling-slim[standard]==2.119.0->docling) (2.119.0)
Requirement already satisfied: certifi>=2024.7.4 in ./venv/lib/python3.10/site-packages (from docling-slim==2.119.0->docling-slim[standard]==2.119.0->docling) (2026.7.22)
Requirement already satisfied: docling-core<3.0.0,>=2.90.0 in ./venv/lib/python3.10/site-packages (from docling-slim==2.119.0->docling-slim[standard]==2.119.0->docling) (2.91.0)
Requirement already satisfied: filetype<2.0.0,>=1.2.0 in ./venv/lib/python3.10/site-packages (from docling-slim==2.119.0->docling-slim[standard]==2.119.0->docling) (1.2.0)
Requirement already satisfied: pluggy<2.0.0,>=1.0.0 in ./venv/lib/python3.10/site-packages (from docling-slim==2.119.0->docling-slim[standard]==2.119.0->docling) (1.6.0)
Requirement already satisfied: pydantic-settings<3.0.0,>=2.3.0 in ./venv/lib/python3.10/site-packages (from docling-slim==2.119.0->docling-slim[standard]==2.119.0->docling) (2.15.0)
Requirement already satisfied: pydantic<3.0.0,>=2.0.0 in ./venv/lib/python3.10/site-packages (from docling-slim==2.119.0->docling-slim[standard]==2.119.0->docling) (2.13.4)
Requirement already satisfied: requests<3.0.0,>=2.32.2 in ./venv/lib/python3.10/site-packages (from docling-slim==2.119.0->docling-slim[standard]==2.119.0->docling) (2.34.2)
Requirement already satisfied: tqdm<5.0.0,>=4.65.0 in ./venv/lib/python3.10/site-packages (from docling-slim==2.119.0->docling-slim[standard]==2.119.0->docling) (4.70.0)
Requirement already satisfied: accelerate<2,>=1.0.0 in ./venv/lib/python3.10/site-packages (from docling-slim[standard]==2.119.0->docling) (1.14.0)
Requirement already satisfied: beautifulsoup4<5.0.0,>=4.12.3 in ./venv/lib/python3.10/site-packages (from docling-slim[standard]==2.119.0->docling) (4.15.0)
Requirement already satisfied: defusedxml<0.8.0,>=0.7.1 in ./venv/lib/python3.10/site-packages (from docling-slim[standard]==2.119.0->docling) (0.7.1)
Requirement already satisfied: docling-ibm-models<4,>=3.13.0 in ./venv/lib/python3.10/site-packages (from docling-slim[standard]==2.119.0->docling) (3.14.0)
Requirement already satisfied: docling-parse<8.0.0,>=7.0.0 in ./venv/lib/python3.10/site-packages (from docling-slim[standard]==2.119.0->docling) (7.12.1)
Requirement already satisfied: httpx<1.0.0,>=0.28 in ./venv/lib/python3.10/site-packages (from docling-slim[standard]==2.119.0->docling) (0.28.1)
Requirement already satisfied: huggingface-hub<2,>=0.23 in ./venv/lib/python3.10/site-packages (from docling-slim[standard]==2.119.0->docling) (1.27.0)
Requirement already satisfied: mail-parser<5.0.0,>=4.1.4 in ./venv/lib/python3.10/site-packages (from docling-slim[standard]==2.119.0->docling) (4.6.2)
Requirement already satisfied: marko<3.0.0,>=2.1.2 in ./venv/lib/python3.10/site-packages (from docling-slim[standard]==2.119.0->docling) (2.2.4)
Requirement already satisfied: numpy<3.0.0,>=1.24.0 in ./venv/lib/python3.10/site-packages (from docling-slim[standard]==2.119.0->docling) (2.2.6)
Requirement already satisfied: openpyxl<4.0.0,>=3.1.5 in ./venv/lib/python3.10/site-packages (from docling-slim[standard]==2.119.0->docling) (3.1.5)
Requirement already satisfied: pillow<13.0.0,>=10.0.0 in ./venv/lib/python3.10/site-packages (from docling-slim[standard]==2.119.0->docling) (12.3.0)
Requirement already satisfied: polyfactory>=2.22.2 in ./venv/lib/python3.10/site-packages (from docling-slim[standard]==2.119.0->docling) (3.3.0)
Requirement already satisfied: pylatexenc<3.0,>=2.10 in ./venv/lib/python3.10/site-packages (from docling-slim[standard]==2.119.0->docling) (2.11)
Requirement already satisfied: pypdfium2!=4.30.1,<6.0.0,>=4.30.0 in ./venv/lib/python3.10/site-packages (from docling-slim[standard]==2.119.0->docling) (5.13.0)
Requirement already satisfied: python-docx<2.0.0,>=1.2.0 in ./venv/lib/python3.10/site-packages (from docling-slim[standard]==2.119.0->docling) (1.2.0)
Requirement already satisfied: python-dotenv~=1.0 in ./venv/lib/python3.10/site-packages (from docling-slim[standard]==2.119.0->docling) (1.2.2)
Requirement already satisfied: python-oxmsg<0.1.0,>=0.0.2 in ./venv/lib/python3.10/site-packages (from docling-slim[standard]==2.119.0->docling) (0.0.2)
Requirement already satisfied: python-pptx<2.0.0,>=1.0.2 in ./venv/lib/python3.10/site-packages (from docling-slim[standard]==2.119.0->docling) (1.0.2)
Requirement already satisfied: rapidocr<4.0.0,>=3.9.1 in ./venv/lib/python3.10/site-packages (from docling-slim[standard]==2.119.0->docling) (3.9.2)
Requirement already satisfied: rich>=13.0.0 in ./venv/lib/python3.10/site-packages (from docling-slim[standard]==2.119.0->docling) (15.0.0)
Requirement already satisfied: rtree<2.0.0,>=1.3.0 in ./venv/lib/python3.10/site-packages (from docling-slim[standard]==2.119.0->docling) (1.4.1)
Requirement already satisfied: scipy<2.0.0,>=1.6.0 in ./venv/lib/python3.10/site-packages (from docling-slim[standard]==2.119.0->docling) (1.15.3)
Requirement already satisfied: torch<3.0.0,>=2.2.2 in ./venv/lib/python3.10/site-packages (from docling-slim[standard]==2.119.0->docling) (2.13.0)
Requirement already satisfied: torchvision<1,>=0 in ./venv/lib/python3.10/site-packages (from docling-slim[standard]==2.119.0->docling) (0.28.0)
Requirement already satisfied: typer<0.27.0,>=0.12.5 in ./venv/lib/python3.10/site-packages (from docling-slim[standard]==2.119.0->docling) (0.26.8)
Requirement already satisfied: websockets<17.0,>=14.0 in ./venv/lib/python3.10/site-packages (from docling-slim[standard]==2.119.0->docling) (16.1.1)
Requirement already satisfied: packaging>=20.0 in ./venv/lib/python3.10/site-packages (from accelerate<2,>=1.0.0->docling-slim[standard]==2.119.0->docling) (26.3)
Requirement already satisfied: psutil in ./venv/lib/python3.10/site-packages (from accelerate<2,>=1.0.0->docling-slim[standard]==2.119.0->docling) (7.2.2)
Requirement already satisfied: pyyaml in ./venv/lib/python3.10/site-packages (from accelerate<2,>=1.0.0->docling-slim[standard]==2.119.0->docling) (6.0.3)
Requirement already satisfied: safetensors>=0.4.3 in ./venv/lib/python3.10/site-packages (from accelerate<2,>=1.0.0->docling-slim[standard]==2.119.0->docling) (0.8.0)
Requirement already satisfied: soupsieve>=1.6.1 in ./venv/lib/python3.10/site-packages (from beautifulsoup4<5.0.0,>=4.12.3->docling-slim[standard]==2.119.0->docling) (2.9.2)
Requirement already satisfied: typing-extensions>=4.0.0 in ./venv/lib/python3.10/site-packages (from beautifulsoup4<5.0.0,>=4.12.3->docling-slim[standard]==2.119.0->docling) (4.16.0)
Requirement already satisfied: jsonschema<5.0.0,>=4.16.0 in ./venv/lib/python3.10/site-packages (from docling-core<3.0.0,>=2.90.0->docling-slim==2.119.0->docling-slim[standard]==2.119.0->docling) (4.26.0)
Requirement already satisfied: jsonref<2.0.0,>=1.1.0 in ./venv/lib/python3.10/site-packages (from docling-core<3.0.0,>=2.90.0->docling-slim==2.119.0->docling-slim[standard]==2.119.0->docling) (1.1.0)
Requirement already satisfied: tabulate<0.11.0,>=0.9.0 in ./venv/lib/python3.10/site-packages (from docling-core<3.0.0,>=2.90.0->docling-slim==2.119.0->docling-slim[standard]==2.119.0->docling) (0.10.0)
Requirement already satisfied: pandas<4.0.0,>=2.1.4 in ./venv/lib/python3.10/site-packages (from docling-core<3.0.0,>=2.90.0->docling-slim==2.119.0->docling-slim[standard]==2.119.0->docling) (2.3.3)
Requirement already satisfied: latex2mathml<4.0.0,>=3.77.0 in ./venv/lib/python3.10/site-packages (from docling-core<3.0.0,>=2.90.0->docling-slim==2.119.0->docling-slim[standard]==2.119.0->docling) (3.81.0)
Requirement already satisfied: doclang<0.8,>=0.7 in ./venv/lib/python3.10/site-packages (from docling-core<3.0.0,>=2.90.0->docling-slim==2.119.0->docling-slim[standard]==2.119.0->docling) (0.7.3)
Requirement already satisfied: lxml>=4.8.0 in ./venv/lib/python3.10/site-packages (from doclang<0.8,>=0.7->docling-core<3.0.0,>=2.90.0->docling-slim==2.119.0->docling-slim[standard]==2.119.0->docling) (6.1.1)
Requirement already satisfied: semchunk<4.0.0,>=2.2.0 in ./venv/lib/python3.10/site-packages (from docling-core[chunking]<3.0.0,>=2.73.0; extra == "standard"->docling-slim[standard]==2.119.0->docling) (3.2.5)
Requirement already satisfied: tree-sitter<0.27.0,>=0.25.0 in ./venv/lib/python3.10/site-packages (from docling-core[chunking]<3.0.0,>=2.73.0; extra == "standard"->docling-slim[standard]==2.119.0->docling) (0.26.0)
Requirement already satisfied: tree-sitter-python>=0.23.6 in ./venv/lib/python3.10/site-packages (from docling-core[chunking]<3.0.0,>=2.73.0; extra == "standard"->docling-slim[standard]==2.119.0->docling) (0.25.0)
Requirement already satisfied: tree-sitter-c>=0.23.4 in ./venv/lib/python3.10/site-packages (from docling-core[chunking]<3.0.0,>=2.73.0; extra == "standard"->docling-slim[standard]==2.119.0->docling) (0.24.2)
Requirement already satisfied: tree-sitter-javascript>=0.23.1 in ./venv/lib/python3.10/site-packages (from docling-core[chunking]<3.0.0,>=2.73.0; extra == "standard"->docling-slim[standard]==2.119.0->docling) (0.25.0)
Requirement already satisfied: tree-sitter-typescript>=0.23.2 in ./venv/lib/python3.10/site-packages (from docling-core[chunking]<3.0.0,>=2.73.0; extra == "standard"->docling-slim[standard]==2.119.0->docling) (0.23.2)
Requirement already satisfied: transformers!=5.0.*,!=5.1.*,!=5.2.*,!=5.3.*,<6.0.0,>=4.34.0 in ./venv/lib/python3.10/site-packages (from docling-core[chunking]<3.0.0,>=2.73.0; extra == "standard"->docling-slim[standard]==2.119.0->docling) (5.15.0)
Requirement already satisfied: jsonlines<5.0.0,>=3.1.0 in ./venv/lib/python3.10/site-packages (from docling-ibm-models<4,>=3.13.0->docling-slim[standard]==2.119.0->docling) (4.0.0)
Requirement already satisfied: anyio in ./venv/lib/python3.10/site-packages (from httpx<1.0.0,>=0.28->docling-slim[standard]==2.119.0->docling) (4.14.2)
Requirement already satisfied: httpcore==1.* in ./venv/lib/python3.10/site-packages (from httpx<1.0.0,>=0.28->docling-slim[standard]==2.119.0->docling) (1.0.9)
Requirement already satisfied: idna in ./venv/lib/python3.10/site-packages (from httpx<1.0.0,>=0.28->docling-slim[standard]==2.119.0->docling) (3.18)
Requirement already satisfied: h11>=0.16 in ./venv/lib/python3.10/site-packages (from httpcore==1.*->httpx<1.0.0,>=0.28->docling-slim[standard]==2.119.0->docling) (0.16.0)
Requirement already satisfied: click<9.0.0,>=8.4.2 in ./venv/lib/python3.10/site-packages (from huggingface-hub<2,>=0.23->docling-slim[standard]==2.119.0->docling) (8.4.2)
Requirement already satisfied: filelock>=3.10.0 in ./venv/lib/python3.10/site-packages (from huggingface-hub<2,>=0.23->docling-slim[standard]==2.119.0->docling) (3.32.3)
Requirement already satisfied: fsspec>=2023.5.0 in ./venv/lib/python3.10/site-packages (from huggingface-hub<2,>=0.23->docling-slim[standard]==2.119.0->docling) (2026.7.0)
Requirement already satisfied: hf-xet<2.0.0,>=1.5.2 in ./venv/lib/python3.10/site-packages (from huggingface-hub<2,>=0.23->docling-slim[standard]==2.119.0->docling) (1.6.0)
Requirement already satisfied: attrs>=19.2.0 in ./venv/lib/python3.10/site-packages (from jsonlines<5.0.0,>=3.1.0->docling-ibm-models<4,>=3.13.0->docling-slim[standard]==2.119.0->docling) (26.1.0)
Requirement already satisfied: jsonschema-specifications>=2023.03.6 in ./venv/lib/python3.10/site-packages (from jsonschema<5.0.0,>=4.16.0->docling-core<3.0.0,>=2.90.0->docling-slim==2.119.0->docling-slim[standard]==2.119.0->docling) (2025.9.1)
Requirement already satisfied: referencing>=0.28.4 in ./venv/lib/python3.10/site-packages (from jsonschema<5.0.0,>=4.16.0->docling-core<3.0.0,>=2.90.0->docling-slim==2.119.0->docling-slim[standard]==2.119.0->docling) (0.37.0)
Requirement already satisfied: rpds-py>=0.25.0 in ./venv/lib/python3.10/site-packages (from jsonschema<5.0.0,>=4.16.0->docling-core<3.0.0,>=2.90.0->docling-slim==2.119.0->docling-slim[standard]==2.119.0->docling) (0.30.0)
Requirement already satisfied: et-xmlfile in ./venv/lib/python3.10/site-packages (from openpyxl<4.0.0,>=3.1.5->docling-slim[standard]==2.119.0->docling) (2.0.0)
Requirement already satisfied: python-dateutil>=2.8.2 in ./venv/lib/python3.10/site-packages (from pandas<4.0.0,>=2.1.4->docling-core<3.0.0,>=2.90.0->docling-slim==2.119.0->docling-slim[standard]==2.119.0->docling) (2.9.0.post0)
Requirement already satisfied: pytz>=2020.1 in ./venv/lib/python3.10/site-packages (from pandas<4.0.0,>=2.1.4->docling-core<3.0.0,>=2.90.0->docling-slim==2.119.0->docling-slim[standard]==2.119.0->docling) (2026.3.post1)
Requirement already satisfied: tzdata>=2022.7 in ./venv/lib/python3.10/site-packages (from pandas<4.0.0,>=2.1.4->docling-core<3.0.0,>=2.90.0->docling-slim==2.119.0->docling-slim[standard]==2.119.0->docling) (2026.3)
Requirement already satisfied: annotated-types>=0.6.0 in ./venv/lib/python3.10/site-packages (from pydantic<3.0.0,>=2.0.0->docling-slim==2.119.0->docling-slim[standard]==2.119.0->docling) (0.8.0)
Requirement already satisfied: pydantic-core==2.46.4 in ./venv/lib/python3.10/site-packages (from pydantic<3.0.0,>=2.0.0->docling-slim==2.119.0->docling-slim[standard]==2.119.0->docling) (2.46.4)
Requirement already satisfied: typing-inspection>=0.4.2 in ./venv/lib/python3.10/site-packages (from pydantic<3.0.0,>=2.0.0->docling-slim==2.119.0->docling-slim[standard]==2.119.0->docling) (0.4.4)
Requirement already satisfied: olefile in ./venv/lib/python3.10/site-packages (from python-oxmsg<0.1.0,>=0.0.2->docling-slim[standard]==2.119.0->docling) (0.47)
Requirement already satisfied: XlsxWriter>=0.5.7 in ./venv/lib/python3.10/site-packages (from python-pptx<2.0.0,>=1.0.2->docling-slim[standard]==2.119.0->docling) (3.2.9)
Requirement already satisfied: pyclipper>=1.2.0 in ./venv/lib/python3.10/site-packages (from rapidocr<4.0.0,>=3.9.1->docling-slim[standard]==2.119.0->docling) (1.4.0)
Requirement already satisfied: opencv_python>=4.5.1.48 in ./venv/lib/python3.10/site-packages (from rapidocr<4.0.0,>=3.9.1->docling-slim[standard]==2.119.0->docling) (5.0.0.93)
Requirement already satisfied: six>=1.15.0 in ./venv/lib/python3.10/site-packages (from rapidocr<4.0.0,>=3.9.1->docling-slim[standard]==2.119.0->docling) (1.17.0)
Requirement already satisfied: Shapely!=2.0.4,>=1.7.1 in ./venv/lib/python3.10/site-packages (from rapidocr<4.0.0,>=3.9.1->docling-slim[standard]==2.119.0->docling) (2.1.2)
Requirement already satisfied: omegaconf!=2.2.1 in ./venv/lib/python3.10/site-packages (from rapidocr<4.0.0,>=3.9.1->docling-slim[standard]==2.119.0->docling) (2.3.1)
Requirement already satisfied: colorlog in ./venv/lib/python3.10/site-packages (from rapidocr<4.0.0,>=3.9.1->docling-slim[standard]==2.119.0->docling) (6.12.0)
Requirement already satisfied: charset_normalizer<4,>=2 in ./venv/lib/python3.10/site-packages (from requests<3.0.0,>=2.32.2->docling-slim==2.119.0->docling-slim[standard]==2.119.0->docling) (3.5.0)
Requirement already satisfied: urllib3<3,>=1.26 in ./venv/lib/python3.10/site-packages (from requests<3.0.0,>=2.32.2->docling-slim==2.119.0->docling-slim[standard]==2.119.0->docling) (2.7.0)
Requirement already satisfied: mpire[dill] in ./venv/lib/python3.10/site-packages (from semchunk<4.0.0,>=2.2.0->docling-core[chunking]<3.0.0,>=2.73.0; extra == "standard"->docling-slim[standard]==2.119.0->docling) (2.10.2)
Requirement already satisfied: setuptools>=77.0.3 in ./venv/lib/python3.10/site-packages (from torch<3.0.0,>=2.2.2->docling-slim[standard]==2.119.0->docling) (84.0.0)
Requirement already satisfied: sympy>=1.13.3 in ./venv/lib/python3.10/site-packages (from torch<3.0.0,>=2.2.2->docling-slim[standard]==2.119.0->docling) (1.14.0)
Requirement already satisfied: networkx>=2.5.1 in ./venv/lib/python3.10/site-packages (from torch<3.0.0,>=2.2.2->docling-slim[standard]==2.119.0->docling) (3.4.2)
Requirement already satisfied: jinja2 in ./venv/lib/python3.10/site-packages (from torch<3.0.0,>=2.2.2->docling-slim[standard]==2.119.0->docling) (3.1.6)
Requirement already satisfied: cuda-toolkit==13.0.3 in ./venv/lib/python3.10/site-packages (from cuda-toolkit[cublas,cudart,cufft,cufile,cupti,curand,cusolver,cusparse,nvjitlink,nvrtc,nvtx]==13.0.3; platform_system == "Linux"->torch<3.0.0,>=2.2.2->docling-slim[standard]==2.119.0->docling) (13.0.3.0)
Requirement already satisfied: cuda-bindings<14,>=13.0.3 in ./venv/lib/python3.10/site-packages (from torch<3.0.0,>=2.2.2->docling-slim[standard]==2.119.0->docling) (13.3.1)
Requirement already satisfied: nvidia-cudnn-cu13==9.20.0.48 in ./venv/lib/python3.10/site-packages (from torch<3.0.0,>=2.2.2->docling-slim[standard]==2.119.0->docling) (9.20.0.48)
Requirement already satisfied: nvidia-cusparselt-cu13==0.8.1 in ./venv/lib/python3.10/site-packages (from torch<3.0.0,>=2.2.2->docling-slim[standard]==2.119.0->docling) (0.8.1)
Requirement already satisfied: nvidia-nccl-cu13==2.29.7 in ./venv/lib/python3.10/site-packages (from torch<3.0.0,>=2.2.2->docling-slim[standard]==2.119.0->docling) (2.29.7)
Requirement already satisfied: nvidia-nvshmem-cu13==3.4.5 in ./venv/lib/python3.10/site-packages (from torch<3.0.0,>=2.2.2->docling-slim[standard]==2.119.0->docling) (3.4.5)
Requirement already satisfied: triton==3.7.1 in ./venv/lib/python3.10/site-packages (from torch<3.0.0,>=2.2.2->docling-slim[standard]==2.119.0->docling) (3.7.1)
Requirement already satisfied: nvidia-cuda-cupti==13.0.85.* in ./venv/lib/python3.10/site-packages (from cuda-toolkit[cublas,cudart,cufft,cufile,cupti,curand,cusolver,cusparse,nvjitlink,nvrtc,nvtx]==13.0.3; platform_system == "Linux"->torch<3.0.0,>=2.2.2->docling-slim[standard]==2.119.0->docling) (13.0.85)
Requirement already satisfied: nvidia-cufile==1.15.1.6.* in ./venv/lib/python3.10/site-packages (from cuda-toolkit[cublas,cudart,cufft,cufile,cupti,curand,cusolver,cusparse,nvjitlink,nvrtc,nvtx]==13.0.3; platform_system == "Linux"->torch<3.0.0,>=2.2.2->docling-slim[standard]==2.119.0->docling) (1.15.1.6)
Requirement already satisfied: nvidia-cufft==12.0.0.61.* in ./venv/lib/python3.10/site-packages (from cuda-toolkit[cublas,cudart,cufft,cufile,cupti,curand,cusolver,cusparse,nvjitlink,nvrtc,nvtx]==13.0.3; platform_system == "Linux"->torch<3.0.0,>=2.2.2->docling-slim[standard]==2.119.0->docling) (12.0.0.61)
Requirement already satisfied: nvidia-nvjitlink<14,>=13.0.88 in ./venv/lib/python3.10/site-packages (from cuda-toolkit[cublas,cudart,cufft,cufile,cupti,curand,cusolver,cusparse,nvjitlink,nvrtc,nvtx]==13.0.3; platform_system == "Linux"->torch<3.0.0,>=2.2.2->docling-slim[standard]==2.119.0->docling) (13.3.33)
Requirement already satisfied: nvidia-cublas==13.1.1.3.* in ./venv/lib/python3.10/site-packages (from cuda-toolkit[cublas,cudart,cufft,cufile,cupti,curand,cusolver,cusparse,nvjitlink,nvrtc,nvtx]==13.0.3; platform_system == "Linux"->torch<3.0.0,>=2.2.2->docling-slim[standard]==2.119.0->docling) (13.1.1.3)
Requirement already satisfied: nvidia-cuda-nvrtc==13.0.88.* in ./venv/lib/python3.10/site-packages (from cuda-toolkit[cublas,cudart,cufft,cufile,cupti,curand,cusolver,cusparse,nvjitlink,nvrtc,nvtx]==13.0.3; platform_system == "Linux"->torch<3.0.0,>=2.2.2->docling-slim[standard]==2.119.0->docling) (13.0.88)
Requirement already satisfied: nvidia-cusparse==12.6.3.3.* in ./venv/lib/python3.10/site-packages (from cuda-toolkit[cublas,cudart,cufft,cufile,cupti,curand,cusolver,cusparse,nvjitlink,nvrtc,nvtx]==13.0.3; platform_system == "Linux"->torch<3.0.0,>=2.2.2->docling-slim[standard]==2.119.0->docling) (12.6.3.3)
Requirement already satisfied: nvidia-nvtx==13.0.85.* in ./venv/lib/python3.10/site-packages (from cuda-toolkit[cublas,cudart,cufft,cufile,cupti,curand,cusolver,cusparse,nvjitlink,nvrtc,nvtx]==13.0.3; platform_system == "Linux"->torch<3.0.0,>=2.2.2->docling-slim[standard]==2.119.0->docling) (13.0.85)
Requirement already satisfied: nvidia-cuda-runtime==13.0.96.* in ./venv/lib/python3.10/site-packages (from cuda-toolkit[cublas,cudart,cufft,cufile,cupti,curand,cusolver,cusparse,nvjitlink,nvrtc,nvtx]==13.0.3; platform_system == "Linux"->torch<3.0.0,>=2.2.2->docling-slim[standard]==2.119.0->docling) (13.0.96)
Requirement already satisfied: nvidia-cusolver==12.0.4.66.* in ./venv/lib/python3.10/site-packages (from cuda-toolkit[cublas,cudart,cufft,cufile,cupti,curand,cusolver,cusparse,nvjitlink,nvrtc,nvtx]==13.0.3; platform_system == "Linux"->torch<3.0.0,>=2.2.2->docling-slim[standard]==2.119.0->docling) (12.0.4.66)
Requirement already satisfied: nvidia-curand==10.4.0.35.* in ./venv/lib/python3.10/site-packages (from cuda-toolkit[cublas,cudart,cufft,cufile,cupti,curand,cusolver,cusparse,nvjitlink,nvrtc,nvtx]==13.0.3; platform_system == "Linux"->torch<3.0.0,>=2.2.2->docling-slim[standard]==2.119.0->docling) (10.4.0.35)
Requirement already satisfied: cuda-pathfinder>=1.4.2 in ./venv/lib/python3.10/site-packages (from cuda-bindings<14,>=13.0.3->torch<3.0.0,>=2.2.2->docling-slim[standard]==2.119.0->docling) (1.6.0)
Requirement already satisfied: regex>=2025.10.22 in ./venv/lib/python3.10/site-packages (from transformers!=5.0.*,!=5.1.*,!=5.2.*,!=5.3.*,<6.0.0,>=4.34.0->docling-core[chunking]<3.0.0,>=2.73.0; extra == "standard"->docling-slim[standard]==2.119.0->docling) (2026.7.19)
Requirement already satisfied: tokenizers<=0.23.0,>=0.22.0 in ./venv/lib/python3.10/site-packages (from transformers!=5.0.*,!=5.1.*,!=5.2.*,!=5.3.*,<6.0.0,>=4.34.0->docling-core[chunking]<3.0.0,>=2.73.0; extra == "standard"->docling-slim[standard]==2.119.0->docling) (0.22.2)
Requirement already satisfied: shellingham>=1.3.0 in ./venv/lib/python3.10/site-packages (from typer<0.27.0,>=0.12.5->docling-slim[standard]==2.119.0->docling) (1.5.4)
Requirement already satisfied: annotated-doc>=0.0.2 in ./venv/lib/python3.10/site-packages (from typer<0.27.0,>=0.12.5->docling-slim[standard]==2.119.0->docling) (0.0.5)
Requirement already satisfied: coloredlogs in ./venv/lib/python3.10/site-packages (from onnxruntime) (15.0.1)
Requirement already satisfied: flatbuffers in ./venv/lib/python3.10/site-packages (from onnxruntime) (25.12.19)
Requirement already satisfied: protobuf in ./venv/lib/python3.10/site-packages (from onnxruntime) (7.35.1)
Requirement already satisfied: antlr4-python3-runtime==4.9.* in ./venv/lib/python3.10/site-packages (from omegaconf!=2.2.1->rapidocr<4.0.0,>=3.9.1->docling-slim[standard]==2.119.0->docling) (4.9.3)
Requirement already satisfied: faker>=5.0.0 in ./venv/lib/python3.10/site-packages (from polyfactory>=2.22.2->docling-slim[standard]==2.119.0->docling) (40.36.0)
Requirement already satisfied: markdown-it-py>=2.2.0 in ./venv/lib/python3.10/site-packages (from rich>=13.0.0->docling-slim[standard]==2.119.0->docling) (4.2.0)
Requirement already satisfied: pygments<3.0.0,>=2.13.0 in ./venv/lib/python3.10/site-packages (from rich>=13.0.0->docling-slim[standard]==2.119.0->docling) (2.20.0)
Requirement already satisfied: mdurl~=0.1 in ./venv/lib/python3.10/site-packages (from markdown-it-py>=2.2.0->rich>=13.0.0->docling-slim[standard]==2.119.0->docling) (0.1.2)
Requirement already satisfied: mpmath<1.4,>=1.1.0 in ./venv/lib/python3.10/site-packages (from sympy>=1.13.3->torch<3.0.0,>=2.2.2->docling-slim[standard]==2.119.0->docling) (1.3.0)
Requirement already satisfied: exceptiongroup>=1.0.2 in ./venv/lib/python3.10/site-packages (from anyio->httpx<1.0.0,>=0.28->docling-slim[standard]==2.119.0->docling) (1.3.1)
Requirement already satisfied: humanfriendly>=9.1 in ./venv/lib/python3.10/site-packages (from coloredlogs->onnxruntime) (10.0)
Requirement already satisfied: MarkupSafe>=2.0 in ./venv/lib/python3.10/site-packages (from jinja2->torch<3.0.0,>=2.2.2->docling-slim[standard]==2.119.0->docling) (3.0.3)
Requirement already satisfied: multiprocess in ./venv/lib/python3.10/site-packages (from mpire[dill]->semchunk<4.0.0,>=2.2.0->docling-core[chunking]<3.0.0,>=2.73.0; extra == "standard"->docling-slim[standard]==2.119.0->docling) (0.70.19)
Requirement already satisfied: dill>=0.4.1 in ./venv/lib/python3.10/site-packages (from multiprocess->mpire[dill]->semchunk<4.0.0,>=2.2.0->docling-core[chunking]<3.0.0,>=2.73.0; extra == "standard"->docling-slim[standard]==2.119.0->docling) (0.4.1)
[env] 安装 requirements.txt 模型特有依赖
Looking in indexes: https://pypi.mirrors.ustc.edu.cn/simple
Requirement already satisfied: docling in ./venv/lib/python3.10/site-packages (from -r requirements.txt (line 5)) (2.119.0)
Requirement already satisfied: docling-slim==2.119.0 in ./venv/lib/python3.10/site-packages (from docling-slim[standard]==2.119.0->docling->-r requirements.txt (line 5)) (2.119.0)
Requirement already satisfied: certifi>=2024.7.4 in ./venv/lib/python3.10/site-packages (from docling-slim==2.119.0->docling-slim[standard]==2.119.0->docling->-r requirements.txt (line 5)) (2026.7.22)
Requirement already satisfied: docling-core<3.0.0,>=2.90.0 in ./venv/lib/python3.10/site-packages (from docling-slim==2.119.0->docling-slim[standard]==2.119.0->docling->-r requirements.txt (line 5)) (2.91.0)
Requirement already satisfied: filetype<2.0.0,>=1.2.0 in ./venv/lib/python3.10/site-packages (from docling-slim==2.119.0->docling-slim[standard]==2.119.0->docling->-r requirements.txt (line 5)) (1.2.0)
Requirement already satisfied: pluggy<2.0.0,>=1.0.0 in ./venv/lib/python3.10/site-packages (from docling-slim==2.119.0->docling-slim[standard]==2.119.0->docling->-r requirements.txt (line 5)) (1.6.0)
Requirement already satisfied: pydantic-settings<3.0.0,>=2.3.0 in ./venv/lib/python3.10/site-packages (from docling-slim==2.119.0->docling-slim[standard]==2.119.0->docling->-r requirements.txt (line 5)) (2.15.0)
Requirement already satisfied: pydantic<3.0.0,>=2.0.0 in ./venv/lib/python3.10/site-packages (from docling-slim==2.119.0->docling-slim[standard]==2.119.0->docling->-r requirements.txt (line 5)) (2.13.4)
Requirement already satisfied: requests<3.0.0,>=2.32.2 in ./venv/lib/python3.10/site-packages (from docling-slim==2.119.0->docling-slim[standard]==2.119.0->docling->-r requirements.txt (line 5)) (2.34.2)
Requirement already satisfied: tqdm<5.0.0,>=4.65.0 in ./venv/lib/python3.10/site-packages (from docling-slim==2.119.0->docling-slim[standard]==2.119.0->docling->-r requirements.txt (line 5)) (4.70.0)
Requirement already satisfied: accelerate<2,>=1.0.0 in ./venv/lib/python3.10/site-packages (from docling-slim[standard]==2.119.0->docling->-r requirements.txt (line 5)) (1.14.0)
Requirement already satisfied: beautifulsoup4<5.0.0,>=4.12.3 in ./venv/lib/python3.10/site-packages (from docling-slim[standard]==2.119.0->docling->-r requirements.txt (line 5)) (4.15.0)
Requirement already satisfied: defusedxml<0.8.0,>=0.7.1 in ./venv/lib/python3.10/site-packages (from docling-slim[standard]==2.119.0->docling->-r requirements.txt (line 5)) (0.7.1)
Requirement already satisfied: docling-ibm-models<4,>=3.13.0 in ./venv/lib/python3.10/site-packages (from docling-slim[standard]==2.119.0->docling->-r requirements.txt (line 5)) (3.14.0)
Requirement already satisfied: docling-parse<8.0.0,>=7.0.0 in ./venv/lib/python3.10/site-packages (from docling-slim[standard]==2.119.0->docling->-r requirements.txt (line 5)) (7.12.1)
Requirement already satisfied: httpx<1.0.0,>=0.28 in ./venv/lib/python3.10/site-packages (from docling-slim[standard]==2.119.0->docling->-r requirements.txt (line 5)) (0.28.1)
Requirement already satisfied: huggingface-hub<2,>=0.23 in ./venv/lib/python3.10/site-packages (from docling-slim[standard]==2.119.0->docling->-r requirements.txt (line 5)) (1.27.0)
Requirement already satisfied: mail-parser<5.0.0,>=4.1.4 in ./venv/lib/python3.10/site-packages (from docling-slim[standard]==2.119.0->docling->-r requirements.txt (line 5)) (4.6.2)
Requirement already satisfied: marko<3.0.0,>=2.1.2 in ./venv/lib/python3.10/site-packages (from docling-slim[standard]==2.119.0->docling->-r requirements.txt (line 5)) (2.2.4)
Requirement already satisfied: numpy<3.0.0,>=1.24.0 in ./venv/lib/python3.10/site-packages (from docling-slim[standard]==2.119.0->docling->-r requirements.txt (line 5)) (2.2.6)
Requirement already satisfied: openpyxl<4.0.0,>=3.1.5 in ./venv/lib/python3.10/site-packages (from docling-slim[standard]==2.119.0->docling->-r requirements.txt (line 5)) (3.1.5)
Requirement already satisfied: pillow<13.0.0,>=10.0.0 in ./venv/lib/python3.10/site-packages (from docling-slim[standard]==2.119.0->docling->-r requirements.txt (line 5)) (12.3.0)
Requirement already satisfied: polyfactory>=2.22.2 in ./venv/lib/python3.10/site-packages (from docling-slim[standard]==2.119.0->docling->-r requirements.txt (line 5)) (3.3.0)
Requirement already satisfied: pylatexenc<3.0,>=2.10 in ./venv/lib/python3.10/site-packages (from docling-slim[standard]==2.119.0->docling->-r requirements.txt (line 5)) (2.11)
Requirement already satisfied: pypdfium2!=4.30.1,<6.0.0,>=4.30.0 in ./venv/lib/python3.10/site-packages (from docling-slim[standard]==2.119.0->docling->-r requirements.txt (line 5)) (5.13.0)
Requirement already satisfied: python-docx<2.0.0,>=1.2.0 in ./venv/lib/python3.10/site-packages (from docling-slim[standard]==2.119.0->docling->-r requirements.txt (line 5)) (1.2.0)
Requirement already satisfied: python-dotenv~=1.0 in ./venv/lib/python3.10/site-packages (from docling-slim[standard]==2.119.0->docling->-r requirements.txt (line 5)) (1.2.2)
Requirement already satisfied: python-oxmsg<0.1.0,>=0.0.2 in ./venv/lib/python3.10/site-packages (from docling-slim[standard]==2.119.0->docling->-r requirements.txt (line 5)) (0.0.2)
Requirement already satisfied: python-pptx<2.0.0,>=1.0.2 in ./venv/lib/python3.10/site-packages (from docling-slim[standard]==2.119.0->docling->-r requirements.txt (line 5)) (1.0.2)
Requirement already satisfied: rapidocr<4.0.0,>=3.9.1 in ./venv/lib/python3.10/site-packages (from docling-slim[standard]==2.119.0->docling->-r requirements.txt (line 5)) (3.9.2)
Requirement already satisfied: rich>=13.0.0 in ./venv/lib/python3.10/site-packages (from docling-slim[standard]==2.119.0->docling->-r requirements.txt (line 5)) (15.0.0)
Requirement already satisfied: rtree<2.0.0,>=1.3.0 in ./venv/lib/python3.10/site-packages (from docling-slim[standard]==2.119.0->docling->-r requirements.txt (line 5)) (1.4.1)
Requirement already satisfied: scipy<2.0.0,>=1.6.0 in ./venv/lib/python3.10/site-packages (from docling-slim[standard]==2.119.0->docling->-r requirements.txt (line 5)) (1.15.3)
Requirement already satisfied: torch<3.0.0,>=2.2.2 in ./venv/lib/python3.10/site-packages (from docling-slim[standard]==2.119.0->docling->-r requirements.txt (line 5)) (2.13.0)
Requirement already satisfied: torchvision<1,>=0 in ./venv/lib/python3.10/site-packages (from docling-slim[standard]==2.119.0->docling->-r requirements.txt (line 5)) (0.28.0)
Requirement already satisfied: typer<0.27.0,>=0.12.5 in ./venv/lib/python3.10/site-packages (from docling-slim[standard]==2.119.0->docling->-r requirements.txt (line 5)) (0.26.8)
Requirement already satisfied: websockets<17.0,>=14.0 in ./venv/lib/python3.10/site-packages (from docling-slim[standard]==2.119.0->docling->-r requirements.txt (line 5)) (16.1.1)
Requirement already satisfied: packaging>=20.0 in ./venv/lib/python3.10/site-packages (from accelerate<2,>=1.0.0->docling-slim[standard]==2.119.0->docling->-r requirements.txt (line 5)) (26.3)
Requirement already satisfied: psutil in ./venv/lib/python3.10/site-packages (from accelerate<2,>=1.0.0->docling-slim[standard]==2.119.0->docling->-r requirements.txt (line 5)) (7.2.2)
Requirement already satisfied: pyyaml in ./venv/lib/python3.10/site-packages (from accelerate<2,>=1.0.0->docling-slim[standard]==2.119.0->docling->-r requirements.txt (line 5)) (6.0.3)
Requirement already satisfied: safetensors>=0.4.3 in ./venv/lib/python3.10/site-packages (from accelerate<2,>=1.0.0->docling-slim[standard]==2.119.0->docling->-r requirements.txt (line 5)) (0.8.0)
Requirement already satisfied: soupsieve>=1.6.1 in ./venv/lib/python3.10/site-packages (from beautifulsoup4<5.0.0,>=4.12.3->docling-slim[standard]==2.119.0->docling->-r requirements.txt (line 5)) (2.9.2)
Requirement already satisfied: typing-extensions>=4.0.0 in ./venv/lib/python3.10/site-packages (from beautifulsoup4<5.0.0,>=4.12.3->docling-slim[standard]==2.119.0->docling->-r requirements.txt (line 5)) (4.16.0)
Requirement already satisfied: jsonschema<5.0.0,>=4.16.0 in ./venv/lib/python3.10/site-packages (from docling-core<3.0.0,>=2.90.0->docling-slim==2.119.0->docling-slim[standard]==2.119.0->docling->-r requirements.txt (line 5)) (4.26.0)
Requirement already satisfied: jsonref<2.0.0,>=1.1.0 in ./venv/lib/python3.10/site-packages (from docling-core<3.0.0,>=2.90.0->docling-slim==2.119.0->docling-slim[standard]==2.119.0->docling->-r requirements.txt (line 5)) (1.1.0)
Requirement already satisfied: tabulate<0.11.0,>=0.9.0 in ./venv/lib/python3.10/site-packages (from docling-core<3.0.0,>=2.90.0->docling-slim==2.119.0->docling-slim[standard]==2.119.0->docling->-r requirements.txt (line 5)) (0.10.0)
Requirement already satisfied: pandas<4.0.0,>=2.1.4 in ./venv/lib/python3.10/site-packages (from docling-core<3.0.0,>=2.90.0->docling-slim==2.119.0->docling-slim[standard]==2.119.0->docling->-r requirements.txt (line 5)) (2.3.3)
Requirement already satisfied: latex2mathml<4.0.0,>=3.77.0 in ./venv/lib/python3.10/site-packages (from docling-core<3.0.0,>=2.90.0->docling-slim==2.119.0->docling-slim[standard]==2.119.0->docling->-r requirements.txt (line 5)) (3.81.0)
Requirement already satisfied: doclang<0.8,>=0.7 in ./venv/lib/python3.10/site-packages (from docling-core<3.0.0,>=2.90.0->docling-slim==2.119.0->docling-slim[standard]==2.119.0->docling->-r requirements.txt (line 5)) (0.7.3)
Requirement already satisfied: lxml>=4.8.0 in ./venv/lib/python3.10/site-packages (from doclang<0.8,>=0.7->docling-core<3.0.0,>=2.90.0->docling-slim==2.119.0->docling-slim[standard]==2.119.0->docling->-r requirements.txt (line 5)) (6.1.1)
Requirement already satisfied: semchunk<4.0.0,>=2.2.0 in ./venv/lib/python3.10/site-packages (from docling-core[chunking]<3.0.0,>=2.73.0; extra == "standard"->docling-slim[standard]==2.119.0->docling->-r requirements.txt (line 5)) (3.2.5)
Requirement already satisfied: tree-sitter<0.27.0,>=0.25.0 in ./venv/lib/python3.10/site-packages (from docling-core[chunking]<3.0.0,>=2.73.0; extra == "standard"->docling-slim[standard]==2.119.0->docling->-r requirements.txt (line 5)) (0.26.0)
Requirement already satisfied: tree-sitter-python>=0.23.6 in ./venv/lib/python3.10/site-packages (from docling-core[chunking]<3.0.0,>=2.73.0; extra == "standard"->docling-slim[standard]==2.119.0->docling->-r requirements.txt (line 5)) (0.25.0)
Requirement already satisfied: tree-sitter-c>=0.23.4 in ./venv/lib/python3.10/site-packages (from docling-core[chunking]<3.0.0,>=2.73.0; extra == "standard"->docling-slim[standard]==2.119.0->docling->-r requirements.txt (line 5)) (0.24.2)
Requirement already satisfied: tree-sitter-javascript>=0.23.1 in ./venv/lib/python3.10/site-packages (from docling-core[chunking]<3.0.0,>=2.73.0; extra == "standard"->docling-slim[standard]==2.119.0->docling->-r requirements.txt (line 5)) (0.25.0)
Requirement already satisfied: tree-sitter-typescript>=0.23.2 in ./venv/lib/python3.10/site-packages (from docling-core[chunking]<3.0.0,>=2.73.0; extra == "standard"->docling-slim[standard]==2.119.0->docling->-r requirements.txt (line 5)) (0.23.2)
Requirement already satisfied: transformers!=5.0.*,!=5.1.*,!=5.2.*,!=5.3.*,<6.0.0,>=4.34.0 in ./venv/lib/python3.10/site-packages (from docling-core[chunking]<3.0.0,>=2.73.0; extra == "standard"->docling-slim[standard]==2.119.0->docling->-r requirements.txt (line 5)) (5.15.0)
Requirement already satisfied: jsonlines<5.0.0,>=3.1.0 in ./venv/lib/python3.10/site-packages (from docling-ibm-models<4,>=3.13.0->docling-slim[standard]==2.119.0->docling->-r requirements.txt (line 5)) (4.0.0)
Requirement already satisfied: anyio in ./venv/lib/python3.10/site-packages (from httpx<1.0.0,>=0.28->docling-slim[standard]==2.119.0->docling->-r requirements.txt (line 5)) (4.14.2)
Requirement already satisfied: httpcore==1.* in ./venv/lib/python3.10/site-packages (from httpx<1.0.0,>=0.28->docling-slim[standard]==2.119.0->docling->-r requirements.txt (line 5)) (1.0.9)
Requirement already satisfied: idna in ./venv/lib/python3.10/site-packages (from httpx<1.0.0,>=0.28->docling-slim[standard]==2.119.0->docling->-r requirements.txt (line 5)) (3.18)
Requirement already satisfied: h11>=0.16 in ./venv/lib/python3.10/site-packages (from httpcore==1.*->httpx<1.0.0,>=0.28->docling-slim[standard]==2.119.0->docling->-r requirements.txt (line 5)) (0.16.0)
Requirement already satisfied: click<9.0.0,>=8.4.2 in ./venv/lib/python3.10/site-packages (from huggingface-hub<2,>=0.23->docling-slim[standard]==2.119.0->docling->-r requirements.txt (line 5)) (8.4.2)
Requirement already satisfied: filelock>=3.10.0 in ./venv/lib/python3.10/site-packages (from huggingface-hub<2,>=0.23->docling-slim[standard]==2.119.0->docling->-r requirements.txt (line 5)) (3.32.3)
Requirement already satisfied: fsspec>=2023.5.0 in ./venv/lib/python3.10/site-packages (from huggingface-hub<2,>=0.23->docling-slim[standard]==2.119.0->docling->-r requirements.txt (line 5)) (2026.7.0)
Requirement already satisfied: hf-xet<2.0.0,>=1.5.2 in ./venv/lib/python3.10/site-packages (from huggingface-hub<2,>=0.23->docling-slim[standard]==2.119.0->docling->-r requirements.txt (line 5)) (1.6.0)
Requirement already satisfied: attrs>=19.2.0 in ./venv/lib/python3.10/site-packages (from jsonlines<5.0.0,>=3.1.0->docling-ibm-models<4,>=3.13.0->docling-slim[standard]==2.119.0->docling->-r requirements.txt (line 5)) (26.1.0)
Requirement already satisfied: jsonschema-specifications>=2023.03.6 in ./venv/lib/python3.10/site-packages (from jsonschema<5.0.0,>=4.16.0->docling-core<3.0.0,>=2.90.0->docling-slim==2.119.0->docling-slim[standard]==2.119.0->docling->-r requirements.txt (line 5)) (2025.9.1)
Requirement already satisfied: referencing>=0.28.4 in ./venv/lib/python3.10/site-packages (from jsonschema<5.0.0,>=4.16.0->docling-core<3.0.0,>=2.90.0->docling-slim==2.119.0->docling-slim[standard]==2.119.0->docling->-r requirements.txt (line 5)) (0.37.0)
Requirement already satisfied: rpds-py>=0.25.0 in ./venv/lib/python3.10/site-packages (from jsonschema<5.0.0,>=4.16.0->docling-core<3.0.0,>=2.90.0->docling-slim==2.119.0->docling-slim[standard]==2.119.0->docling->-r requirements.txt (line 5)) (0.30.0)
Requirement already satisfied: et-xmlfile in ./venv/lib/python3.10/site-packages (from openpyxl<4.0.0,>=3.1.5->docling-slim[standard]==2.119.0->docling->-r requirements.txt (line 5)) (2.0.0)
Requirement already satisfied: python-dateutil>=2.8.2 in ./venv/lib/python3.10/site-packages (from pandas<4.0.0,>=2.1.4->docling-core<3.0.0,>=2.90.0->docling-slim==2.119.0->docling-slim[standard]==2.119.0->docling->-r requirements.txt (line 5)) (2.9.0.post0)
Requirement already satisfied: pytz>=2020.1 in ./venv/lib/python3.10/site-packages (from pandas<4.0.0,>=2.1.4->docling-core<3.0.0,>=2.90.0->docling-slim==2.119.0->docling-slim[standard]==2.119.0->docling->-r requirements.txt (line 5)) (2026.3.post1)
Requirement already satisfied: tzdata>=2022.7 in ./venv/lib/python3.10/site-packages (from pandas<4.0.0,>=2.1.4->docling-core<3.0.0,>=2.90.0->docling-slim==2.119.0->docling-slim[standard]==2.119.0->docling->-r requirements.txt (line 5)) (2026.3)
Requirement already satisfied: annotated-types>=0.6.0 in ./venv/lib/python3.10/site-packages (from pydantic<3.0.0,>=2.0.0->docling-slim==2.119.0->docling-slim[standard]==2.119.0->docling->-r requirements.txt (line 5)) (0.8.0)
Requirement already satisfied: pydantic-core==2.46.4 in ./venv/lib/python3.10/site-packages (from pydantic<3.0.0,>=2.0.0->docling-slim==2.119.0->docling-slim[standard]==2.119.0->docling->-r requirements.txt (line 5)) (2.46.4)
Requirement already satisfied: typing-inspection>=0.4.2 in ./venv/lib/python3.10/site-packages (from pydantic<3.0.0,>=2.0.0->docling-slim==2.119.0->docling-slim[standard]==2.119.0->docling->-r requirements.txt (line 5)) (0.4.4)
Requirement already satisfied: olefile in ./venv/lib/python3.10/site-packages (from python-oxmsg<0.1.0,>=0.0.2->docling-slim[standard]==2.119.0->docling->-r requirements.txt (line 5)) (0.47)
Requirement already satisfied: XlsxWriter>=0.5.7 in ./venv/lib/python3.10/site-packages (from python-pptx<2.0.0,>=1.0.2->docling-slim[standard]==2.119.0->docling->-r requirements.txt (line 5)) (3.2.9)
Requirement already satisfied: pyclipper>=1.2.0 in ./venv/lib/python3.10/site-packages (from rapidocr<4.0.0,>=3.9.1->docling-slim[standard]==2.119.0->docling->-r requirements.txt (line 5)) (1.4.0)
Requirement already satisfied: opencv_python>=4.5.1.48 in ./venv/lib/python3.10/site-packages (from rapidocr<4.0.0,>=3.9.1->docling-slim[standard]==2.119.0->docling->-r requirements.txt (line 5)) (5.0.0.93)
Requirement already satisfied: six>=1.15.0 in ./venv/lib/python3.10/site-packages (from rapidocr<4.0.0,>=3.9.1->docling-slim[standard]==2.119.0->docling->-r requirements.txt (line 5)) (1.17.0)
Requirement already satisfied: Shapely!=2.0.4,>=1.7.1 in ./venv/lib/python3.10/site-packages (from rapidocr<4.0.0,>=3.9.1->docling-slim[standard]==2.119.0->docling->-r requirements.txt (line 5)) (2.1.2)
Requirement already satisfied: omegaconf!=2.2.1 in ./venv/lib/python3.10/site-packages (from rapidocr<4.0.0,>=3.9.1->docling-slim[standard]==2.119.0->docling->-r requirements.txt (line 5)) (2.3.1)
Requirement already satisfied: colorlog in ./venv/lib/python3.10/site-packages (from rapidocr<4.0.0,>=3.9.1->docling-slim[standard]==2.119.0->docling->-r requirements.txt (line 5)) (6.12.0)
Requirement already satisfied: charset_normalizer<4,>=2 in ./venv/lib/python3.10/site-packages (from requests<3.0.0,>=2.32.2->docling-slim==2.119.0->docling-slim[standard]==2.119.0->docling->-r requirements.txt (line 5)) (3.5.0)
Requirement already satisfied: urllib3<3,>=1.26 in ./venv/lib/python3.10/site-packages (from requests<3.0.0,>=2.32.2->docling-slim==2.119.0->docling-slim[standard]==2.119.0->docling->-r requirements.txt (line 5)) (2.7.0)
Requirement already satisfied: mpire[dill] in ./venv/lib/python3.10/site-packages (from semchunk<4.0.0,>=2.2.0->docling-core[chunking]<3.0.0,>=2.73.0; extra == "standard"->docling-slim[standard]==2.119.0->docling->-r requirements.txt (line 5)) (2.10.2)
Requirement already satisfied: setuptools>=77.0.3 in ./venv/lib/python3.10/site-packages (from torch<3.0.0,>=2.2.2->docling-slim[standard]==2.119.0->docling->-r requirements.txt (line 5)) (84.0.0)
Requirement already satisfied: sympy>=1.13.3 in ./venv/lib/python3.10/site-packages (from torch<3.0.0,>=2.2.2->docling-slim[standard]==2.119.0->docling->-r requirements.txt (line 5)) (1.14.0)
Requirement already satisfied: networkx>=2.5.1 in ./venv/lib/python3.10/site-packages (from torch<3.0.0,>=2.2.2->docling-slim[standard]==2.119.0->docling->-r requirements.txt (line 5)) (3.4.2)
Requirement already satisfied: jinja2 in ./venv/lib/python3.10/site-packages (from torch<3.0.0,>=2.2.2->docling-slim[standard]==2.119.0->docling->-r requirements.txt (line 5)) (3.1.6)
Requirement already satisfied: cuda-toolkit==13.0.3 in ./venv/lib/python3.10/site-packages (from cuda-toolkit[cublas,cudart,cufft,cufile,cupti,curand,cusolver,cusparse,nvjitlink,nvrtc,nvtx]==13.0.3; platform_system == "Linux"->torch<3.0.0,>=2.2.2->docling-slim[standard]==2.119.0->docling->-r requirements.txt (line 5)) (13.0.3.0)
Requirement already satisfied: cuda-bindings<14,>=13.0.3 in ./venv/lib/python3.10/site-packages (from torch<3.0.0,>=2.2.2->docling-slim[standard]==2.119.0->docling->-r requirements.txt (line 5)) (13.3.1)
Requirement already satisfied: nvidia-cudnn-cu13==9.20.0.48 in ./venv/lib/python3.10/site-packages (from torch<3.0.0,>=2.2.2->docling-slim[standard]==2.119.0->docling->-r requirements.txt (line 5)) (9.20.0.48)
Requirement already satisfied: nvidia-cusparselt-cu13==0.8.1 in ./venv/lib/python3.10/site-packages (from torch<3.0.0,>=2.2.2->docling-slim[standard]==2.119.0->docling->-r requirements.txt (line 5)) (0.8.1)
Requirement already satisfied: nvidia-nccl-cu13==2.29.7 in ./venv/lib/python3.10/site-packages (from torch<3.0.0,>=2.2.2->docling-slim[standard]==2.119.0->docling->-r requirements.txt (line 5)) (2.29.7)
Requirement already satisfied: nvidia-nvshmem-cu13==3.4.5 in ./venv/lib/python3.10/site-packages (from torch<3.0.0,>=2.2.2->docling-slim[standard]==2.119.0->docling->-r requirements.txt (line 5)) (3.4.5)
Requirement already satisfied: triton==3.7.1 in ./venv/lib/python3.10/site-packages (from torch<3.0.0,>=2.2.2->docling-slim[standard]==2.119.0->docling->-r requirements.txt (line 5)) (3.7.1)
Requirement already satisfied: nvidia-cublas==13.1.1.3.* in ./venv/lib/python3.10/site-packages (from cuda-toolkit[cublas,cudart,cufft,cufile,cupti,curand,cusolver,cusparse,nvjitlink,nvrtc,nvtx]==13.0.3; platform_system == "Linux"->torch<3.0.0,>=2.2.2->docling-slim[standard]==2.119.0->docling->-r requirements.txt (line 5)) (13.1.1.3)
Requirement already satisfied: nvidia-cusolver==12.0.4.66.* in ./venv/lib/python3.10/site-packages (from cuda-toolkit[cublas,cudart,cufft,cufile,cupti,curand,cusolver,cusparse,nvjitlink,nvrtc,nvtx]==13.0.3; platform_system == "Linux"->torch<3.0.0,>=2.2.2->docling-slim[standard]==2.119.0->docling->-r requirements.txt (line 5)) (12.0.4.66)
Requirement already satisfied: nvidia-cusparse==12.6.3.3.* in ./venv/lib/python3.10/site-packages (from cuda-toolkit[cublas,cudart,cufft,cufile,cupti,curand,cusolver,cusparse,nvjitlink,nvrtc,nvtx]==13.0.3; platform_system == "Linux"->torch<3.0.0,>=2.2.2->docling-slim[standard]==2.119.0->docling->-r requirements.txt (line 5)) (12.6.3.3)
Requirement already satisfied: nvidia-nvjitlink<14,>=13.0.88 in ./venv/lib/python3.10/site-packages (from cuda-toolkit[cublas,cudart,cufft,cufile,cupti,curand,cusolver,cusparse,nvjitlink,nvrtc,nvtx]==13.0.3; platform_system == "Linux"->torch<3.0.0,>=2.2.2->docling-slim[standard]==2.119.0->docling->-r requirements.txt (line 5)) (13.3.33)
Requirement already satisfied: nvidia-nvtx==13.0.85.* in ./venv/lib/python3.10/site-packages (from cuda-toolkit[cublas,cudart,cufft,cufile,cupti,curand,cusolver,cusparse,nvjitlink,nvrtc,nvtx]==13.0.3; platform_system == "Linux"->torch<3.0.0,>=2.2.2->docling-slim[standard]==2.119.0->docling->-r requirements.txt (line 5)) (13.0.85)
Requirement already satisfied: nvidia-cuda-nvrtc==13.0.88.* in ./venv/lib/python3.10/site-packages (from cuda-toolkit[cublas,cudart,cufft,cufile,cupti,curand,cusolver,cusparse,nvjitlink,nvrtc,nvtx]==13.0.3; platform_system == "Linux"->torch<3.0.0,>=2.2.2->docling-slim[standard]==2.119.0->docling->-r requirements.txt (line 5)) (13.0.88)
Requirement already satisfied: nvidia-cufile==1.15.1.6.* in ./venv/lib/python3.10/site-packages (from cuda-toolkit[cublas,cudart,cufft,cufile,cupti,curand,cusolver,cusparse,nvjitlink,nvrtc,nvtx]==13.0.3; platform_system == "Linux"->torch<3.0.0,>=2.2.2->docling-slim[standard]==2.119.0->docling->-r requirements.txt (line 5)) (1.15.1.6)
Requirement already satisfied: nvidia-curand==10.4.0.35.* in ./venv/lib/python3.10/site-packages (from cuda-toolkit[cublas,cudart,cufft,cufile,cupti,curand,cusolver,cusparse,nvjitlink,nvrtc,nvtx]==13.0.3; platform_system == "Linux"->torch<3.0.0,>=2.2.2->docling-slim[standard]==2.119.0->docling->-r requirements.txt (line 5)) (10.4.0.35)
Requirement already satisfied: nvidia-cuda-runtime==13.0.96.* in ./venv/lib/python3.10/site-packages (from cuda-toolkit[cublas,cudart,cufft,cufile,cupti,curand,cusolver,cusparse,nvjitlink,nvrtc,nvtx]==13.0.3; platform_system == "Linux"->torch<3.0.0,>=2.2.2->docling-slim[standard]==2.119.0->docling->-r requirements.txt (line 5)) (13.0.96)
Requirement already satisfied: nvidia-cuda-cupti==13.0.85.* in ./venv/lib/python3.10/site-packages (from cuda-toolkit[cublas,cudart,cufft,cufile,cupti,curand,cusolver,cusparse,nvjitlink,nvrtc,nvtx]==13.0.3; platform_system == "Linux"->torch<3.0.0,>=2.2.2->docling-slim[standard]==2.119.0->docling->-r requirements.txt (line 5)) (13.0.85)
Requirement already satisfied: nvidia-cufft==12.0.0.61.* in ./venv/lib/python3.10/site-packages (from cuda-toolkit[cublas,cudart,cufft,cufile,cupti,curand,cusolver,cusparse,nvjitlink,nvrtc,nvtx]==13.0.3; platform_system == "Linux"->torch<3.0.0,>=2.2.2->docling-slim[standard]==2.119.0->docling->-r requirements.txt (line 5)) (12.0.0.61)
Requirement already satisfied: cuda-pathfinder>=1.4.2 in ./venv/lib/python3.10/site-packages (from cuda-bindings<14,>=13.0.3->torch<3.0.0,>=2.2.2->docling-slim[standard]==2.119.0->docling->-r requirements.txt (line 5)) (1.6.0)
Requirement already satisfied: regex>=2025.10.22 in ./venv/lib/python3.10/site-packages (from transformers!=5.0.*,!=5.1.*,!=5.2.*,!=5.3.*,<6.0.0,>=4.34.0->docling-core[chunking]<3.0.0,>=2.73.0; extra == "standard"->docling-slim[standard]==2.119.0->docling->-r requirements.txt (line 5)) (2026.7.19)
Requirement already satisfied: tokenizers<=0.23.0,>=0.22.0 in ./venv/lib/python3.10/site-packages (from transformers!=5.0.*,!=5.1.*,!=5.2.*,!=5.3.*,<6.0.0,>=4.34.0->docling-core[chunking]<3.0.0,>=2.73.0; extra == "standard"->docling-slim[standard]==2.119.0->docling->-r requirements.txt (line 5)) (0.22.2)
Requirement already satisfied: shellingham>=1.3.0 in ./venv/lib/python3.10/site-packages (from typer<0.27.0,>=0.12.5->docling-slim[standard]==2.119.0->docling->-r requirements.txt (line 5)) (1.5.4)
Requirement already satisfied: annotated-doc>=0.0.2 in ./venv/lib/python3.10/site-packages (from typer<0.27.0,>=0.12.5->docling-slim[standard]==2.119.0->docling->-r requirements.txt (line 5)) (0.0.5)
Requirement already satisfied: antlr4-python3-runtime==4.9.* in ./venv/lib/python3.10/site-packages (from omegaconf!=2.2.1->rapidocr<4.0.0,>=3.9.1->docling-slim[standard]==2.119.0->docling->-r requirements.txt (line 5)) (4.9.3)
Requirement already satisfied: faker>=5.0.0 in ./venv/lib/python3.10/site-packages (from polyfactory>=2.22.2->docling-slim[standard]==2.119.0->docling->-r requirements.txt (line 5)) (40.36.0)
Requirement already satisfied: markdown-it-py>=2.2.0 in ./venv/lib/python3.10/site-packages (from rich>=13.0.0->docling-slim[standard]==2.119.0->docling->-r requirements.txt (line 5)) (4.2.0)
Requirement already satisfied: pygments<3.0.0,>=2.13.0 in ./venv/lib/python3.10/site-packages (from rich>=13.0.0->docling-slim[standard]==2.119.0->docling->-r requirements.txt (line 5)) (2.20.0)
Requirement already satisfied: mdurl~=0.1 in ./venv/lib/python3.10/site-packages (from markdown-it-py>=2.2.0->rich>=13.0.0->docling-slim[standard]==2.119.0->docling->-r requirements.txt (line 5)) (0.1.2)
Requirement already satisfied: mpmath<1.4,>=1.1.0 in ./venv/lib/python3.10/site-packages (from sympy>=1.13.3->torch<3.0.0,>=2.2.2->docling-slim[standard]==2.119.0->docling->-r requirements.txt (line 5)) (1.3.0)
Requirement already satisfied: exceptiongroup>=1.0.2 in ./venv/lib/python3.10/site-packages (from anyio->httpx<1.0.0,>=0.28->docling-slim[standard]==2.119.0->docling->-r requirements.txt (line 5)) (1.3.1)
Requirement already satisfied: MarkupSafe>=2.0 in ./venv/lib/python3.10/site-packages (from jinja2->torch<3.0.0,>=2.2.2->docling-slim[standard]==2.119.0->docling->-r requirements.txt (line 5)) (3.0.3)
Requirement already satisfied: multiprocess in ./venv/lib/python3.10/site-packages (from mpire[dill]->semchunk<4.0.0,>=2.2.0->docling-core[chunking]<3.0.0,>=2.73.0; extra == "standard"->docling-slim[standard]==2.119.0->docling->-r requirements.txt (line 5)) (0.70.19)
Requirement already satisfied: dill>=0.4.1 in ./venv/lib/python3.10/site-packages (from multiprocess->mpire[dill]->semchunk<4.0.0,>=2.2.0->docling-core[chunking]<3.0.0,>=2.73.0; extra == "standard"->docling-slim[standard]==2.119.0->docling->-r requirements.txt (line 5)) (0.4.1)
[env] 记录环境信息
==========================================
[env] 虚拟环境创建完成: docling-project-codeformulav2
[env] 环境信息已写入: env_info.txt
==========================================
