==========================================
[env] 开始创建虚拟环境: paddlepaddle-pp-ocrv6-small-rec-onnx
==========================================
[env] PyPI 镜像源: https://pypi.mirrors.ustc.edu.cn/simple
[env] 虚拟环境已存在，跳过创建。如需重建请先删除 venv/
Looking in indexes: https://pypi.mirrors.ustc.edu.cn/simple
Requirement already satisfied: pip in ./venv/lib/python3.10/site-packages (26.2.1)
[env] 安装 requirements.txt 模型特有依赖
Looking in indexes: https://pypi.mirrors.ustc.edu.cn/simple
Requirement already satisfied: onnxruntime in ./venv/lib/python3.10/site-packages (from -r requirements.txt (line 4)) (1.23.2)
Requirement already satisfied: coloredlogs in ./venv/lib/python3.10/site-packages (from onnxruntime->-r requirements.txt (line 4)) (15.0.1)
Requirement already satisfied: flatbuffers in ./venv/lib/python3.10/site-packages (from onnxruntime->-r requirements.txt (line 4)) (25.12.19)
Requirement already satisfied: numpy>=1.21.6 in ./venv/lib/python3.10/site-packages (from onnxruntime->-r requirements.txt (line 4)) (2.2.6)
Requirement already satisfied: packaging in ./venv/lib/python3.10/site-packages (from onnxruntime->-r requirements.txt (line 4)) (26.3)
Requirement already satisfied: protobuf in ./venv/lib/python3.10/site-packages (from onnxruntime->-r requirements.txt (line 4)) (7.35.1)
Requirement already satisfied: sympy in ./venv/lib/python3.10/site-packages (from onnxruntime->-r requirements.txt (line 4)) (1.14.0)
Requirement already satisfied: humanfriendly>=9.1 in ./venv/lib/python3.10/site-packages (from coloredlogs->onnxruntime->-r requirements.txt (line 4)) (10.0)
Requirement already satisfied: mpmath<1.4,>=1.1.0 in ./venv/lib/python3.10/site-packages (from sympy->onnxruntime->-r requirements.txt (line 4)) (1.3.0)
[env] 记录环境信息
==========================================
[env] 虚拟环境创建完成: paddlepaddle-pp-ocrv6-small-rec-onnx
[env] 环境信息已写入: env_info.txt
==========================================
