==========================================
[env] 开始创建虚拟环境: yuchenshen-fomo-0d
==========================================
[env] PyPI 镜像源: https://pypi.mirrors.ustc.edu.cn/simple
[env] 虚拟环境已存在，跳过创建。如需重建请先删除 venv/
Looking in indexes: https://pypi.mirrors.ustc.edu.cn/simple
Requirement already satisfied: pip in ./venv/lib/python3.10/site-packages (26.2.1)
[env] 安装覆盖版本依赖
Looking in indexes: https://pypi.mirrors.ustc.edu.cn/simple
Requirement already satisfied: pytorch-lightning in ./venv/lib/python3.10/site-packages (2.6.5)
Requirement already satisfied: hydra-core in ./venv/lib/python3.10/site-packages (1.3.5)
Requirement already satisfied: omegaconf in ./venv/lib/python3.10/site-packages (2.3.1)
Requirement already satisfied: wandb in ./venv/lib/python3.10/site-packages (0.28.2)
Requirement already satisfied: torch>=2.1.0 in ./venv/lib/python3.10/site-packages (from pytorch-lightning) (2.13.0)
Requirement already satisfied: tqdm>=4.57.0 in ./venv/lib/python3.10/site-packages (from pytorch-lightning) (4.70.0)
Requirement already satisfied: PyYAML>5.4 in ./venv/lib/python3.10/site-packages (from pytorch-lightning) (6.0.3)
Requirement already satisfied: fsspec>=2022.5.0 in ./venv/lib/python3.10/site-packages (from fsspec[http]>=2022.5.0->pytorch-lightning) (2026.7.0)
Requirement already satisfied: torchmetrics>0.7.0 in ./venv/lib/python3.10/site-packages (from pytorch-lightning) (1.9.0)
Requirement already satisfied: packaging>=23.0 in ./venv/lib/python3.10/site-packages (from pytorch-lightning) (26.3)
Requirement already satisfied: typing-extensions>4.5.0 in ./venv/lib/python3.10/site-packages (from pytorch-lightning) (4.16.0)
Requirement already satisfied: lightning-utilities>=0.10.0 in ./venv/lib/python3.10/site-packages (from pytorch-lightning) (0.15.3)
Requirement already satisfied: antlr4-python3-runtime==4.9.* in ./venv/lib/python3.10/site-packages (from hydra-core) (4.9.3)
Requirement already satisfied: click>=8.2.0 in ./venv/lib/python3.10/site-packages (from wandb) (8.4.2)
Requirement already satisfied: opentelemetry-api>=1.43.0 in ./venv/lib/python3.10/site-packages (from wandb) (1.44.0)
Requirement already satisfied: platformdirs in ./venv/lib/python3.10/site-packages (from wandb) (4.11.3)
Requirement already satisfied: protobuf!=5.28.0,!=5.29.0,<8,>=5 in ./venv/lib/python3.10/site-packages (from wandb) (7.35.1)
Requirement already satisfied: pydantic<3,>=2.6 in ./venv/lib/python3.10/site-packages (from wandb) (2.13.4)
Requirement already satisfied: requests<3,>=2.0.0 in ./venv/lib/python3.10/site-packages (from wandb) (2.34.2)
Requirement already satisfied: sentry-sdk>=2.0.0 in ./venv/lib/python3.10/site-packages (from wandb) (2.68.0)
Requirement already satisfied: annotated-types>=0.6.0 in ./venv/lib/python3.10/site-packages (from pydantic<3,>=2.6->wandb) (0.8.0)
Requirement already satisfied: pydantic-core==2.46.4 in ./venv/lib/python3.10/site-packages (from pydantic<3,>=2.6->wandb) (2.46.4)
Requirement already satisfied: typing-inspection>=0.4.2 in ./venv/lib/python3.10/site-packages (from pydantic<3,>=2.6->wandb) (0.4.4)
Requirement already satisfied: charset_normalizer<4,>=2 in ./venv/lib/python3.10/site-packages (from requests<3,>=2.0.0->wandb) (3.5.0)
Requirement already satisfied: idna<4,>=2.5 in ./venv/lib/python3.10/site-packages (from requests<3,>=2.0.0->wandb) (3.18)
Requirement already satisfied: urllib3<3,>=1.26 in ./venv/lib/python3.10/site-packages (from requests<3,>=2.0.0->wandb) (2.7.0)
Requirement already satisfied: certifi>=2023.5.7 in ./venv/lib/python3.10/site-packages (from requests<3,>=2.0.0->wandb) (2026.7.22)
Requirement already satisfied: aiohttp!=4.0.0a0,!=4.0.0a1 in ./venv/lib/python3.10/site-packages (from fsspec[http]>=2022.5.0->pytorch-lightning) (3.14.3)
Requirement already satisfied: aiohappyeyeballs>=2.5.0 in ./venv/lib/python3.10/site-packages (from aiohttp!=4.0.0a0,!=4.0.0a1->fsspec[http]>=2022.5.0->pytorch-lightning) (2.7.1)
Requirement already satisfied: aiosignal>=1.4.0 in ./venv/lib/python3.10/site-packages (from aiohttp!=4.0.0a0,!=4.0.0a1->fsspec[http]>=2022.5.0->pytorch-lightning) (1.4.0)
Requirement already satisfied: async-timeout<6.0,>=4.0 in ./venv/lib/python3.10/site-packages (from aiohttp!=4.0.0a0,!=4.0.0a1->fsspec[http]>=2022.5.0->pytorch-lightning) (5.0.1)
Requirement already satisfied: attrs>=17.3.0 in ./venv/lib/python3.10/site-packages (from aiohttp!=4.0.0a0,!=4.0.0a1->fsspec[http]>=2022.5.0->pytorch-lightning) (26.1.0)
Requirement already satisfied: frozenlist>=1.1.1 in ./venv/lib/python3.10/site-packages (from aiohttp!=4.0.0a0,!=4.0.0a1->fsspec[http]>=2022.5.0->pytorch-lightning) (1.8.0)
Requirement already satisfied: multidict<7.0,>=4.5 in ./venv/lib/python3.10/site-packages (from aiohttp!=4.0.0a0,!=4.0.0a1->fsspec[http]>=2022.5.0->pytorch-lightning) (6.7.1)
Requirement already satisfied: propcache>=0.2.0 in ./venv/lib/python3.10/site-packages (from aiohttp!=4.0.0a0,!=4.0.0a1->fsspec[http]>=2022.5.0->pytorch-lightning) (0.5.2)
Requirement already satisfied: yarl<2.0,>=1.17.0 in ./venv/lib/python3.10/site-packages (from aiohttp!=4.0.0a0,!=4.0.0a1->fsspec[http]>=2022.5.0->pytorch-lightning) (1.24.5)
Requirement already satisfied: filelock in ./venv/lib/python3.10/site-packages (from torch>=2.1.0->pytorch-lightning) (3.32.3)
Requirement already satisfied: setuptools>=77.0.3 in ./venv/lib/python3.10/site-packages (from torch>=2.1.0->pytorch-lightning) (84.0.0)
Requirement already satisfied: sympy>=1.13.3 in ./venv/lib/python3.10/site-packages (from torch>=2.1.0->pytorch-lightning) (1.14.0)
Requirement already satisfied: networkx>=2.5.1 in ./venv/lib/python3.10/site-packages (from torch>=2.1.0->pytorch-lightning) (3.4.2)
Requirement already satisfied: jinja2 in ./venv/lib/python3.10/site-packages (from torch>=2.1.0->pytorch-lightning) (3.1.6)
Requirement already satisfied: cuda-toolkit==13.0.3 in ./venv/lib/python3.10/site-packages (from cuda-toolkit[cublas,cudart,cufft,cufile,cupti,curand,cusolver,cusparse,nvjitlink,nvrtc,nvtx]==13.0.3; platform_system == "Linux"->torch>=2.1.0->pytorch-lightning) (13.0.3.0)
Requirement already satisfied: cuda-bindings<14,>=13.0.3 in ./venv/lib/python3.10/site-packages (from torch>=2.1.0->pytorch-lightning) (13.3.1)
Requirement already satisfied: nvidia-cudnn-cu13==9.20.0.48 in ./venv/lib/python3.10/site-packages (from torch>=2.1.0->pytorch-lightning) (9.20.0.48)
Requirement already satisfied: nvidia-cusparselt-cu13==0.8.1 in ./venv/lib/python3.10/site-packages (from torch>=2.1.0->pytorch-lightning) (0.8.1)
Requirement already satisfied: nvidia-nccl-cu13==2.29.7 in ./venv/lib/python3.10/site-packages (from torch>=2.1.0->pytorch-lightning) (2.29.7)
Requirement already satisfied: nvidia-nvshmem-cu13==3.4.5 in ./venv/lib/python3.10/site-packages (from torch>=2.1.0->pytorch-lightning) (3.4.5)
Requirement already satisfied: triton==3.7.1 in ./venv/lib/python3.10/site-packages (from torch>=2.1.0->pytorch-lightning) (3.7.1)
Requirement already satisfied: nvidia-curand==10.4.0.35.* in ./venv/lib/python3.10/site-packages (from cuda-toolkit[cublas,cudart,cufft,cufile,cupti,curand,cusolver,cusparse,nvjitlink,nvrtc,nvtx]==13.0.3; platform_system == "Linux"->torch>=2.1.0->pytorch-lightning) (10.4.0.35)
Requirement already satisfied: nvidia-cuda-nvrtc==13.0.88.* in ./venv/lib/python3.10/site-packages (from cuda-toolkit[cublas,cudart,cufft,cufile,cupti,curand,cusolver,cusparse,nvjitlink,nvrtc,nvtx]==13.0.3; platform_system == "Linux"->torch>=2.1.0->pytorch-lightning) (13.0.88)
Requirement already satisfied: nvidia-cufft==12.0.0.61.* in ./venv/lib/python3.10/site-packages (from cuda-toolkit[cublas,cudart,cufft,cufile,cupti,curand,cusolver,cusparse,nvjitlink,nvrtc,nvtx]==13.0.3; platform_system == "Linux"->torch>=2.1.0->pytorch-lightning) (12.0.0.61)
Requirement already satisfied: nvidia-nvjitlink<14,>=13.0.88 in ./venv/lib/python3.10/site-packages (from cuda-toolkit[cublas,cudart,cufft,cufile,cupti,curand,cusolver,cusparse,nvjitlink,nvrtc,nvtx]==13.0.3; platform_system == "Linux"->torch>=2.1.0->pytorch-lightning) (13.3.33)
Requirement already satisfied: nvidia-cublas==13.1.1.3.* in ./venv/lib/python3.10/site-packages (from cuda-toolkit[cublas,cudart,cufft,cufile,cupti,curand,cusolver,cusparse,nvjitlink,nvrtc,nvtx]==13.0.3; platform_system == "Linux"->torch>=2.1.0->pytorch-lightning) (13.1.1.3)
Requirement already satisfied: nvidia-cusolver==12.0.4.66.* in ./venv/lib/python3.10/site-packages (from cuda-toolkit[cublas,cudart,cufft,cufile,cupti,curand,cusolver,cusparse,nvjitlink,nvrtc,nvtx]==13.0.3; platform_system == "Linux"->torch>=2.1.0->pytorch-lightning) (12.0.4.66)
Requirement already satisfied: nvidia-cusparse==12.6.3.3.* in ./venv/lib/python3.10/site-packages (from cuda-toolkit[cublas,cudart,cufft,cufile,cupti,curand,cusolver,cusparse,nvjitlink,nvrtc,nvtx]==13.0.3; platform_system == "Linux"->torch>=2.1.0->pytorch-lightning) (12.6.3.3)
Requirement already satisfied: nvidia-cuda-runtime==13.0.96.* in ./venv/lib/python3.10/site-packages (from cuda-toolkit[cublas,cudart,cufft,cufile,cupti,curand,cusolver,cusparse,nvjitlink,nvrtc,nvtx]==13.0.3; platform_system == "Linux"->torch>=2.1.0->pytorch-lightning) (13.0.96)
Requirement already satisfied: nvidia-cuda-cupti==13.0.85.* in ./venv/lib/python3.10/site-packages (from cuda-toolkit[cublas,cudart,cufft,cufile,cupti,curand,cusolver,cusparse,nvjitlink,nvrtc,nvtx]==13.0.3; platform_system == "Linux"->torch>=2.1.0->pytorch-lightning) (13.0.85)
Requirement already satisfied: nvidia-cufile==1.15.1.6.* in ./venv/lib/python3.10/site-packages (from cuda-toolkit[cublas,cudart,cufft,cufile,cupti,curand,cusolver,cusparse,nvjitlink,nvrtc,nvtx]==13.0.3; platform_system == "Linux"->torch>=2.1.0->pytorch-lightning) (1.15.1.6)
Requirement already satisfied: nvidia-nvtx==13.0.85.* in ./venv/lib/python3.10/site-packages (from cuda-toolkit[cublas,cudart,cufft,cufile,cupti,curand,cusolver,cusparse,nvjitlink,nvrtc,nvtx]==13.0.3; platform_system == "Linux"->torch>=2.1.0->pytorch-lightning) (13.0.85)
Requirement already satisfied: cuda-pathfinder>=1.4.2 in ./venv/lib/python3.10/site-packages (from cuda-bindings<14,>=13.0.3->torch>=2.1.0->pytorch-lightning) (1.6.0)
Requirement already satisfied: mpmath<1.4,>=1.1.0 in ./venv/lib/python3.10/site-packages (from sympy>=1.13.3->torch>=2.1.0->pytorch-lightning) (1.3.0)
Requirement already satisfied: numpy>1.20.0 in ./venv/lib/python3.10/site-packages (from torchmetrics>0.7.0->pytorch-lightning) (2.2.6)
Requirement already satisfied: MarkupSafe>=2.0 in ./venv/lib/python3.10/site-packages (from jinja2->torch>=2.1.0->pytorch-lightning) (3.0.3)
[env] 安装 requirements.txt 模型特有依赖
Looking in indexes: https://pypi.mirrors.ustc.edu.cn/simple
Requirement already satisfied: hydra-core in ./venv/lib/python3.10/site-packages (from -r requirements.txt (line 5)) (1.3.5)
Requirement already satisfied: omegaconf in ./venv/lib/python3.10/site-packages (from -r requirements.txt (line 6)) (2.3.1)
Requirement already satisfied: wandb in ./venv/lib/python3.10/site-packages (from -r requirements.txt (line 7)) (0.28.2)
Requirement already satisfied: antlr4-python3-runtime==4.9.* in ./venv/lib/python3.10/site-packages (from hydra-core->-r requirements.txt (line 5)) (4.9.3)
Requirement already satisfied: packaging in ./venv/lib/python3.10/site-packages (from hydra-core->-r requirements.txt (line 5)) (26.3)
Requirement already satisfied: PyYAML>=5.1.0 in ./venv/lib/python3.10/site-packages (from omegaconf->-r requirements.txt (line 6)) (6.0.3)
Requirement already satisfied: click>=8.2.0 in ./venv/lib/python3.10/site-packages (from wandb->-r requirements.txt (line 7)) (8.4.2)
Requirement already satisfied: opentelemetry-api>=1.43.0 in ./venv/lib/python3.10/site-packages (from wandb->-r requirements.txt (line 7)) (1.44.0)
Requirement already satisfied: platformdirs in ./venv/lib/python3.10/site-packages (from wandb->-r requirements.txt (line 7)) (4.11.3)
Requirement already satisfied: protobuf!=5.28.0,!=5.29.0,<8,>=5 in ./venv/lib/python3.10/site-packages (from wandb->-r requirements.txt (line 7)) (7.35.1)
Requirement already satisfied: pydantic<3,>=2.6 in ./venv/lib/python3.10/site-packages (from wandb->-r requirements.txt (line 7)) (2.13.4)
Requirement already satisfied: requests<3,>=2.0.0 in ./venv/lib/python3.10/site-packages (from wandb->-r requirements.txt (line 7)) (2.34.2)
Requirement already satisfied: sentry-sdk>=2.0.0 in ./venv/lib/python3.10/site-packages (from wandb->-r requirements.txt (line 7)) (2.68.0)
Requirement already satisfied: typing-extensions<5,>=4.8 in ./venv/lib/python3.10/site-packages (from wandb->-r requirements.txt (line 7)) (4.16.0)
Requirement already satisfied: annotated-types>=0.6.0 in ./venv/lib/python3.10/site-packages (from pydantic<3,>=2.6->wandb->-r requirements.txt (line 7)) (0.8.0)
Requirement already satisfied: pydantic-core==2.46.4 in ./venv/lib/python3.10/site-packages (from pydantic<3,>=2.6->wandb->-r requirements.txt (line 7)) (2.46.4)
Requirement already satisfied: typing-inspection>=0.4.2 in ./venv/lib/python3.10/site-packages (from pydantic<3,>=2.6->wandb->-r requirements.txt (line 7)) (0.4.4)
Requirement already satisfied: charset_normalizer<4,>=2 in ./venv/lib/python3.10/site-packages (from requests<3,>=2.0.0->wandb->-r requirements.txt (line 7)) (3.5.0)
Requirement already satisfied: idna<4,>=2.5 in ./venv/lib/python3.10/site-packages (from requests<3,>=2.0.0->wandb->-r requirements.txt (line 7)) (3.18)
Requirement already satisfied: urllib3<3,>=1.26 in ./venv/lib/python3.10/site-packages (from requests<3,>=2.0.0->wandb->-r requirements.txt (line 7)) (2.7.0)
Requirement already satisfied: certifi>=2023.5.7 in ./venv/lib/python3.10/site-packages (from requests<3,>=2.0.0->wandb->-r requirements.txt (line 7)) (2026.7.22)
[env] 记录环境信息
==========================================
[env] 虚拟环境创建完成: yuchenshen-fomo-0d
[env] 环境信息已写入: env_info.txt
==========================================
