==========================================
[env] 开始创建虚拟环境: openmoss-team-moss-voicegenerator
==========================================
[env] PyPI 镜像源: https://pypi.mirrors.ustc.edu.cn/simple
[env] 虚拟环境已存在，跳过创建。如需重建请先删除 venv/
Looking in indexes: https://pypi.mirrors.ustc.edu.cn/simple
Requirement already satisfied: pip in ./venv/lib/python3.12/site-packages (26.2.1)
[env] 卸载基础镜像默认版本: torch torchaudio transformers
Found existing installation: torch 2.9.1+cu128
Uninstalling torch-2.9.1+cu128:
  Successfully uninstalled torch-2.9.1+cu128
Found existing installation: torchaudio 2.9.1+cu128
Uninstalling torchaudio-2.9.1+cu128:
  Successfully uninstalled torchaudio-2.9.1+cu128
Found existing installation: transformers 5.15.0
Uninstalling transformers-5.15.0:
  Successfully uninstalled transformers-5.15.0
[env] 安装覆盖版本依赖
Looking in indexes: https://download.pytorch.org/whl/cu128
Collecting torch==2.9.1+cu128
  Using cached torch-2.9.1%2Bcu128-cp312-cp312-manylinux_2_28_x86_64.whl.metadata (30 kB)
Collecting torchaudio==2.9.1+cu128
  Using cached torchaudio-2.9.1%2Bcu128-cp312-cp312-manylinux_2_28_x86_64.whl.metadata (6.9 kB)
Requirement already satisfied: filelock in ./venv/lib/python3.12/site-packages (from torch==2.9.1+cu128) (3.29.0)
Requirement already satisfied: typing-extensions>=4.10.0 in ./venv/lib/python3.12/site-packages (from torch==2.9.1+cu128) (4.15.0)
Requirement already satisfied: setuptools in ./venv/lib/python3.12/site-packages (from torch==2.9.1+cu128) (78.1.0)
Requirement already satisfied: sympy>=1.13.3 in ./venv/lib/python3.12/site-packages (from torch==2.9.1+cu128) (1.14.0)
Requirement already satisfied: networkx>=2.5.1 in ./venv/lib/python3.12/site-packages (from torch==2.9.1+cu128) (3.6.1)
Requirement already satisfied: jinja2 in ./venv/lib/python3.12/site-packages (from torch==2.9.1+cu128) (3.1.6)
Requirement already satisfied: fsspec>=0.8.5 in ./venv/lib/python3.12/site-packages (from torch==2.9.1+cu128) (2026.4.0)
Requirement already satisfied: nvidia-cuda-nvrtc-cu12==12.8.93 in ./venv/lib/python3.12/site-packages (from torch==2.9.1+cu128) (12.8.93)
Requirement already satisfied: nvidia-cuda-runtime-cu12==12.8.90 in ./venv/lib/python3.12/site-packages (from torch==2.9.1+cu128) (12.8.90)
Requirement already satisfied: nvidia-cuda-cupti-cu12==12.8.90 in ./venv/lib/python3.12/site-packages (from torch==2.9.1+cu128) (12.8.90)
Requirement already satisfied: nvidia-cudnn-cu12==9.10.2.21 in ./venv/lib/python3.12/site-packages (from torch==2.9.1+cu128) (9.10.2.21)
Requirement already satisfied: nvidia-cublas-cu12==12.8.4.1 in ./venv/lib/python3.12/site-packages (from torch==2.9.1+cu128) (12.8.4.1)
Requirement already satisfied: nvidia-cufft-cu12==11.3.3.83 in ./venv/lib/python3.12/site-packages (from torch==2.9.1+cu128) (11.3.3.83)
Requirement already satisfied: nvidia-curand-cu12==10.3.9.90 in ./venv/lib/python3.12/site-packages (from torch==2.9.1+cu128) (10.3.9.90)
Requirement already satisfied: nvidia-cusolver-cu12==11.7.3.90 in ./venv/lib/python3.12/site-packages (from torch==2.9.1+cu128) (11.7.3.90)
Requirement already satisfied: nvidia-cusparse-cu12==12.5.8.93 in ./venv/lib/python3.12/site-packages (from torch==2.9.1+cu128) (12.5.8.93)
Requirement already satisfied: nvidia-cusparselt-cu12==0.7.1 in ./venv/lib/python3.12/site-packages (from torch==2.9.1+cu128) (0.7.1)
Requirement already satisfied: nvidia-nccl-cu12==2.27.5 in ./venv/lib/python3.12/site-packages (from torch==2.9.1+cu128) (2.27.5)
Requirement already satisfied: nvidia-nvshmem-cu12==3.3.20 in ./venv/lib/python3.12/site-packages (from torch==2.9.1+cu128) (3.3.20)
Requirement already satisfied: nvidia-nvtx-cu12==12.8.90 in ./venv/lib/python3.12/site-packages (from torch==2.9.1+cu128) (12.8.90)
Requirement already satisfied: nvidia-nvjitlink-cu12==12.8.93 in ./venv/lib/python3.12/site-packages (from torch==2.9.1+cu128) (12.8.93)
Requirement already satisfied: nvidia-cufile-cu12==1.13.1.3 in ./venv/lib/python3.12/site-packages (from torch==2.9.1+cu128) (1.13.1.3)
Requirement already satisfied: triton==3.5.1 in ./venv/lib/python3.12/site-packages (from torch==2.9.1+cu128) (3.5.1)
Requirement already satisfied: mpmath<1.4,>=1.1.0 in ./venv/lib/python3.12/site-packages (from sympy>=1.13.3->torch==2.9.1+cu128) (1.3.0)
Requirement already satisfied: MarkupSafe>=2.0 in ./venv/lib/python3.12/site-packages (from jinja2->torch==2.9.1+cu128) (3.0.3)
Using cached torch-2.9.1%2Bcu128-cp312-cp312-manylinux_2_28_x86_64.whl (900.9 MB)
Using cached torchaudio-2.9.1%2Bcu128-cp312-cp312-manylinux_2_28_x86_64.whl (2.0 MB)
Installing collected packages: torch, torchaudio

Successfully installed torch-2.9.1+cu128 torchaudio-2.9.1+cu128
Looking in indexes: https://pypi.mirrors.ustc.edu.cn/simple
Collecting transformers>=5.0.0
  Using cached transformers-5.15.0-py3-none-any.whl (11.7 MB)
Requirement already satisfied: huggingface-hub<2.0,>=1.5.0 in ./venv/lib/python3.12/site-packages (from transformers>=5.0.0) (1.27.0)
Requirement already satisfied: numpy>=1.17 in ./venv/lib/python3.12/site-packages (from transformers>=5.0.0) (2.5.2)
Requirement already satisfied: packaging>=20.0 in ./venv/lib/python3.12/site-packages (from transformers>=5.0.0) (26.3)
Requirement already satisfied: pyyaml>=5.1 in ./venv/lib/python3.12/site-packages (from transformers>=5.0.0) (6.0.3)
Requirement already satisfied: regex>=2025.10.22 in ./venv/lib/python3.12/site-packages (from transformers>=5.0.0) (2026.7.19)
Requirement already satisfied: tokenizers<=0.23.0,>=0.22.0 in ./venv/lib/python3.12/site-packages (from transformers>=5.0.0) (0.22.2)
Requirement already satisfied: typer in ./venv/lib/python3.12/site-packages (from transformers>=5.0.0) (0.27.1)
Requirement already satisfied: safetensors>=0.8.0 in ./venv/lib/python3.12/site-packages (from transformers>=5.0.0) (0.8.0)
Requirement already satisfied: tqdm>=4.60 in ./venv/lib/python3.12/site-packages (from transformers>=5.0.0) (4.70.0)
Requirement already satisfied: click<9.0.0,>=8.4.2 in ./venv/lib/python3.12/site-packages (from huggingface-hub<2.0,>=1.5.0->transformers>=5.0.0) (8.4.2)
Requirement already satisfied: filelock>=3.10.0 in ./venv/lib/python3.12/site-packages (from huggingface-hub<2.0,>=1.5.0->transformers>=5.0.0) (3.29.0)
Requirement already satisfied: fsspec>=2023.5.0 in ./venv/lib/python3.12/site-packages (from huggingface-hub<2.0,>=1.5.0->transformers>=5.0.0) (2026.4.0)
Requirement already satisfied: hf-xet<2.0.0,>=1.5.2 in ./venv/lib/python3.12/site-packages (from huggingface-hub<2.0,>=1.5.0->transformers>=5.0.0) (1.6.0)
Requirement already satisfied: httpx<1,>=0.23.0 in ./venv/lib/python3.12/site-packages (from huggingface-hub<2.0,>=1.5.0->transformers>=5.0.0) (0.28.1)
Requirement already satisfied: typing-extensions>=4.1.0 in ./venv/lib/python3.12/site-packages (from huggingface-hub<2.0,>=1.5.0->transformers>=5.0.0) (4.15.0)
Requirement already satisfied: anyio in ./venv/lib/python3.12/site-packages (from httpx<1,>=0.23.0->huggingface-hub<2.0,>=1.5.0->transformers>=5.0.0) (4.14.2)
Requirement already satisfied: certifi in ./venv/lib/python3.12/site-packages (from httpx<1,>=0.23.0->huggingface-hub<2.0,>=1.5.0->transformers>=5.0.0) (2026.7.22)
Requirement already satisfied: httpcore==1.* in ./venv/lib/python3.12/site-packages (from httpx<1,>=0.23.0->huggingface-hub<2.0,>=1.5.0->transformers>=5.0.0) (1.0.9)
Requirement already satisfied: idna in ./venv/lib/python3.12/site-packages (from httpx<1,>=0.23.0->huggingface-hub<2.0,>=1.5.0->transformers>=5.0.0) (3.18)
Requirement already satisfied: h11>=0.16 in ./venv/lib/python3.12/site-packages (from httpcore==1.*->httpx<1,>=0.23.0->huggingface-hub<2.0,>=1.5.0->transformers>=5.0.0) (0.16.0)
Requirement already satisfied: shellingham>=1.3.0 in ./venv/lib/python3.12/site-packages (from typer->transformers>=5.0.0) (1.5.4)
Requirement already satisfied: rich>=13.8.0 in ./venv/lib/python3.12/site-packages (from typer->transformers>=5.0.0) (15.0.0)
Requirement already satisfied: annotated-doc>=0.0.2 in ./venv/lib/python3.12/site-packages (from typer->transformers>=5.0.0) (0.0.5)
Requirement already satisfied: markdown-it-py>=2.2.0 in ./venv/lib/python3.12/site-packages (from rich>=13.8.0->typer->transformers>=5.0.0) (4.2.0)
Requirement already satisfied: pygments<3.0.0,>=2.13.0 in ./venv/lib/python3.12/site-packages (from rich>=13.8.0->typer->transformers>=5.0.0) (2.20.0)
Requirement already satisfied: mdurl~=0.1 in ./venv/lib/python3.12/site-packages (from markdown-it-py>=2.2.0->rich>=13.8.0->typer->transformers>=5.0.0) (0.1.2)
Installing collected packages: transformers
Successfully installed transformers-5.15.0
[env] 安装 requirements.txt 模型特有依赖
Looking in indexes: https://pypi.mirrors.ustc.edu.cn/simple
Requirement already satisfied: soundfile in ./venv/lib/python3.12/site-packages (from -r requirements.txt (line 5)) (0.14.0)
Requirement already satisfied: librosa in ./venv/lib/python3.12/site-packages (from -r requirements.txt (line 6)) (1.0.0)
Requirement already satisfied: cffi>=1.0 in ./venv/lib/python3.12/site-packages (from soundfile->-r requirements.txt (line 5)) (2.1.1)
Requirement already satisfied: numpy in ./venv/lib/python3.12/site-packages (from soundfile->-r requirements.txt (line 5)) (2.5.2)
Requirement already satisfied: typing-extensions in ./venv/lib/python3.12/site-packages (from soundfile->-r requirements.txt (line 5)) (4.15.0)
Requirement already satisfied: numba>=0.61.0 in ./venv/lib/python3.12/site-packages (from librosa->-r requirements.txt (line 6)) (0.67.0)
Requirement already satisfied: scipy>=1.15.0 in ./venv/lib/python3.12/site-packages (from librosa->-r requirements.txt (line 6)) (1.18.0)
Requirement already satisfied: scikit-learn>=1.6.0 in ./venv/lib/python3.12/site-packages (from librosa->-r requirements.txt (line 6)) (1.9.0)
Requirement already satisfied: joblib>=1.2 in ./venv/lib/python3.12/site-packages (from librosa->-r requirements.txt (line 6)) (1.5.3)
Requirement already satisfied: decorator>=5.2.1 in ./venv/lib/python3.12/site-packages (from librosa->-r requirements.txt (line 6)) (5.3.1)
Requirement already satisfied: pooch>=1.7 in ./venv/lib/python3.12/site-packages (from librosa->-r requirements.txt (line 6)) (1.9.0)
Requirement already satisfied: soxr>=1.0.0 in ./venv/lib/python3.12/site-packages (from librosa->-r requirements.txt (line 6)) (1.1.0)
Requirement already satisfied: lazy_loader>=0.3 in ./venv/lib/python3.12/site-packages (from librosa->-r requirements.txt (line 6)) (0.5)
Requirement already satisfied: msgpack>=1.0.5 in ./venv/lib/python3.12/site-packages (from librosa->-r requirements.txt (line 6)) (1.2.1)
Requirement already satisfied: pycparser in ./venv/lib/python3.12/site-packages (from cffi>=1.0->soundfile->-r requirements.txt (line 5)) (3.0)
Requirement already satisfied: packaging in ./venv/lib/python3.12/site-packages (from lazy_loader>=0.3->librosa->-r requirements.txt (line 6)) (26.3)
Requirement already satisfied: llvmlite<0.50,>=0.49.0dev0 in ./venv/lib/python3.12/site-packages (from numba>=0.61.0->librosa->-r requirements.txt (line 6)) (0.49.0)
Requirement already satisfied: platformdirs>=2.5.0 in ./venv/lib/python3.12/site-packages (from pooch>=1.7->librosa->-r requirements.txt (line 6)) (4.11.3)
Requirement already satisfied: requests>=2.19.0 in ./venv/lib/python3.12/site-packages (from pooch>=1.7->librosa->-r requirements.txt (line 6)) (2.34.2)
Requirement already satisfied: charset_normalizer<4,>=2 in ./venv/lib/python3.12/site-packages (from requests>=2.19.0->pooch>=1.7->librosa->-r requirements.txt (line 6)) (3.5.0)
Requirement already satisfied: idna<4,>=2.5 in ./venv/lib/python3.12/site-packages (from requests>=2.19.0->pooch>=1.7->librosa->-r requirements.txt (line 6)) (3.18)
Requirement already satisfied: urllib3<3,>=1.26 in ./venv/lib/python3.12/site-packages (from requests>=2.19.0->pooch>=1.7->librosa->-r requirements.txt (line 6)) (2.7.0)
Requirement already satisfied: certifi>=2023.5.7 in ./venv/lib/python3.12/site-packages (from requests>=2.19.0->pooch>=1.7->librosa->-r requirements.txt (line 6)) (2026.7.22)
Requirement already satisfied: narwhals>=2.0.1 in ./venv/lib/python3.12/site-packages (from scikit-learn>=1.6.0->librosa->-r requirements.txt (line 6)) (2.24.0)
Requirement already satisfied: threadpoolctl>=3.5.0 in ./venv/lib/python3.12/site-packages (from scikit-learn>=1.6.0->librosa->-r requirements.txt (line 6)) (3.6.0)
[env] 记录环境信息
==========================================
[env] 虚拟环境创建完成: openmoss-team-moss-voicegenerator
[env] 环境信息已写入: env_info.txt
==========================================
