==========================================
[env] 开始创建虚拟环境: aratako-miocodec-25hz-44-1khz-v2
==========================================
[env] PyPI 镜像源: https://pypi.mirrors.ustc.edu.cn/simple
[env] 虚拟环境已存在，跳过创建。如需重建请先删除 venv/
Looking in indexes: https://pypi.mirrors.ustc.edu.cn/simple
Requirement already satisfied: pip in ./venv/lib/python3.10/site-packages (26.2.1)
[env] 安装 requirements.txt 模型特有依赖
Looking in indexes: https://pypi.mirrors.ustc.edu.cn/simple
Requirement already satisfied: soundfile in ./venv/lib/python3.10/site-packages (from -r requirements.txt (line 4)) (0.14.0)
Requirement already satisfied: librosa in ./venv/lib/python3.10/site-packages (from -r requirements.txt (line 5)) (0.11.0)
Requirement already satisfied: cffi>=1.0 in ./venv/lib/python3.10/site-packages (from soundfile->-r requirements.txt (line 4)) (2.1.1)
Requirement already satisfied: numpy in ./venv/lib/python3.10/site-packages (from soundfile->-r requirements.txt (line 4)) (2.2.6)
Requirement already satisfied: typing-extensions in ./venv/lib/python3.10/site-packages (from soundfile->-r requirements.txt (line 4)) (4.16.0)
Requirement already satisfied: audioread>=2.1.9 in ./venv/lib/python3.10/site-packages (from librosa->-r requirements.txt (line 5)) (3.1.0)
Requirement already satisfied: numba>=0.51.0 in ./venv/lib/python3.10/site-packages (from librosa->-r requirements.txt (line 5)) (0.67.0)
Requirement already satisfied: scipy>=1.6.0 in ./venv/lib/python3.10/site-packages (from librosa->-r requirements.txt (line 5)) (1.15.3)
Requirement already satisfied: scikit-learn>=1.1.0 in ./venv/lib/python3.10/site-packages (from librosa->-r requirements.txt (line 5)) (1.7.2)
Requirement already satisfied: joblib>=1.0 in ./venv/lib/python3.10/site-packages (from librosa->-r requirements.txt (line 5)) (1.5.3)
Requirement already satisfied: decorator>=4.3.0 in ./venv/lib/python3.10/site-packages (from librosa->-r requirements.txt (line 5)) (5.3.1)
Requirement already satisfied: pooch>=1.1 in ./venv/lib/python3.10/site-packages (from librosa->-r requirements.txt (line 5)) (1.9.0)
Requirement already satisfied: soxr>=0.3.2 in ./venv/lib/python3.10/site-packages (from librosa->-r requirements.txt (line 5)) (1.1.0)
Requirement already satisfied: lazy_loader>=0.1 in ./venv/lib/python3.10/site-packages (from librosa->-r requirements.txt (line 5)) (0.5)
Requirement already satisfied: msgpack>=1.0 in ./venv/lib/python3.10/site-packages (from librosa->-r requirements.txt (line 5)) (1.2.1)
Requirement already satisfied: pycparser in ./venv/lib/python3.10/site-packages (from cffi>=1.0->soundfile->-r requirements.txt (line 4)) (3.0)
Requirement already satisfied: packaging in ./venv/lib/python3.10/site-packages (from lazy_loader>=0.1->librosa->-r requirements.txt (line 5)) (26.3)
Requirement already satisfied: llvmlite<0.50,>=0.49.0dev0 in ./venv/lib/python3.10/site-packages (from numba>=0.51.0->librosa->-r requirements.txt (line 5)) (0.49.0)
Requirement already satisfied: platformdirs>=2.5.0 in ./venv/lib/python3.10/site-packages (from pooch>=1.1->librosa->-r requirements.txt (line 5)) (4.11.3)
Requirement already satisfied: requests>=2.19.0 in ./venv/lib/python3.10/site-packages (from pooch>=1.1->librosa->-r requirements.txt (line 5)) (2.34.2)
Requirement already satisfied: charset_normalizer<4,>=2 in ./venv/lib/python3.10/site-packages (from requests>=2.19.0->pooch>=1.1->librosa->-r requirements.txt (line 5)) (3.5.0)
Requirement already satisfied: idna<4,>=2.5 in ./venv/lib/python3.10/site-packages (from requests>=2.19.0->pooch>=1.1->librosa->-r requirements.txt (line 5)) (3.18)
Requirement already satisfied: urllib3<3,>=1.26 in ./venv/lib/python3.10/site-packages (from requests>=2.19.0->pooch>=1.1->librosa->-r requirements.txt (line 5)) (2.7.0)
Requirement already satisfied: certifi>=2023.5.7 in ./venv/lib/python3.10/site-packages (from requests>=2.19.0->pooch>=1.1->librosa->-r requirements.txt (line 5)) (2026.7.22)
Requirement already satisfied: threadpoolctl>=3.1.0 in ./venv/lib/python3.10/site-packages (from scikit-learn>=1.1.0->librosa->-r requirements.txt (line 5)) (3.6.0)
[env] 记录环境信息
==========================================
[env] 虚拟环境创建完成: aratako-miocodec-25hz-44-1khz-v2
[env] 环境信息已写入: env_info.txt
==========================================
