==========================================
[env] 开始创建虚拟环境: prior-labs-tabpfn-v2-reg
==========================================
[env] PyPI 镜像源: https://pypi.mirrors.ustc.edu.cn/simple
[env] 虚拟环境已存在，跳过创建。如需重建请先删除 venv/
Looking in indexes: https://pypi.mirrors.ustc.edu.cn/simple
Requirement already satisfied: pip in ./venv/lib/python3.10/site-packages (26.2.1)
[env] 安装 requirements.txt 模型特有依赖
Looking in indexes: https://pypi.mirrors.ustc.edu.cn/simple
Requirement already satisfied: tabpfn in ./venv/lib/python3.10/site-packages (from -r requirements.txt (line 4)) (8.3.0)
Requirement already satisfied: torch>=2.5 in ./venv/lib/python3.10/site-packages (from tabpfn->-r requirements.txt (line 4)) (2.13.0)
Requirement already satisfied: safetensors>=0.4.0 in ./venv/lib/python3.10/site-packages (from tabpfn->-r requirements.txt (line 4)) (0.8.0)
Requirement already satisfied: numpy>=1.21.6 in ./venv/lib/python3.10/site-packages (from tabpfn->-r requirements.txt (line 4)) (2.2.6)
Requirement already satisfied: scikit-learn>=1.2.0 in ./venv/lib/python3.10/site-packages (from tabpfn->-r requirements.txt (line 4)) (1.7.2)
Requirement already satisfied: typing_extensions>=4.12.0 in ./venv/lib/python3.10/site-packages (from tabpfn->-r requirements.txt (line 4)) (4.16.0)
Requirement already satisfied: scipy>=1.11.1 in ./venv/lib/python3.10/site-packages (from tabpfn->-r requirements.txt (line 4)) (1.15.3)
Requirement already satisfied: pandas>=1.4.0 in ./venv/lib/python3.10/site-packages (from tabpfn->-r requirements.txt (line 4)) (2.3.3)
Requirement already satisfied: einops>=0.4.0 in ./venv/lib/python3.10/site-packages (from tabpfn->-r requirements.txt (line 4)) (0.8.2)
Requirement already satisfied: huggingface-hub>=0.23.0 in ./venv/lib/python3.10/site-packages (from tabpfn->-r requirements.txt (line 4)) (1.27.0)
Requirement already satisfied: pydantic>=2.8.0 in ./venv/lib/python3.10/site-packages (from tabpfn->-r requirements.txt (line 4)) (2.13.4)
Requirement already satisfied: pydantic-settings>=2.10.1 in ./venv/lib/python3.10/site-packages (from tabpfn->-r requirements.txt (line 4)) (2.15.0)
Requirement already satisfied: joblib>=1.2.0 in ./venv/lib/python3.10/site-packages (from tabpfn->-r requirements.txt (line 4)) (1.5.3)
Requirement already satisfied: tqdm>=4.66.0 in ./venv/lib/python3.10/site-packages (from tabpfn->-r requirements.txt (line 4)) (4.70.0)
Requirement already satisfied: filelock>=3.11.0 in ./venv/lib/python3.10/site-packages (from tabpfn->-r requirements.txt (line 4)) (3.32.3)
Requirement already satisfied: lightgbm>=4.4 in ./venv/lib/python3.10/site-packages (from tabpfn->-r requirements.txt (line 4)) (4.7.0)
Requirement already satisfied: click<9.0.0,>=8.4.2 in ./venv/lib/python3.10/site-packages (from huggingface-hub>=0.23.0->tabpfn->-r requirements.txt (line 4)) (8.4.2)
Requirement already satisfied: fsspec>=2023.5.0 in ./venv/lib/python3.10/site-packages (from huggingface-hub>=0.23.0->tabpfn->-r requirements.txt (line 4)) (2026.7.0)
Requirement already satisfied: hf-xet<2.0.0,>=1.5.2 in ./venv/lib/python3.10/site-packages (from huggingface-hub>=0.23.0->tabpfn->-r requirements.txt (line 4)) (1.6.0)
Requirement already satisfied: httpx<1,>=0.23.0 in ./venv/lib/python3.10/site-packages (from huggingface-hub>=0.23.0->tabpfn->-r requirements.txt (line 4)) (0.28.1)
Requirement already satisfied: packaging>=20.9 in ./venv/lib/python3.10/site-packages (from huggingface-hub>=0.23.0->tabpfn->-r requirements.txt (line 4)) (26.3)
Requirement already satisfied: pyyaml>=5.1 in ./venv/lib/python3.10/site-packages (from huggingface-hub>=0.23.0->tabpfn->-r requirements.txt (line 4)) (6.0.3)
Requirement already satisfied: anyio in ./venv/lib/python3.10/site-packages (from httpx<1,>=0.23.0->huggingface-hub>=0.23.0->tabpfn->-r requirements.txt (line 4)) (4.14.2)
Requirement already satisfied: certifi in ./venv/lib/python3.10/site-packages (from httpx<1,>=0.23.0->huggingface-hub>=0.23.0->tabpfn->-r requirements.txt (line 4)) (2026.7.22)
Requirement already satisfied: httpcore==1.* in ./venv/lib/python3.10/site-packages (from httpx<1,>=0.23.0->huggingface-hub>=0.23.0->tabpfn->-r requirements.txt (line 4)) (1.0.9)
Requirement already satisfied: idna in ./venv/lib/python3.10/site-packages (from httpx<1,>=0.23.0->huggingface-hub>=0.23.0->tabpfn->-r requirements.txt (line 4)) (3.18)
Requirement already satisfied: h11>=0.16 in ./venv/lib/python3.10/site-packages (from httpcore==1.*->httpx<1,>=0.23.0->huggingface-hub>=0.23.0->tabpfn->-r requirements.txt (line 4)) (0.16.0)
Requirement already satisfied: narwhals>=1.15 in ./venv/lib/python3.10/site-packages (from lightgbm>=4.4->tabpfn->-r requirements.txt (line 4)) (2.24.0)
Requirement already satisfied: python-dateutil>=2.8.2 in ./venv/lib/python3.10/site-packages (from pandas>=1.4.0->tabpfn->-r requirements.txt (line 4)) (2.9.0.post0)
Requirement already satisfied: pytz>=2020.1 in ./venv/lib/python3.10/site-packages (from pandas>=1.4.0->tabpfn->-r requirements.txt (line 4)) (2026.3.post1)
Requirement already satisfied: tzdata>=2022.7 in ./venv/lib/python3.10/site-packages (from pandas>=1.4.0->tabpfn->-r requirements.txt (line 4)) (2026.3)
Requirement already satisfied: annotated-types>=0.6.0 in ./venv/lib/python3.10/site-packages (from pydantic>=2.8.0->tabpfn->-r requirements.txt (line 4)) (0.8.0)
Requirement already satisfied: pydantic-core==2.46.4 in ./venv/lib/python3.10/site-packages (from pydantic>=2.8.0->tabpfn->-r requirements.txt (line 4)) (2.46.4)
Requirement already satisfied: typing-inspection>=0.4.2 in ./venv/lib/python3.10/site-packages (from pydantic>=2.8.0->tabpfn->-r requirements.txt (line 4)) (0.4.4)
Requirement already satisfied: python-dotenv>=0.21.0 in ./venv/lib/python3.10/site-packages (from pydantic-settings>=2.10.1->tabpfn->-r requirements.txt (line 4)) (1.2.2)
Requirement already satisfied: six>=1.5 in ./venv/lib/python3.10/site-packages (from python-dateutil>=2.8.2->pandas>=1.4.0->tabpfn->-r requirements.txt (line 4)) (1.17.0)
Requirement already satisfied: threadpoolctl>=3.1.0 in ./venv/lib/python3.10/site-packages (from scikit-learn>=1.2.0->tabpfn->-r requirements.txt (line 4)) (3.6.0)
Requirement already satisfied: setuptools>=77.0.3 in ./venv/lib/python3.10/site-packages (from torch>=2.5->tabpfn->-r requirements.txt (line 4)) (84.0.0)
Requirement already satisfied: sympy>=1.13.3 in ./venv/lib/python3.10/site-packages (from torch>=2.5->tabpfn->-r requirements.txt (line 4)) (1.14.0)
Requirement already satisfied: networkx>=2.5.1 in ./venv/lib/python3.10/site-packages (from torch>=2.5->tabpfn->-r requirements.txt (line 4)) (3.4.2)
Requirement already satisfied: jinja2 in ./venv/lib/python3.10/site-packages (from torch>=2.5->tabpfn->-r requirements.txt (line 4)) (3.1.6)
Requirement already satisfied: cuda-toolkit==13.0.3 in ./venv/lib/python3.10/site-packages (from cuda-toolkit[cublas,cudart,cufft,cufile,cupti,curand,cusolver,cusparse,nvjitlink,nvrtc,nvtx]==13.0.3; platform_system == "Linux"->torch>=2.5->tabpfn->-r requirements.txt (line 4)) (13.0.3.0)
Requirement already satisfied: cuda-bindings<14,>=13.0.3 in ./venv/lib/python3.10/site-packages (from torch>=2.5->tabpfn->-r requirements.txt (line 4)) (13.3.1)
Requirement already satisfied: nvidia-cudnn-cu13==9.20.0.48 in ./venv/lib/python3.10/site-packages (from torch>=2.5->tabpfn->-r requirements.txt (line 4)) (9.20.0.48)
Requirement already satisfied: nvidia-cusparselt-cu13==0.8.1 in ./venv/lib/python3.10/site-packages (from torch>=2.5->tabpfn->-r requirements.txt (line 4)) (0.8.1)
Requirement already satisfied: nvidia-nccl-cu13==2.29.7 in ./venv/lib/python3.10/site-packages (from torch>=2.5->tabpfn->-r requirements.txt (line 4)) (2.29.7)
Requirement already satisfied: nvidia-nvshmem-cu13==3.4.5 in ./venv/lib/python3.10/site-packages (from torch>=2.5->tabpfn->-r requirements.txt (line 4)) (3.4.5)
Requirement already satisfied: triton==3.7.1 in ./venv/lib/python3.10/site-packages (from torch>=2.5->tabpfn->-r requirements.txt (line 4)) (3.7.1)
Requirement already satisfied: nvidia-curand==10.4.0.35.* in ./venv/lib/python3.10/site-packages (from cuda-toolkit[cublas,cudart,cufft,cufile,cupti,curand,cusolver,cusparse,nvjitlink,nvrtc,nvtx]==13.0.3; platform_system == "Linux"->torch>=2.5->tabpfn->-r requirements.txt (line 4)) (10.4.0.35)
Requirement already satisfied: nvidia-nvtx==13.0.85.* in ./venv/lib/python3.10/site-packages (from cuda-toolkit[cublas,cudart,cufft,cufile,cupti,curand,cusolver,cusparse,nvjitlink,nvrtc,nvtx]==13.0.3; platform_system == "Linux"->torch>=2.5->tabpfn->-r requirements.txt (line 4)) (13.0.85)
Requirement already satisfied: nvidia-cuda-cupti==13.0.85.* in ./venv/lib/python3.10/site-packages (from cuda-toolkit[cublas,cudart,cufft,cufile,cupti,curand,cusolver,cusparse,nvjitlink,nvrtc,nvtx]==13.0.3; platform_system == "Linux"->torch>=2.5->tabpfn->-r requirements.txt (line 4)) (13.0.85)
Requirement already satisfied: nvidia-cublas==13.1.1.3.* in ./venv/lib/python3.10/site-packages (from cuda-toolkit[cublas,cudart,cufft,cufile,cupti,curand,cusolver,cusparse,nvjitlink,nvrtc,nvtx]==13.0.3; platform_system == "Linux"->torch>=2.5->tabpfn->-r requirements.txt (line 4)) (13.1.1.3)
Requirement already satisfied: nvidia-cuda-nvrtc==13.0.88.* in ./venv/lib/python3.10/site-packages (from cuda-toolkit[cublas,cudart,cufft,cufile,cupti,curand,cusolver,cusparse,nvjitlink,nvrtc,nvtx]==13.0.3; platform_system == "Linux"->torch>=2.5->tabpfn->-r requirements.txt (line 4)) (13.0.88)
Requirement already satisfied: nvidia-cufile==1.15.1.6.* in ./venv/lib/python3.10/site-packages (from cuda-toolkit[cublas,cudart,cufft,cufile,cupti,curand,cusolver,cusparse,nvjitlink,nvrtc,nvtx]==13.0.3; platform_system == "Linux"->torch>=2.5->tabpfn->-r requirements.txt (line 4)) (1.15.1.6)
Requirement already satisfied: nvidia-cusolver==12.0.4.66.* in ./venv/lib/python3.10/site-packages (from cuda-toolkit[cublas,cudart,cufft,cufile,cupti,curand,cusolver,cusparse,nvjitlink,nvrtc,nvtx]==13.0.3; platform_system == "Linux"->torch>=2.5->tabpfn->-r requirements.txt (line 4)) (12.0.4.66)
Requirement already satisfied: nvidia-cusparse==12.6.3.3.* in ./venv/lib/python3.10/site-packages (from cuda-toolkit[cublas,cudart,cufft,cufile,cupti,curand,cusolver,cusparse,nvjitlink,nvrtc,nvtx]==13.0.3; platform_system == "Linux"->torch>=2.5->tabpfn->-r requirements.txt (line 4)) (12.6.3.3)
Requirement already satisfied: nvidia-nvjitlink<14,>=13.0.88 in ./venv/lib/python3.10/site-packages (from cuda-toolkit[cublas,cudart,cufft,cufile,cupti,curand,cusolver,cusparse,nvjitlink,nvrtc,nvtx]==13.0.3; platform_system == "Linux"->torch>=2.5->tabpfn->-r requirements.txt (line 4)) (13.3.33)
Requirement already satisfied: nvidia-cufft==12.0.0.61.* in ./venv/lib/python3.10/site-packages (from cuda-toolkit[cublas,cudart,cufft,cufile,cupti,curand,cusolver,cusparse,nvjitlink,nvrtc,nvtx]==13.0.3; platform_system == "Linux"->torch>=2.5->tabpfn->-r requirements.txt (line 4)) (12.0.0.61)
Requirement already satisfied: nvidia-cuda-runtime==13.0.96.* in ./venv/lib/python3.10/site-packages (from cuda-toolkit[cublas,cudart,cufft,cufile,cupti,curand,cusolver,cusparse,nvjitlink,nvrtc,nvtx]==13.0.3; platform_system == "Linux"->torch>=2.5->tabpfn->-r requirements.txt (line 4)) (13.0.96)
Requirement already satisfied: cuda-pathfinder>=1.4.2 in ./venv/lib/python3.10/site-packages (from cuda-bindings<14,>=13.0.3->torch>=2.5->tabpfn->-r requirements.txt (line 4)) (1.6.0)
Requirement already satisfied: mpmath<1.4,>=1.1.0 in ./venv/lib/python3.10/site-packages (from sympy>=1.13.3->torch>=2.5->tabpfn->-r requirements.txt (line 4)) (1.3.0)
Requirement already satisfied: exceptiongroup>=1.0.2 in ./venv/lib/python3.10/site-packages (from anyio->httpx<1,>=0.23.0->huggingface-hub>=0.23.0->tabpfn->-r requirements.txt (line 4)) (1.3.1)
Requirement already satisfied: MarkupSafe>=2.0 in ./venv/lib/python3.10/site-packages (from jinja2->torch>=2.5->tabpfn->-r requirements.txt (line 4)) (3.0.3)
[env] 记录环境信息
==========================================
[env] 虚拟环境创建完成: prior-labs-tabpfn-v2-reg
[env] 环境信息已写入: env_info.txt
==========================================
